Component: ARM Compiler 5.06 update 6 (build 750) Tool: armlink [4d35ed]

==============================================================================

Section Cross References

    can1.o(.text) refers to stm32f4xx_rcc.o(.text) for RCC_APB1PeriphClockCmd
    can1.o(.text) refers to stm32f4xx_gpio.o(.text) for GPIO_PinAFConfig
    can1.o(.text) refers to misc.o(.text) for NVIC_Init
    can1.o(.text) refers to stm32f4xx_can.o(.text) for CAN_DeInit
    can1.o(.text) refers to dflti.o(.text) for __aeabi_i2d
    can1.o(.text) refers to dmul.o(.text) for __aeabi_dmul
    can1.o(.text) refers to d2f.o(.text) for __aeabi_d2f
    can1.o(.text) refers to f2d.o(.text) for __aeabi_f2d
    can1.o(.text) refers to sin.o(i.__hardfp_sin) for __hardfp_sin
    can1.o(.text) refers to cos.o(i.__hardfp_cos) for __hardfp_cos
    can1.o(.text) refers to dadd.o(.text) for __aeabi_dadd
    can1.o(.text) refers to param.o(.bss) for gyroscope
    can1.o(.text) refers to run.o(.bss) for position_now
    can1.o(.text) refers to sqrt.o(i.__hardfp_sqrt) for __hardfp_sqrt
    can2.o(.text) refers to stm32f4xx_rcc.o(.text) for RCC_APB1PeriphClockCmd
    can2.o(.text) refers to stm32f4xx_gpio.o(.text) for GPIO_PinAFConfig
    can2.o(.text) refers to misc.o(.text) for NVIC_Init
    can2.o(.text) refers to stm32f4xx_can.o(.text) for CAN_DeInit
    can2.o(.text) refers to os_flag.o(.text) for OSFlagPost
    can2.o(.text) refers to f2d.o(.text) for __aeabi_f2d
    can2.o(.text) refers to siabs.o(.text) for abs
    can2.o(.text) refers to param.o(.text) for EncodeFloatData
    can2.o(.text) refers to param.o(.bss) for Detect_Flag
    can2.o(.text) refers to param.o(.data) for Err_MotorDetect
    can2.o(.text) refers to can2.o(.data) for Registration
    main.o(.text) refers to os_time.o(.text) for OSTimeDly
    main.o(.text) refers to lcd.o(.text) for UsartLCDshow
    main.o(.text) refers to run.o(.text) for RunPoint
    main.o(.text) refers to os_cpu_c.o(.text) for OS_CPU_SysTickInit
    main.o(.text) refers to tim3.o(.text) for TIM3_Configuration
    main.o(.text) refers to os_flag.o(.text) for OSFlagCreate
    main.o(.text) refers to param.o(.text) for ParaInit
    main.o(.text) refers to os_task.o(.text) for OSTaskCreate
    main.o(.text) refers to led8.o(.text) for Led8DisData
    main.o(.text) refers to pid.o(.text) for Pid_Act
    main.o(.text) refers to system_stm32f4xx.o(.text) for SystemInit
    main.o(.text) refers to led.o(.text) for LED_Configuration
    main.o(.text) refers to beep.o(.text) for Beep_Configuration
    main.o(.text) refers to key.o(.text) for KEY_Configuration
    main.o(.text) refers to can1.o(.text) for CAN1_Configuration
    main.o(.text) refers to can2.o(.text) for CAN2_Configuration
    main.o(.text) refers to queue.o(.text) for Can_SendqueueInit
    main.o(.text) refers to usart1.o(.text) for USART1_Configuration
    main.o(.text) refers to usart2.o(.text) for USART2_Configuration
    main.o(.text) refers to usart3.o(.text) for USART3_Configuration
    main.o(.text) refers to usart4.o(.text) for USART4_Configuration
    main.o(.text) refers to usart5.o(.text) for USART5_Configuration
    main.o(.text) refers to cancontrolist.o(.text) for InitCANControlList
    main.o(.text) refers to os_core.o(.text) for OSInit
    main.o(.text) refers to param.o(.bss) for FlagPara
    main.o(.text) refers to main.o(.data) for time
    main.o(.text) refers to param.o(.data) for beep
    main.o(.text) refers to main.o(.bss) for task_run_stk
    param.o(.text) refers to param.o(.data) for motor
    param.o(.text) refers to param.o(.bss) for chassis
    param.o(.data) refers to param.o(.bss) for Detect_Flag
    param.o(.data) refers to motor.o(.text) for Elmo_Query_Position
    tim3.o(.text) refers to stm32f4xx_rcc.o(.text) for RCC_APB1PeriphClockCmd
    tim3.o(.text) refers to misc.o(.text) for NVIC_Init
    tim3.o(.text) refers to stm32f4xx_tim.o(.text) for TIM_TimeBaseInit
    tim3.o(.text) refers to queue.o(.text) for Detect
    tim3.o(.text) refers to param.o(.bss) for run_time
    usart1.o(.text) refers to stm32f4xx_rcc.o(.text) for RCC_AHB1PeriphClockCmd
    usart1.o(.text) refers to stm32f4xx_gpio.o(.text) for GPIO_PinAFConfig
    usart1.o(.text) refers to stm32f4xx_usart.o(.text) for USART_Init
    usart1.o(.text) refers to stm32f4xx_dma.o(.text) for DMA_DeInit
    usart1.o(.text) refers to misc.o(.text) for NVIC_Init
    usart1.o(.text) refers to memcpya.o(.text) for __aeabi_memcpy
    usart1.o(.text) refers to usart1.o(.bss) for aTxBuffer_UART1
    usart1.o(.text) refers to param.o(.bss) for FlagPara
    usart1.o(.text) refers to usart1.o(.data) for USART1_RX_STA
    usart2.o(.text) refers to stm32f4xx_rcc.o(.text) for RCC_AHB1PeriphClockCmd
    usart2.o(.text) refers to stm32f4xx_gpio.o(.text) for GPIO_PinAFConfig
    usart2.o(.text) refers to stm32f4xx_usart.o(.text) for USART_Init
    usart2.o(.text) refers to misc.o(.text) for NVIC_Init
    usart2.o(.text) refers to stm32f4xx_dma.o(.text) for DMA_DeInit
[...]
    STACK                                    0x20008c80   Section     1024  startup_stm32f4xx.o(STACK)

    Global Symbols

    Symbol Name                              Value     Ov Type        Size  Object(Section)

    BuildAttributes$$THM_ISAv4$E$P$D$K$B$S$7EM$VFPi3$EXTD16$VFPS$VFMA$PE$A:L22UL41UL21$X:L11$S22US41US21$IEEE1$IW$USESV6$~STKCKD$USESV7$~SHL$OTIME$ROPI$IEEEX$EBA8$MICROLIB$REQ8$PRES8$EABIv2 0x00000000   Number         0  anon$$obj.o ABSOLUTE
    __ARM_use_no_argv                        0x00000000   Number         0  main.o ABSOLUTE
    _printf_a                                0x00000000   Number         0  stubs.o ABSOLUTE
    _printf_c                                0x00000000   Number         0  stubs.o ABSOLUTE
    _printf_charcount                        0x00000000   Number         0  stubs.o ABSOLUTE
    _printf_d                                0x00000000   Number         0  stubs.o ABSOLUTE
    _printf_e                                0x00000000   Number         0  stubs.o ABSOLUTE
    _printf_f                                0x00000000   Number         0  stubs.o ABSOLUTE
    _printf_flags                            0x00000000   Number         0  stubs.o ABSOLUTE
    _printf_fp_dec                           0x00000000   Number         0  stubs.o ABSOLUTE
    _printf_fp_hex                           0x00000000   Number         0  stubs.o ABSOLUTE
    _printf_g                                0x00000000   Number         0  stubs.o ABSOLUTE
    _printf_i                                0x00000000   Number         0  stubs.o ABSOLUTE
    _printf_int_dec                          0x00000000   Number         0  stubs.o ABSOLUTE
    _printf_l                                0x00000000   Number         0  stubs.o ABSOLUTE
    _printf_lc                               0x00000000   Number         0  stubs.o ABSOLUTE
    _printf_ll                               0x00000000   Number         0  stubs.o ABSOLUTE
    _printf_lld                              0x00000000   Number         0  stubs.o ABSOLUTE
    _printf_lli                              0x00000000   Number         0  stubs.o ABSOLUTE
    _printf_llo                              0x00000000   Number         0  stubs.o ABSOLUTE
    _printf_llu                              0x00000000   Number         0  stubs.o ABSOLUTE
    _printf_llx                              0x00000000   Number         0  stubs.o ABSOLUTE
    _printf_longlong_dec                     0x00000000   Number         0  stubs.o ABSOLUTE
    _printf_longlong_hex                     0x00000000   Number         0  stubs.o ABSOLUTE
    _printf_longlong_oct                     0x00000000   Number         0  stubs.o ABSOLUTE
    _printf_ls                               0x00000000   Number         0  stubs.o ABSOLUTE
    _printf_mbtowc                           0x00000000   Number         0  stubs.o ABSOLUTE
    _printf_n                                0x00000000   Number         0  stubs.o ABSOLUTE
    _printf_o                                0x00000000   Number         0  stubs.o ABSOLUTE
    _printf_p                                0x00000000   Number         0  stubs.o ABSOLUTE
    _printf_percent                          0x00000000   Number         0  stubs.o ABSOLUTE
    _printf_pre_padding                      0x00000000   Number         0  stubs.o ABSOLUTE
    _printf_return_value                     0x00000000   Number         0  stubs.o ABSOLUTE
    _printf_s                                0x00000000   Number         0  stubs.o ABSOLUTE
    _printf_sizespec                         0x00000000   Number         0  stubs.o ABSOLUTE
    _printf_str                              0x00000000   Number         0  stubs.o ABSOLUTE
    _printf_truncate_signed                  0x00000000   Number         0  stubs.o ABSOLUTE
    _printf_truncate_unsigned                0x00000000   Number         0  stubs.o ABSOLUTE
    _printf_u                                0x00000000   Number         0  stubs.o ABSOLUTE
    _printf_wc                               0x00000000   Number         0  stubs.o ABSOLUTE
    _printf_wctomb                           0x00000000   Number         0  stubs.o ABSOLUTE
    _printf_widthprec                        0x00000000   Number         0  stubs.o ABSOLUTE
    _printf_x                                0x00000000   Number         0  stubs.o ABSOLUTE
    __cpp_initialize__aeabi_                  - Undefined Weak Reference
    __cxa_finalize                            - Undefined Weak Reference
    _clock_init                               - Undefined Weak Reference
    _microlib_exit                            - Undefined Weak Reference
    __Vectors_Size                           0x00000188   Number         0  startup_stm32f4xx.o ABSOLUTE
    __Vectors                                0x08000000   Data           4  startup_stm32f4xx.o(RESET)
    __Vectors_End                            0x08000188   Data           0  startup_stm32f4xx.o(RESET)
    __main                                   0x08000189   Thumb Code     0  entry.o(.ARM.Collect$$$$00000000)
    _main_stk                                0x08000189   Thumb Code     0  entry2.o(.ARM.Collect$$$$00000001)
    _main_scatterload                        0x0800018d   Thumb Code     0  entry5.o(.ARM.Collect$$$$00000004)
    __main_after_scatterload                 0x08000191   Thumb Code     0  entry5.o(.ARM.Collect$$$$00000004)
    _main_clock                              0x08000191   Thumb Code     0  entry7b.o(.ARM.Collect$$$$00000008)
    _main_cpp_init                           0x08000191   Thumb Code     0  entry8b.o(.ARM.Collect$$$$0000000A)
    _main_init                               0x08000191   Thumb Code     0  entry9a.o(.ARM.Collect$$$$0000000B)
    __rt_final_cpp                           0x08000199   Thumb Code     0  entry10a.o(.ARM.Collect$$$$0000000D)
    __rt_final_exit                          0x08000199   Thumb Code     0  entry11a.o(.ARM.Collect$$$$0000000F)
    CAN1_Configuration                       0x0800019d   Thumb Code   234  can1.o(.text)
    CAN1_RX0_IRQHandler                      0x08000287   Thumb Code   922  can1.o(.text)
    gyroscopes_whu                           0x08000621   Thumb Code   210  can1.o(.text)
    CAN2_Configuration                       0x08000701   Thumb Code   442  can2.o(.text)
    Check                                    0x080008bb   Thumb Code   268  can2.o(.text)
    CAN2_RX0_IRQHandler                      0x080009c7   Thumb Code   594  can2.o(.text)
    main                                     0x08000f85   Thumb Code   126  main.o(.text)
    Trigger                                  0x08001003   Thumb Code   204  main.o(.text)
    Emergency                                0x080010cf   Thumb Code    12  main.o(.text)
    ParaInit                                 0x080010e9   Thumb Code   144  param.o(.text)
    EncodeFloatData                          0x08001179   Thumb Code    30  param.o(.text)
    DncodeFloatData                          0x08001197   Thumb Code    34  param.o(.text)
    TIM3_Configuration                       0x080011e5   Thumb Code   102  tim3.o(.text)
    TIM3_IRQHandler                          0x0800124b   Thumb Code    84  tim3.o(.text)
    USART1_Configuration                     0x080012b5   Thumb Code   272  usart1.o(.text)
    USART1_sendData                          0x080013c5   Thumb Code    46  usart1.o(.text)
    DMA2_Stream7_IRQHandler                  0x080013f3   Thumb Code    38  usart1.o(.text)
    USART1_IRQHandler                        0x08001419   Thumb Code   156  usart1.o(.text)
    USART2_Configuration                     0x080014d5   Thumb Code   310  usart2.o(.text)
    DMA1_Stream6_IRQHandler                  0x0800160b   Thumb Code    38  usart2.o(.text)
    USART2_IRQHandler                        0x08001631   Thumb Code   582  usart2.o(.text)
    USART3_Configuration                     0x080018a1   Thumb Code   316  usart3.o(.text)
    DMA1_Stream3_IRQHandler                  0x080019dd   Thumb Code    32  usart3.o(.text)
    USART3_IRQHandler                        0x080019fd   Thumb Code   272  usart3.o(.text)
    USART4_Configuration                     0x08001b29   Thumb Code   312  usart4.o(.text)
    USART4_sendData                          0x08001c61   Thumb Code    46  usart4.o(.text)
    UART4_IRQHandler                         0x08001c8f   Thumb Code   192  usart4.o(.text)
    DMA1_Stream4_IRQHandler                  0x08001d4f   Thumb Code    38  usart4.o(.text)
    USART5_Configuration                     0x08001d99   Thumb Code   342  usart5.o(.text)
    UART5_IRQHandler                         0x08001eef   Thumb Code   202  usart5.o(.text)
    DMA1_Stream7_IRQHandler                  0x08001fb9   Thumb Code    38  usart5.o(.text)
    USART5_sendData                          0x08001fdf   Thumb Code    46  usart5.o(.text)
    Communication_With_TR                    0x0800200d   Thumb Code     2  usart5.o(.text)
    UsartLCDshow                             0x08002039   Thumb Code  3288  lcd.o(.text)
    InitCANControlList                       0x08002d25   Thumb Code    92  cancontrolist.o(.text)
    CANMesgControlList                       0x08002d81   Thumb Code   314  cancontrolist.o(.text)
    PidInit                                  0x08002ec1   Thumb Code    66  pid.o(.text)
    PidLockAngle                             0x08002f03   Thumb Code   350  pid.o(.text)
    PidRunPoint                              0x08003061   Thumb Code   766  pid.o(.text)
    PidLockPoint                             0x0800335f   Thumb Code  1486  pid.o(.text)
    Pid_Act                                  0x0800392d   Thumb Code    98  pid.o(.text)
    RunPoint                                 0x080039b5   Thumb Code  1168  run.o(.text)
    calculate_wheel_speed                    0x08003e99   Thumb Code   268  run.o(.text)
    SetChassisVelocity                       0x08003fa5   Thumb Code   228  run.o(.text)
    Rotate                                   0x08004089   Thumb Code   306  run.o(.text)
    RunPointSpeedUp                          0x080041bb   Thumb Code   450  run.o(.text)
    RunPointSpeedDown                        0x0800437d   Thumb Code   968  run.o(.text)
    RunPointRotate                           0x08004745   Thumb Code   430  run.o(.text)
    SetPointSpeedBase                        0x080048f3   Thumb Code   202  run.o(.text)
    QuadrantIs                               0x080049bd   Thumb Code   258  run.o(.text)
    Can_SendqueueInit                        0x08004ac5   Thumb Code    34  queue.o(.text)
    CAN_DeQueue                              0x08004ae7   Thumb Code   420  queue.o(.text)
    Detect                                   0x08004c8b   Thumb Code   128  queue.o(.text)
    Elmo_Ele                                 0x08004d39   Thumb Code   134  motor.o(.text)
    Commend                                  0x08004dbf   Thumb Code   196  motor.o(.text)
    Query                                    0x08004e83   Thumb Code   160  motor.o(.text)
    Elmo_Enable                              0x08004f23   Thumb Code    32  motor.o(.text)
    Elmo_MODE_Select                         0x08004f43   Thumb Code    32  motor.o(.text)
    Elmo_Reset_position                      0x08004f63   Thumb Code    32  motor.o(.text)
    Elmo_PTP_speed                           0x08004f83   Thumb Code    32  motor.o(.text)
    Elmo_PTP_position                        0x08004fa3   Thumb Code    32  motor.o(.text)
    Elmo_Begin                               0x08004fc3   Thumb Code    20  motor.o(.text)
    Elmo_Stop                                0x08004fd7   Thumb Code    20  motor.o(.text)
    Elmo_Query_Position                      0x08004feb   Thumb Code    20  motor.o(.text)
    Solenoid_Valve                           0x08004fff   Thumb Code   210  motor.o(.text)
    ENABLE_ALL_MOTOR                         0x080050d1   Thumb Code    22  motor.o(.text)
    Elmo_C_Speed                             0x080050e7   Thumb Code    32  motor.o(.text)
    Delay_ms                                 0x08005115   Thumb Code    28  delay.o(.text)
    Delay_us                                 0x08005131   Thumb Code    26  delay.o(.text)
    Delay                                    0x0800514b   Thumb Code    14  delay.o(.text)
    LED_Configuration                        0x08005159   Thumb Code    66  led.o(.text)
    Led8_Configuration                       0x080051a1   Thumb Code    64  led8.o(.text)
    Led8DisData                              0x080051e1   Thumb Code    78  led8.o(.text)
    NMI_Handler                              0x08005239   Thumb Code     2  stm32f4xx_it.o(.text)
    HardFault_Handler                        0x0800523b   Thumb Code    18  stm32f4xx_it.o(.text)
    MemManage_Handler                        0x0800524d   Thumb Code     4  stm32f4xx_it.o(.text)
    BusFault_Handler                         0x08005251   Thumb Code     4  stm32f4xx_it.o(.text)
    UsageFault_Handler                       0x08005255   Thumb Code     4  stm32f4xx_it.o(.text)
    SVC_Handler                              0x08005259   Thumb Code     2  stm32f4xx_it.o(.text)
    DebugMon_Handler                         0x0800525b   Thumb Code     2  stm32f4xx_it.o(.text)
    Beep_Configuration                       0x0800525d   Thumb Code    52  beep.o(.text)
    KEY_Configuration                        0x08005295   Thumb Code   352  key.o(.text)
    Check_Matrixkey                          0x080053f5   Thumb Code   422  key.o(.text)
    Check_Dialkey                            0x0800559b   Thumb Code    40  key.o(.text)
    NVIC_PriorityGroupConfig                 0x080055d9   Thumb Code    10  misc.o(.text)
    NVIC_Init                                0x080055e3   Thumb Code   106  misc.o(.text)
    NVIC_SetVectorTable                      0x0800564d   Thumb Code    14  misc.o(.text)
    NVIC_SystemLPConfig                      0x0800565b   Thumb Code    34  misc.o(.text)
    SysTick_CLKSourceConfig                  0x0800567d   Thumb Code    40  misc.o(.text)
    CAN_DeInit                               0x080056b9   Thumb Code    50  stm32f4xx_can.o(.text)
    CAN_Init                                 0x080056eb   Thumb Code   276  stm32f4xx_can.o(.text)
    CAN_FilterInit                           0x080057ff   Thumb Code   258  stm32f4xx_can.o(.text)
    CAN_StructInit                           0x08005901   Thumb Code    32  stm32f4xx_can.o(.text)
    CAN_SlaveStartBank                       0x08005921   Thumb Code    48  stm32f4xx_can.o(.text)
    CAN_DBGFreeze                            0x08005951   Thumb Code    22  stm32f4xx_can.o(.text)
    CAN_TTComModeCmd                         0x08005967   Thumb Code   118  stm32f4xx_can.o(.text)
    CAN_Transmit                             0x080059dd   Thumb Code   304  stm32f4xx_can.o(.text)
    CAN_TransmitStatus                       0x08005b0d   Thumb Code   138  stm32f4xx_can.o(.text)
    CAN_CancelTransmit                       0x08005b97   Thumb Code    48  stm32f4xx_can.o(.text)
    CAN_Receive                              0x08005bc7   Thumb Code   240  stm32f4xx_can.o(.text)
    CAN_FIFORelease                          0x08005cb7   Thumb Code    22  stm32f4xx_can.o(.text)
    CAN_MessagePending                       0x08005ccd   Thumb Code    30  stm32f4xx_can.o(.text)
    CAN_OperatingModeRequest                 0x08005ceb   Thumb Code   162  stm32f4xx_can.o(.text)
    CAN_Sleep                                0x08005d8d   Thumb Code    30  stm32f4xx_can.o(.text)
    CAN_WakeUp                               0x08005dab   Thumb Code    48  stm32f4xx_can.o(.text)
    CAN_GetLastErrorCode                     0x08005ddb   Thumb Code    12  stm32f4xx_can.o(.text)
    CAN_GetReceiveErrorCounter               0x08005de7   Thumb Code    10  stm32f4xx_can.o(.text)
    CAN_GetLSBTransmitErrorCounter           0x08005df1   Thumb Code    12  stm32f4xx_can.o(.text)
    CAN_ITConfig                             0x08005dfd   Thumb Code    18  stm32f4xx_can.o(.text)
    CAN_GetFlagStatus                        0x08005e0f   Thumb Code   120  stm32f4xx_can.o(.text)
    CAN_ClearFlag                            0x08005e87   Thumb Code    52  stm32f4xx_can.o(.text)
    CAN_GetITStatus                          0x08005ecd   Thumb Code   310  stm32f4xx_can.o(.text)
    CAN_ClearITPendingBit                    0x08006003   Thumb Code   162  stm32f4xx_can.o(.text)
    DMA_DeInit                               0x080060a9   Thumb Code   324  stm32f4xx_dma.o(.text)
    DMA_Init                                 0x080061ed   Thumb Code    82  stm32f4xx_dma.o(.text)
    DMA_StructInit                           0x0800623f   Thumb Code    34  stm32f4xx_dma.o(.text)
    DMA_Cmd                                  0x08006261   Thumb Code    22  stm32f4xx_dma.o(.text)
    DMA_PeriphIncOffsetSizeConfig            0x08006277   Thumb Code    22  stm32f4xx_dma.o(.text)
    DMA_FlowControllerConfig                 0x0800628d   Thumb Code    22  stm32f4xx_dma.o(.text)
    DMA_SetCurrDataCounter                   0x080062a3   Thumb Code     4  stm32f4xx_dma.o(.text)
    DMA_GetCurrDataCounter                   0x080062a7   Thumb Code     8  stm32f4xx_dma.o(.text)
    DMA_DoubleBufferModeConfig               0x080062af   Thumb Code    24  stm32f4xx_dma.o(.text)
    DMA_DoubleBufferModeCmd                  0x080062c7   Thumb Code    22  stm32f4xx_dma.o(.text)
    DMA_MemoryTargetConfig                   0x080062dd   Thumb Code    10  stm32f4xx_dma.o(.text)
    DMA_GetCurrentMemoryTarget               0x080062e7   Thumb Code    20  stm32f4xx_dma.o(.text)
    DMA_GetCmdStatus                         0x080062fb   Thumb Code    20  stm32f4xx_dma.o(.text)
    DMA_GetFIFOStatus                        0x0800630f   Thumb Code    12  stm32f4xx_dma.o(.text)
    DMA_GetFlagStatus                        0x0800631b   Thumb Code    56  stm32f4xx_dma.o(.text)
    DMA_ClearFlag                            0x08006353   Thumb Code    40  stm32f4xx_dma.o(.text)
    DMA_ITConfig                             0x0800637b   Thumb Code    58  stm32f4xx_dma.o(.text)
    DMA_GetITStatus                          0x080063b5   Thumb Code    84  stm32f4xx_dma.o(.text)
    DMA_ClearITPendingBit                    0x08006409   Thumb Code    40  stm32f4xx_dma.o(.text)
    GPIO_DeInit                              0x08006451   Thumb Code   220  stm32f4xx_gpio.o(.text)
    GPIO_Init                                0x0800652d   Thumb Code   144  stm32f4xx_gpio.o(.text)
    GPIO_StructInit                          0x080065bd   Thumb Code    18  stm32f4xx_gpio.o(.text)
    GPIO_PinLockConfig                       0x080065cf   Thumb Code    34  stm32f4xx_gpio.o(.text)
    GPIO_ReadInputDataBit                    0x080065f1   Thumb Code    18  stm32f4xx_gpio.o(.text)
    GPIO_ReadInputData                       0x08006603   Thumb Code     8  stm32f4xx_gpio.o(.text)
    GPIO_ReadOutputDataBit                   0x0800660b   Thumb Code    18  stm32f4xx_gpio.o(.text)
    GPIO_ReadOutputData                      0x0800661d   Thumb Code     8  stm32f4xx_gpio.o(.text)
    GPIO_SetBits                             0x08006625   Thumb Code     4  stm32f4xx_gpio.o(.text)
    GPIO_ResetBits                           0x08006629   Thumb Code     4  stm32f4xx_gpio.o(.text)
    GPIO_WriteBit                            0x0800662d   Thumb Code    10  stm32f4xx_gpio.o(.text)
    GPIO_Write                               0x08006637   Thumb Code     4  stm32f4xx_gpio.o(.text)
    GPIO_ToggleBits                          0x0800663b   Thumb Code     8  stm32f4xx_gpio.o(.text)
    GPIO_PinAFConfig                         0x08006643   Thumb Code    70  stm32f4xx_gpio.o(.text)
    RCC_DeInit                               0x080066ad   Thumb Code    60  stm32f4xx_rcc.o(.text)
    RCC_HSEConfig                            0x080066e9   Thumb Code    14  stm32f4xx_rcc.o(.text)
    RCC_GetFlagStatus                        0x080066f7   Thumb Code    60  stm32f4xx_rcc.o(.text)
    RCC_WaitForHSEStartUp                    0x08006733   Thumb Code    56  stm32f4xx_rcc.o(.text)
    RCC_AdjustHSICalibrationValue            0x0800676b   Thumb Code    20  stm32f4xx_rcc.o(.text)
    RCC_HSICmd                               0x0800677f   Thumb Code     6  stm32f4xx_rcc.o(.text)
    RCC_LSEConfig                            0x08006785   Thumb Code    46  stm32f4xx_rcc.o(.text)
    RCC_LSICmd                               0x080067b3   Thumb Code     6  stm32f4xx_rcc.o(.text)
    RCC_PLLConfig                            0x080067b9   Thumb Code    32  stm32f4xx_rcc.o(.text)
    RCC_PLLCmd                               0x080067d9   Thumb Code     6  stm32f4xx_rcc.o(.text)
    RCC_PLLI2SConfig                         0x080067df   Thumb Code    14  stm32f4xx_rcc.o(.text)
    RCC_PLLI2SCmd                            0x080067ed   Thumb Code     6  stm32f4xx_rcc.o(.text)
    RCC_ClockSecuritySystemCmd               0x080067f3   Thumb Code     6  stm32f4xx_rcc.o(.text)
    RCC_MCO1Config                           0x080067f9   Thumb Code    28  stm32f4xx_rcc.o(.text)
    RCC_MCO2Config                           0x08006815   Thumb Code    28  stm32f4xx_rcc.o(.text)
    RCC_SYSCLKConfig                         0x08006831   Thumb Code    20  stm32f4xx_rcc.o(.text)
    RCC_GetSYSCLKSource                      0x08006845   Thumb Code    12  stm32f4xx_rcc.o(.text)
    RCC_HCLKConfig                           0x08006851   Thumb Code    20  stm32f4xx_rcc.o(.text)
    RCC_PCLK1Config                          0x08006865   Thumb Code    20  stm32f4xx_rcc.o(.text)
    RCC_PCLK2Config                          0x08006879   Thumb Code    22  stm32f4xx_rcc.o(.text)
    RCC_GetClocksFreq                        0x0800688f   Thumb Code   222  stm32f4xx_rcc.o(.text)
    RCC_RTCCLKConfig                         0x0800696d   Thumb Code    54  stm32f4xx_rcc.o(.text)
    RCC_RTCCLKCmd                            0x080069a3   Thumb Code     8  stm32f4xx_rcc.o(.text)
    RCC_BackupResetCmd                       0x080069ab   Thumb Code     8  stm32f4xx_rcc.o(.text)
    RCC_I2SCLKConfig                         0x080069b3   Thumb Code     6  stm32f4xx_rcc.o(.text)
    RCC_AHB1PeriphClockCmd                   0x080069b9   Thumb Code    34  stm32f4xx_rcc.o(.text)
    RCC_AHB2PeriphClockCmd                   0x080069db   Thumb Code    34  stm32f4xx_rcc.o(.text)
    RCC_AHB3PeriphClockCmd                   0x080069fd   Thumb Code    34  stm32f4xx_rcc.o(.text)
    RCC_APB1PeriphClockCmd                   0x08006a1f   Thumb Code    34  stm32f4xx_rcc.o(.text)
    RCC_APB2PeriphClockCmd                   0x08006a41   Thumb Code    34  stm32f4xx_rcc.o(.text)
    RCC_AHB1PeriphResetCmd                   0x08006a63   Thumb Code    34  stm32f4xx_rcc.o(.text)
    RCC_AHB2PeriphResetCmd                   0x08006a85   Thumb Code    72  stm32f4xx_rcc.o(.text)
    RCC_AHB3PeriphResetCmd                   0x08006acd   Thumb Code    34  stm32f4xx_rcc.o(.text)
    RCC_APB1PeriphResetCmd                   0x08006aef   Thumb Code    34  stm32f4xx_rcc.o(.text)
    RCC_APB2PeriphResetCmd                   0x08006b11   Thumb Code    34  stm32f4xx_rcc.o(.text)
    RCC_AHB1PeriphClockLPModeCmd             0x08006b33   Thumb Code    34  stm32f4xx_rcc.o(.text)
    RCC_AHB2PeriphClockLPModeCmd             0x08006b55   Thumb Code    34  stm32f4xx_rcc.o(.text)
    RCC_AHB3PeriphClockLPModeCmd             0x08006b77   Thumb Code    34  stm32f4xx_rcc.o(.text)
    RCC_APB1PeriphClockLPModeCmd             0x08006b99   Thumb Code    34  stm32f4xx_rcc.o(.text)
    RCC_APB2PeriphClockLPModeCmd             0x08006bbb   Thumb Code    34  stm32f4xx_rcc.o(.text)
    RCC_ITConfig                             0x08006bdd   Thumb Code    34  stm32f4xx_rcc.o(.text)
    RCC_ClearFlag                            0x08006bff   Thumb Code    18  stm32f4xx_rcc.o(.text)
    RCC_GetITStatus                          0x08006c11   Thumb Code    22  stm32f4xx_rcc.o(.text)
    RCC_ClearITPendingBit                    0x08006c27   Thumb Code     8  stm32f4xx_rcc.o(.text)
    TIM_DeInit                               0x08006c35   Thumb Code   346  stm32f4xx_tim.o(.text)
    TIM_TimeBaseInit                         0x08006d8f   Thumb Code   104  stm32f4xx_tim.o(.text)
    TIM_TimeBaseStructInit                   0x08006df7   Thumb Code    18  stm32f4xx_tim.o(.text)
    TIM_PrescalerConfig                      0x08006e09   Thumb Code     6  stm32f4xx_tim.o(.text)
    TIM_CounterModeConfig                    0x08006e0f   Thumb Code    18  stm32f4xx_tim.o(.text)
    TIM_SetCounter                           0x08006e21   Thumb Code     4  stm32f4xx_tim.o(.text)
    TIM_SetAutoreload                        0x08006e25   Thumb Code     4  stm32f4xx_tim.o(.text)
    TIM_GetCounter                           0x08006e29   Thumb Code     6  stm32f4xx_tim.o(.text)
    TIM_GetPrescaler                         0x08006e2f   Thumb Code     6  stm32f4xx_tim.o(.text)
    TIM_UpdateDisableConfig                  0x08006e35   Thumb Code    24  stm32f4xx_tim.o(.text)
    TIM_UpdateRequestConfig                  0x08006e4d   Thumb Code    24  stm32f4xx_tim.o(.text)
    TIM_ARRPreloadConfig                     0x08006e65   Thumb Code    24  stm32f4xx_tim.o(.text)
    TIM_SelectOnePulseMode                   0x08006e7d   Thumb Code    18  stm32f4xx_tim.o(.text)
    TIM_SetClockDivision                     0x08006e8f   Thumb Code    18  stm32f4xx_tim.o(.text)
    TIM_Cmd                                  0x08006ea1   Thumb Code    24  stm32f4xx_tim.o(.text)
    TIM_OC1Init                              0x08006eb9   Thumb Code   114  stm32f4xx_tim.o(.text)
    TIM_OC2Init                              0x08006f2b   Thumb Code   154  stm32f4xx_tim.o(.text)
    TIM_OC3Init                              0x08006fc5   Thumb Code   204  stm32f4xx_tim.o(.text)
    TIM_OC4Init                              0x08007091   Thumb Code   112  stm32f4xx_tim.o(.text)
    TIM_OCStructInit                         0x08007101   Thumb Code    20  stm32f4xx_tim.o(.text)
    TIM_SelectOCxM                           0x08007115   Thumb Code    86  stm32f4xx_tim.o(.text)
    TIM_SetCompare1                          0x0800716b   Thumb Code     4  stm32f4xx_tim.o(.text)
    TIM_SetCompare2                          0x0800716f   Thumb Code     4  stm32f4xx_tim.o(.text)
    TIM_SetCompare3                          0x08007173   Thumb Code     4  stm32f4xx_tim.o(.text)
    TIM_SetCompare4                          0x08007177   Thumb Code     4  stm32f4xx_tim.o(.text)
    TIM_ForcedOC1Config                      0x0800717b   Thumb Code    18  stm32f4xx_tim.o(.text)
    TIM_ForcedOC2Config                      0x0800718d   Thumb Code    26  stm32f4xx_tim.o(.text)
    TIM_ForcedOC3Config                      0x080071a7   Thumb Code    18  stm32f4xx_tim.o(.text)
    TIM_ForcedOC4Config                      0x080071b9   Thumb Code    26  stm32f4xx_tim.o(.text)
    TIM_OC1PreloadConfig                     0x080071d3   Thumb Code    18  stm32f4xx_tim.o(.text)
    TIM_OC2PreloadConfig                     0x080071e5   Thumb Code    26  stm32f4xx_tim.o(.text)
    TIM_OC3PreloadConfig                     0x080071ff   Thumb Code    18  stm32f4xx_tim.o(.text)
    TIM_OC4PreloadConfig                     0x08007211   Thumb Code    26  stm32f4xx_tim.o(.text)
    TIM_OC1FastConfig                        0x0800722b   Thumb Code    18  stm32f4xx_tim.o(.text)
    TIM_OC2FastConfig                        0x0800723d   Thumb Code    26  stm32f4xx_tim.o(.text)
    TIM_OC3FastConfig                        0x08007257   Thumb Code    18  stm32f4xx_tim.o(.text)
    TIM_OC4FastConfig                        0x08007269   Thumb Code    26  stm32f4xx_tim.o(.text)
    TIM_ClearOC1Ref                          0x08007283   Thumb Code    18  stm32f4xx_tim.o(.text)
    TIM_ClearOC2Ref                          0x08007295   Thumb Code    24  stm32f4xx_tim.o(.text)
    TIM_ClearOC3Ref                          0x080072ad   Thumb Code    18  stm32f4xx_tim.o(.text)
    TIM_ClearOC4Ref                          0x080072bf   Thumb Code    24  stm32f4xx_tim.o(.text)
    TIM_OC1PolarityConfig                    0x080072d7   Thumb Code    18  stm32f4xx_tim.o(.text)
    TIM_OC1NPolarityConfig                   0x080072e9   Thumb Code    18  stm32f4xx_tim.o(.text)
    TIM_OC2PolarityConfig                    0x080072fb   Thumb Code    26  stm32f4xx_tim.o(.text)
    TIM_OC2NPolarityConfig                   0x08007315   Thumb Code    26  stm32f4xx_tim.o(.text)
    TIM_OC3PolarityConfig                    0x0800732f   Thumb Code    26  stm32f4xx_tim.o(.text)
    TIM_OC3NPolarityConfig                   0x08007349   Thumb Code    26  stm32f4xx_tim.o(.text)
    TIM_OC4PolarityConfig                    0x08007363   Thumb Code    26  stm32f4xx_tim.o(.text)
    TIM_CCxCmd                               0x0800737d   Thumb Code    30  stm32f4xx_tim.o(.text)
    TIM_CCxNCmd                              0x0800739b   Thumb Code    30  stm32f4xx_tim.o(.text)
    TIM_SetIC4Prescaler                      0x080073b9   Thumb Code    26  stm32f4xx_tim.o(.text)
    TIM_SetIC3Prescaler                      0x08007423   Thumb Code    18  stm32f4xx_tim.o(.text)
    TIM_SetIC2Prescaler                      0x0800747d   Thumb Code    26  stm32f4xx_tim.o(.text)
    TIM_SetIC1Prescaler                      0x080074f1   Thumb Code    18  stm32f4xx_tim.o(.text)
    TIM_ICInit                               0x0800753d   Thumb Code   110  stm32f4xx_tim.o(.text)
    TIM_ICStructInit                         0x080075ab   Thumb Code    18  stm32f4xx_tim.o(.text)
    TIM_PWMIConfig                           0x080075bd   Thumb Code   124  stm32f4xx_tim.o(.text)
    TIM_GetCapture1                          0x08007639   Thumb Code     6  stm32f4xx_tim.o(.text)
    TIM_GetCapture2                          0x0800763f   Thumb Code     6  stm32f4xx_tim.o(.text)
    TIM_GetCapture3                          0x08007645   Thumb Code     6  stm32f4xx_tim.o(.text)
    TIM_GetCapture4                          0x0800764b   Thumb Code     6  stm32f4xx_tim.o(.text)
    TIM_BDTRConfig                           0x08007651   Thumb Code    32  stm32f4xx_tim.o(.text)
    TIM_BDTRStructInit                       0x08007671   Thumb Code    18  stm32f4xx_tim.o(.text)
    TIM_CtrlPWMOutputs                       0x08007683   Thumb Code    30  stm32f4xx_tim.o(.text)
    TIM_SelectCOM                            0x080076a1   Thumb Code    24  stm32f4xx_tim.o(.text)
    TIM_CCPreloadControl                     0x080076b9   Thumb Code    24  stm32f4xx_tim.o(.text)
    TIM_ITConfig                             0x080076d1   Thumb Code    18  stm32f4xx_tim.o(.text)
    TIM_GenerateEvent                        0x080076e3   Thumb Code     4  stm32f4xx_tim.o(.text)
    TIM_GetFlagStatus                        0x080076e7   Thumb Code    18  stm32f4xx_tim.o(.text)
    TIM_ClearFlag                            0x080076f9   Thumb Code     6  stm32f4xx_tim.o(.text)
    TIM_GetITStatus                          0x080076ff   Thumb Code    34  stm32f4xx_tim.o(.text)
    TIM_ClearITPendingBit                    0x08007721   Thumb Code     6  stm32f4xx_tim.o(.text)
    TIM_DMAConfig                            0x08007727   Thumb Code    10  stm32f4xx_tim.o(.text)
    TIM_DMACmd                               0x08007731   Thumb Code    18  stm32f4xx_tim.o(.text)
    TIM_SelectCCDMA                          0x08007743   Thumb Code    24  stm32f4xx_tim.o(.text)
    TIM_InternalClockConfig                  0x0800775b   Thumb Code    12  stm32f4xx_tim.o(.text)
    TIM_SelectInputTrigger                   0x08007767   Thumb Code    18  stm32f4xx_tim.o(.text)
    TIM_ITRxExternalClockConfig              0x08007779   Thumb Code    24  stm32f4xx_tim.o(.text)
    TIM_TIxExternalClockConfig               0x08007791   Thumb Code    62  stm32f4xx_tim.o(.text)
    TIM_ETRConfig                            0x080077cf   Thumb Code    28  stm32f4xx_tim.o(.text)
    TIM_ETRClockMode1Config                  0x080077eb   Thumb Code    54  stm32f4xx_tim.o(.text)
    TIM_ETRClockMode2Config                  0x08007821   Thumb Code    32  stm32f4xx_tim.o(.text)
    TIM_SelectOutputTrigger                  0x08007841   Thumb Code    18  stm32f4xx_tim.o(.text)
    TIM_SelectSlaveMode                      0x08007853   Thumb Code    18  stm32f4xx_tim.o(.text)
    TIM_SelectMasterSlaveMode                0x08007865   Thumb Code    18  stm32f4xx_tim.o(.text)
    TIM_EncoderInterfaceConfig               0x08007877   Thumb Code    66  stm32f4xx_tim.o(.text)
    TIM_SelectHallSensor                     0x080078b9   Thumb Code    24  stm32f4xx_tim.o(.text)
    TIM_RemapConfig                          0x080078d1   Thumb Code     6  stm32f4xx_tim.o(.text)
    USART_DeInit                             0x080078d9   Thumb Code   156  stm32f4xx_usart.o(.text)
    USART_Init                               0x08007975   Thumb Code   204  stm32f4xx_usart.o(.text)
    USART_StructInit                         0x08007a41   Thumb Code    24  stm32f4xx_usart.o(.text)
    USART_ClockInit                          0x08007a59   Thumb Code    32  stm32f4xx_usart.o(.text)
    USART_ClockStructInit                    0x08007a79   Thumb Code    12  stm32f4xx_usart.o(.text)
    USART_Cmd                                0x08007a85   Thumb Code    24  stm32f4xx_usart.o(.text)
    USART_SetPrescaler                       0x08007a9d   Thumb Code    16  stm32f4xx_usart.o(.text)
    USART_OverSampling8Cmd                   0x08007aad   Thumb Code    22  stm32f4xx_usart.o(.text)
    USART_OneBitMethodCmd                    0x08007ac3   Thumb Code    24  stm32f4xx_usart.o(.text)
    USART_SendData                           0x08007adb   Thumb Code     8  stm32f4xx_usart.o(.text)
    USART_ReceiveData                        0x08007ae3   Thumb Code    10  stm32f4xx_usart.o(.text)
    USART_SetAddress                         0x08007aed   Thumb Code    18  stm32f4xx_usart.o(.text)
    USART_ReceiverWakeUpCmd                  0x08007aff   Thumb Code    24  stm32f4xx_usart.o(.text)
    USART_WakeUpConfig                       0x08007b17   Thumb Code    18  stm32f4xx_usart.o(.text)
    USART_LINBreakDetectLengthConfig         0x08007b29   Thumb Code    18  stm32f4xx_usart.o(.text)
    USART_LINCmd                             0x08007b3b   Thumb Code    24  stm32f4xx_usart.o(.text)
    USART_SendBreak                          0x08007b53   Thumb Code    10  stm32f4xx_usart.o(.text)
    USART_HalfDuplexCmd                      0x08007b5d   Thumb Code    24  stm32f4xx_usart.o(.text)
    USART_SetGuardTime                       0x08007b75   Thumb Code    16  stm32f4xx_usart.o(.text)
    USART_SmartCardCmd                       0x08007b85   Thumb Code    24  stm32f4xx_usart.o(.text)
    USART_SmartCardNACKCmd                   0x08007b9d   Thumb Code    24  stm32f4xx_usart.o(.text)
    USART_IrDAConfig                         0x08007bb5   Thumb Code    18  stm32f4xx_usart.o(.text)
    USART_IrDACmd                            0x08007bc7   Thumb Code    24  stm32f4xx_usart.o(.text)
    USART_DMACmd                             0x08007bdf   Thumb Code    18  stm32f4xx_usart.o(.text)
    USART_ITConfig                           0x08007bf1   Thumb Code    74  stm32f4xx_usart.o(.text)
    USART_GetFlagStatus                      0x08007c3b   Thumb Code    26  stm32f4xx_usart.o(.text)
    USART_ClearFlag                          0x08007c55   Thumb Code    18  stm32f4xx_usart.o(.text)
    USART_GetITStatus                        0x08007c67   Thumb Code   110  stm32f4xx_usart.o(.text)
    USART_ClearITPendingBit                  0x08007cd5   Thumb Code    30  stm32f4xx_usart.o(.text)
    SystemInit                               0x08007dd1   Thumb Code    88  system_stm32f4xx.o(.text)
    SystemCoreClockUpdate                    0x08007e29   Thumb Code   174  system_stm32f4xx.o(.text)
    Reset_Handler                            0x08007f05   Thumb Code     8  startup_stm32f4xx.o(.text)
    ADC_IRQHandler                           0x08007f1f   Thumb Code     0  startup_stm32f4xx.o(.text)
    CAN1_RX1_IRQHandler                      0x08007f1f   Thumb Code     0  startup_stm32f4xx.o(.text)
    CAN1_SCE_IRQHandler                      0x08007f1f   Thumb Code     0  startup_stm32f4xx.o(.text)
    CAN1_TX_IRQHandler                       0x08007f1f   Thumb Code     0  startup_stm32f4xx.o(.text)
    CAN2_RX1_IRQHandler                      0x08007f1f   Thumb Code     0  startup_stm32f4xx.o(.text)
    CAN2_SCE_IRQHandler                      0x08007f1f   Thumb Code     0  startup_stm32f4xx.o(.text)
    CAN2_TX_IRQHandler                       0x08007f1f   Thumb Code     0  startup_stm32f4xx.o(.text)
    CRYP_IRQHandler                          0x08007f1f   Thumb Code     0  startup_stm32f4xx.o(.text)
    DCMI_IRQHandler                          0x08007f1f   Thumb Code     0  startup_stm32f4xx.o(.text)
    DMA1_Stream0_IRQHandler                  0x08007f1f   Thumb Code     0  startup_stm32f4xx.o(.text)
    DMA1_Stream1_IRQHandler                  0x08007f1f   Thumb Code     0  startup_stm32f4xx.o(.text)
    DMA1_Stream2_IRQHandler                  0x08007f1f   Thumb Code     0  startup_stm32f4xx.o(.text)
    DMA1_Stream5_IRQHandler                  0x08007f1f   Thumb Code     0  startup_stm32f4xx.o(.text)
    DMA2_Stream0_IRQHandler                  0x08007f1f   Thumb Code     0  startup_stm32f4xx.o(.text)
    DMA2_Stream1_IRQHandler                  0x08007f1f   Thumb Code     0  startup_stm32f4xx.o(.text)
    DMA2_Stream2_IRQHandler                  0x08007f1f   Thumb Code     0  startup_stm32f4xx.o(.text)
    DMA2_Stream3_IRQHandler                  0x08007f1f   Thumb Code     0  startup_stm32f4xx.o(.text)
    DMA2_Stream4_IRQHandler                  0x08007f1f   Thumb Code     0  startup_stm32f4xx.o(.text)
    DMA2_Stream5_IRQHandler                  0x08007f1f   Thumb Code     0  startup_stm32f4xx.o(.text)
    DMA2_Stream6_IRQHandler                  0x08007f1f   Thumb Code     0  startup_stm32f4xx.o(.text)
    ETH_IRQHandler                           0x08007f1f   Thumb Code     0  startup_stm32f4xx.o(.text)
    ETH_WKUP_IRQHandler                      0x08007f1f   Thumb Code     0  startup_stm32f4xx.o(.text)
    EXTI0_IRQHandler                         0x08007f1f   Thumb Code     0  startup_stm32f4xx.o(.text)
    EXTI15_10_IRQHandler                     0x08007f1f   Thumb Code     0  startup_stm32f4xx.o(.text)
    EXTI1_IRQHandler                         0x08007f1f   Thumb Code     0  startup_stm32f4xx.o(.text)
    EXTI2_IRQHandler                         0x08007f1f   Thumb Code     0  startup_stm32f4xx.o(.text)
    EXTI3_IRQHandler                         0x08007f1f   Thumb Code     0  startup_stm32f4xx.o(.text)
    EXTI4_IRQHandler                         0x08007f1f   Thumb Code     0  startup_stm32f4xx.o(.text)
    EXTI9_5_IRQHandler                       0x08007f1f   Thumb Code     0  startup_stm32f4xx.o(.text)
    FLASH_IRQHandler                         0x08007f1f   Thumb Code     0  startup_stm32f4xx.o(.text)
    FPU_IRQHandler                           0x08007f1f   Thumb Code     0  startup_stm32f4xx.o(.text)
    FSMC_IRQHandler                          0x08007f1f   Thumb Code     0  startup_stm32f4xx.o(.text)
    HASH_RNG_IRQHandler                      0x08007f1f   Thumb Code     0  startup_stm32f4xx.o(.text)
    I2C1_ER_IRQHandler                       0x08007f1f   Thumb Code     0  startup_stm32f4xx.o(.text)
    I2C1_EV_IRQHandler                       0x08007f1f   Thumb Code     0  startup_stm32f4xx.o(.text)
    I2C2_ER_IRQHandler                       0x08007f1f   Thumb Code     0  startup_stm32f4xx.o(.text)
    I2C2_EV_IRQHandler                       0x08007f1f   Thumb Code     0  startup_stm32f4xx.o(.text)
    I2C3_ER_IRQHandler                       0x08007f1f   Thumb Code     0  startup_stm32f4xx.o(.text)
    I2C3_EV_IRQHandler                       0x08007f1f   Thumb Code     0  startup_stm32f4xx.o(.text)
    OTG_FS_IRQHandler                        0x08007f1f   Thumb Code     0  startup_stm32f4xx.o(.text)
    OTG_FS_WKUP_IRQHandler                   0x08007f1f   Thumb Code     0  startup_stm32f4xx.o(.text)
    OTG_HS_EP1_IN_IRQHandler                 0x08007f1f   Thumb Code     0  startup_stm32f4xx.o(.text)
    OTG_HS_EP1_OUT_IRQHandler                0x08007f1f   Thumb Code     0  startup_stm32f4xx.o(.text)
    OTG_HS_IRQHandler                        0x08007f1f   Thumb Code     0  startup_stm32f4xx.o(.text)
    OTG_HS_WKUP_IRQHandler                   0x08007f1f   Thumb Code     0  startup_stm32f4xx.o(.text)
    PVD_IRQHandler                           0x08007f1f   Thumb Code     0  startup_stm32f4xx.o(.text)
    RCC_IRQHandler                           0x08007f1f   Thumb Code     0  startup_stm32f4xx.o(.text)
    RTC_Alarm_IRQHandler                     0x08007f1f   Thumb Code     0  startup_stm32f4xx.o(.text)
    RTC_WKUP_IRQHandler                      0x08007f1f   Thumb Code     0  startup_stm32f4xx.o(.text)
    SDIO_IRQHandler                          0x08007f1f   Thumb Code     0  startup_stm32f4xx.o(.text)
    SPI1_IRQHandler                          0x08007f1f   Thumb Code     0  startup_stm32f4xx.o(.text)
    SPI2_IRQHandler                          0x08007f1f   Thumb Code     0  startup_stm32f4xx.o(.text)
    SPI3_IRQHandler                          0x08007f1f   Thumb Code     0  startup_stm32f4xx.o(.text)
    TAMP_STAMP_IRQHandler                    0x08007f1f   Thumb Code     0  startup_stm32f4xx.o(.text)
    TIM1_BRK_TIM9_IRQHandler                 0x08007f1f   Thumb Code     0  startup_stm32f4xx.o(.text)
    TIM1_CC_IRQHandler                       0x08007f1f   Thumb Code     0  startup_stm32f4xx.o(.text)
    TIM1_TRG_COM_TIM11_IRQHandler            0x08007f1f   Thumb Code     0  startup_stm32f4xx.o(.text)
    TIM1_UP_TIM10_IRQHandler                 0x08007f1f   Thumb Code     0  startup_stm32f4xx.o(.text)
    TIM2_IRQHandler                          0x08007f1f   Thumb Code     0  startup_stm32f4xx.o(.text)
    TIM4_IRQHandler                          0x08007f1f   Thumb Code     0  startup_stm32f4xx.o(.text)
    TIM5_IRQHandler                          0x08007f1f   Thumb Code     0  startup_stm32f4xx.o(.text)
    TIM6_DAC_IRQHandler                      0x08007f1f   Thumb Code     0  startup_stm32f4xx.o(.text)
    TIM7_IRQHandler                          0x08007f1f   Thumb Code     0  startup_stm32f4xx.o(.text)
    TIM8_BRK_TIM12_IRQHandler                0x08007f1f   Thumb Code     0  startup_stm32f4xx.o(.text)
    TIM8_CC_IRQHandler                       0x08007f1f   Thumb Code     0  startup_stm32f4xx.o(.text)
    TIM8_TRG_COM_TIM14_IRQHandler            0x08007f1f   Thumb Code     0  startup_stm32f4xx.o(.text)
    TIM8_UP_TIM13_IRQHandler                 0x08007f1f   Thumb Code     0  startup_stm32f4xx.o(.text)
    USART6_IRQHandler                        0x08007f1f   Thumb Code     0  startup_stm32f4xx.o(.text)
    WWDG_IRQHandler                          0x08007f1f   Thumb Code     0  startup_stm32f4xx.o(.text)
    OS_TaskStatStkChk                        0x08007f29   Thumb Code    54  os_core.o(.text)
    OS_TaskStat                              0x08007f5f   Thumb Code   144  os_core.o(.text)
    OS_TaskIdle                              0x08008023   Thumb Code    34  os_core.o(.text)
    OS_MemClr                                0x08008079   Thumb Code    18  os_core.o(.text)
    OSInit                                   0x08008199   Thumb Code    48  os_core.o(.text)
    OSIntEnter                               0x080081c9   Thumb Code    28  os_core.o(.text)
    OSIntExit                                0x080081ff   Thumb Code   112  os_core.o(.text)
    OSSchedLock                              0x0800826f   Thumb Code    50  os_core.o(.text)
    OS_Sched                                 0x080082a1   Thumb Code    88  os_core.o(.text)
    OSSchedUnlock                            0x080082f9   Thumb Code   238  os_core.o(.text)
    OSStart                                  0x080083e7   Thumb Code    48  os_core.o(.text)
    OSStatInit                               0x08008417   Thumb Code    64  os_core.o(.text)
    OSTimeTick                               0x08008457   Thumb Code   210  os_core.o(.text)
    OSVersion                                0x08008529   Thumb Code     6  os_core.o(.text)
    OS_Dummy                                 0x0800852f   Thumb Code     2  os_core.o(.text)
    OS_EventTaskRemove                       0x08008531   Thumb Code    42  os_core.o(.text)
    OS_EventTaskRdy                          0x0800855b   Thumb Code   114  os_core.o(.text)
    OS_EventTaskWait                         0x080085cd   Thumb Code   112  os_core.o(.text)
    OS_EventWaitListInit                     0x0800863d   Thumb Code    28  os_core.o(.text)
    OS_MemCopy                               0x08008659   Thumb Code    20  os_core.o(.text)
    OS_StrLen                                0x0800866d   Thumb Code    20  os_core.o(.text)
    OS_TCBInit                               0x08008681   Thumb Code   292  os_core.o(.text)
    OSFlagAccept                             0x080087e9   Thumb Code   252  os_flag.o(.text)
    OSFlagCreate                             0x080088e5   Thumb Code    86  os_flag.o(.text)
    OS_FlagUnlink                            0x0800893b   Thumb Code    36  os_flag.o(.text)
    OSFlagDel                                0x080089b1   Thumb Code   214  os_flag.o(.text)
    OSFlagNameGet                            0x08008a87   Thumb Code    80  os_flag.o(.text)
    OSFlagNameSet                            0x08008ad7   Thumb Code    66  os_flag.o(.text)
    OSFlagPend                               0x08008bb1   Thumb Code   614  os_flag.o(.text)
    OSFlagPendGetFlagsRdy                    0x08008e17   Thumb Code    26  os_flag.o(.text)
    OSFlagPost                               0x08008e31   Thumb Code   312  os_flag.o(.text)
    OSFlagQuery                              0x08008f69   Thumb Code    48  os_flag.o(.text)
    OS_FlagInit                              0x08008f99   Thumb Code    78  os_flag.o(.text)
    OSMemCreate                              0x08008ff5   Thumb Code   118  os_mem.o(.text)
    OSMemGet                                 0x0800906b   Thumb Code    62  os_mem.o(.text)
    OSMemNameGet                             0x080090a9   Thumb Code    60  os_mem.o(.text)
    OSMemNameSet                             0x080090e5   Thumb Code    48  os_mem.o(.text)
    OSMemPut                                 0x08009115   Thumb Code    54  os_mem.o(.text)
    OSMemQuery                               0x0800914b   Thumb Code    52  os_mem.o(.text)
    OS_MemInit                               0x0800917f   Thumb Code    74  os_mem.o(.text)
    OSQAccept                                0x080091d9   Thumb Code    88  os_q.o(.text)
    OSQCreate                                0x08009231   Thumb Code   140  os_q.o(.text)
    OSQDel                                   0x080092bd   Thumb Code   236  os_q.o(.text)
    OSQFlush                                 0x080093a9   Thumb Code    36  os_q.o(.text)
    OSQPend                                  0x080093cd   Thumb Code   272  os_q.o(.text)
    OSQPendAbort                             0x080094dd   Thumb Code   128  os_q.o(.text)
    OSQPost                                  0x0800955d   Thumb Code   114  os_q.o(.text)
    OSQPostFront                             0x080095cf   Thumb Code   136  os_q.o(.text)
    OSQPostOpt                               0x08009657   Thumb Code   182  os_q.o(.text)
    OSQQuery                                 0x0800970d   Thumb Code    98  os_q.o(.text)
    OS_QInit                                 0x0800976f   Thumb Code    72  os_q.o(.text)
    OSTaskChangePrio                         0x080097c1   Thumb Code   308  os_task.o(.text)
    OSTaskCreate                             0x080098f5   Thumb Code   148  os_task.o(.text)
    OS_TaskStkClr                            0x08009989   Thumb Code    26  os_task.o(.text)
    OSTaskCreateExt                          0x080099a3   Thumb Code   170  os_task.o(.text)
    OSTaskDel                                0x08009a4d   Thumb Code   294  os_task.o(.text)
    OSTaskDelReq                             0x08009b73   Thumb Code   144  os_task.o(.text)
    OSTaskNameGet                            0x08009c03   Thumb Code   114  os_task.o(.text)
    OSTaskNameSet                            0x08009c75   Thumb Code    98  os_task.o(.text)
    OSTaskResume                             0x08009cd7   Thumb Code   154  os_task.o(.text)
    OSTaskStkChk                             0x08009d71   Thumb Code   128  os_task.o(.text)
    OSTaskSuspend                            0x08009df1   Thumb Code   152  os_task.o(.text)
    OSTaskQuery                              0x08009e89   Thumb Code    82  os_task.o(.text)
    OSTaskRegGet                             0x08009edb   Thumb Code    60  os_task.o(.text)
    OSTaskRegSet                             0x08009f17   Thumb Code    62  os_task.o(.text)
    OS_TaskReturn                            0x08009f55   Thumb Code    18  os_task.o(.text)
    OSTimeDly                                0x08009f81   Thumb Code   100  os_time.o(.text)
    OSTimeDlyHMSM                            0x08009fe5   Thumb Code    84  os_time.o(.text)
    OSTimeDlyResume                          0x0800a039   Thumb Code   168  os_time.o(.text)
    OSTimeGet                                0x0800a0e1   Thumb Code    24  os_time.o(.text)
    OSTimeSet                                0x0800a0f9   Thumb Code    24  os_time.o(.text)
    OS_CPU_SR_Save                           0x0800a12d   Thumb Code     0  os_cpu_a.o(.text)
    OS_CPU_SR_Restore                        0x0800a135   Thumb Code     0  os_cpu_a.o(.text)
    OSStartHighRdy                           0x0800a13b   Thumb Code     0  os_cpu_a.o(.text)
    OSCtxSw                                  0x0800a15b   Thumb Code     0  os_cpu_a.o(.text)
    OSIntCtxSw                               0x0800a165   Thumb Code     0  os_cpu_a.o(.text)
    PendSV_Handler                           0x0800a16f   Thumb Code     0  os_cpu_a.o(.text)
    OSInitHookBegin                          0x0800a1dd   Thumb Code     2  os_cpu_c.o(.text)
    OSTaskReturnHook                         0x0800a1df   Thumb Code     2  os_cpu_c.o(.text)
    OSInitHookEnd                            0x0800a1e1   Thumb Code     2  os_cpu_c.o(.text)
    OSTaskCreateHook                         0x0800a1e3   Thumb Code     2  os_cpu_c.o(.text)
    OSTaskDelHook                            0x0800a1e5   Thumb Code     2  os_cpu_c.o(.text)
    OSTaskIdleHook                           0x0800a1e7   Thumb Code     2  os_cpu_c.o(.text)
    OSTaskStatHook                           0x0800a1e9   Thumb Code     2  os_cpu_c.o(.text)
    OSTaskStkInit                            0x0800a1eb   Thumb Code   482  os_cpu_c.o(.text)
    OSTaskSwHook                             0x0800a3cd   Thumb Code     2  os_cpu_c.o(.text)
    OSTCBInitHook                            0x0800a3cf   Thumb Code     2  os_cpu_c.o(.text)
    OSTimeTickHook                           0x0800a3d1   Thumb Code     2  os_cpu_c.o(.text)
    SysTick_Handler                          0x0800a3d3   Thumb Code    44  os_cpu_c.o(.text)
    OS_CPU_SysTickInit                       0x0800a3ff   Thumb Code    86  os_cpu_c.o(.text)
    abs                                      0x0800a465   Thumb Code     8  siabs.o(.text)
    __aeabi_memcpy                           0x0800a46d   Thumb Code    36  memcpya.o(.text)
    __aeabi_memcpy4                          0x0800a46d   Thumb Code     0  memcpya.o(.text)
    __aeabi_memcpy8                          0x0800a46d   Thumb Code     0  memcpya.o(.text)
    __aeabi_memset                           0x0800a491   Thumb Code    14  memseta.o(.text)
    __aeabi_memset4                          0x0800a491   Thumb Code     0  memseta.o(.text)
    __aeabi_memset8                          0x0800a491   Thumb Code     0  memseta.o(.text)
    __aeabi_memclr                           0x0800a49f   Thumb Code     4  memseta.o(.text)
    __aeabi_memclr4                          0x0800a49f   Thumb Code     0  memseta.o(.text)
    __aeabi_memclr8                          0x0800a49f   Thumb Code     0  memseta.o(.text)
    _memset$wrapper                          0x0800a4a3   Thumb Code    18  memseta.o(.text)
    strlen                                   0x0800a4b5   Thumb Code    14  strlen.o(.text)
    strcpy                                   0x0800a4c3   Thumb Code    18  strcpy.o(.text)
    __aeabi_dadd                             0x0800a4d5   Thumb Code   322  dadd.o(.text)
    __aeabi_dsub                             0x0800a617   Thumb Code     6  dadd.o(.text)
    __aeabi_drsub                            0x0800a61d   Thumb Code     6  dadd.o(.text)
    __aeabi_dmul                             0x0800a623   Thumb Code   228  dmul.o(.text)
    __aeabi_ddiv                             0x0800a707   Thumb Code   222  ddiv.o(.text)
    __aeabi_i2d                              0x0800a7e5   Thumb Code    34  dflti.o(.text)
    __aeabi_d2iz                             0x0800a807   Thumb Code    62  dfixi.o(.text)
    __aeabi_f2d                              0x0800a845   Thumb Code    38  f2d.o(.text)
    __aeabi_d2f                              0x0800a86b   Thumb Code    56  d2f.o(.text)
    __aeabi_uidiv                            0x0800a8a3   Thumb Code     0  uidiv.o(.text)
    __aeabi_uidivmod                         0x0800a8a3   Thumb Code    44  uidiv.o(.text)
    __aeabi_uldivmod                         0x0800a8cf   Thumb Code    98  uldiv.o(.text)
    __aeabi_llsl                             0x0800a931   Thumb Code    30  llshl.o(.text)
    _ll_shift_l                              0x0800a931   Thumb Code     0  llshl.o(.text)
    __aeabi_llsr                             0x0800a94f   Thumb Code    32  llushr.o(.text)
    _ll_ushift_r                             0x0800a94f   Thumb Code     0  llushr.o(.text)
    __aeabi_lasr                             0x0800a96f   Thumb Code    36  llsshr.o(.text)
    _ll_sshift_r                             0x0800a96f   Thumb Code     0  llsshr.o(.text)
    __strtod_int                             0x0800a9cb   Thumb Code    90  strtod.o(.text)
    __I$use$fp                               0x0800aa31   Thumb Code     0  iusefp.o(.text)
    _float_round                             0x0800aa31   Thumb Code    18  fepilogue.o(.text)
    _float_epilogue                          0x0800aa43   Thumb Code    92  fepilogue.o(.text)
    _double_round                            0x0800aa9f   Thumb Code    30  depilogue.o(.text)
    _double_epilogue                         0x0800aabd   Thumb Code   156  depilogue.o(.text)
    _dsqrt                                   0x0800ab59   Thumb Code   162  dsqrt.o(.text)
    __aeabi_d2ulz                            0x0800abfb   Thumb Code    48  dfixul.o(.text)
    __aeabi_cdrcmple                         0x0800ac2d   Thumb Code    48  cdrcmple.o(.text)
    __scatterload                            0x0800ac5d   Thumb Code    28  init.o(.text)
    __scatterload_rt2                        0x0800ac5d   Thumb Code     0  init.o(.text)
    isspace                                  0x0800ac81   Thumb Code    10  isspace_c.o(.text)
    _scanf_real                              0x0800adb5   Thumb Code     0  scanf_fp.o(.text)
    _scanf_really_real                       0x0800adb5   Thumb Code   556  scanf_fp.o(.text)
    _sgetc                                   0x0800afed   Thumb Code    30  _sgetc.o(.text)
    _sbackspace                              0x0800b00b   Thumb Code    34  _sgetc.o(.text)
    __aeabi_ui2d                             0x0800b02d   Thumb Code    26  dfltui.o(.text)
    __ctype_lookup                           0x0800b049   Thumb Code    34  ctype_c.o(.text)
    __aeabi_ul2d                             0x0800b071   Thumb Code    24  dfltul.o(.text)
    __decompress                             0x0800b089   Thumb Code     0  __dczerorl2.o(.text)
    __decompress1                            0x0800b089   Thumb Code    86  __dczerorl2.o(.text)
    __0sprintf                               0x0800b0e1   Thumb Code    34  printfa.o(i.__0sprintf)
    __1sprintf                               0x0800b0e1   Thumb Code     0  printfa.o(i.__0sprintf)
    __2sprintf                               0x0800b0e1   Thumb Code     0  printfa.o(i.__0sprintf)
    __c89sprintf                             0x0800b0e1   Thumb Code     0  printfa.o(i.__0sprintf)
    sprintf                                  0x0800b0e1   Thumb Code     0  printfa.o(i.__0sprintf)
    __ARM_fpclassify                         0x0800b109   Thumb Code    48  fpclassify.o(i.__ARM_fpclassify)
    __hardfp_atof                            0x0800b139   Thumb Code    44  atof.o(i.__hardfp_atof)
    __hardfp_cos                             0x0800b171   Thumb Code   180  cos.o(i.__hardfp_cos)
    __hardfp_sin                             0x0800b239   Thumb Code   180  sin.o(i.__hardfp_sin)
    __hardfp_sqrt                            0x0800b301   Thumb Code   122  sqrt.o(i.__hardfp_sqrt)
    __ieee754_rem_pio2                       0x0800b381   Thumb Code   938  rred.o(i.__ieee754_rem_pio2)
    __kernel_cos                             0x0800b7b9   Thumb Code   322  cos_i.o(i.__kernel_cos)
    __kernel_poly                            0x0800b929   Thumb Code   248  poly.o(i.__kernel_poly)
    __kernel_sin                             0x0800ba21   Thumb Code   280  sin_i.o(i.__kernel_sin)
    __mathlib_dbl_infnan                     0x0800bb51   Thumb Code    20  dunder.o(i.__mathlib_dbl_infnan)
    __mathlib_dbl_invalid                    0x0800bb69   Thumb Code    24  dunder.o(i.__mathlib_dbl_invalid)
    __mathlib_dbl_underflow                  0x0800bb89   Thumb Code    24  dunder.o(i.__mathlib_dbl_underflow)
    __read_errno                             0x0800bba9   Thumb Code     6  errno.o(i.__read_errno)
    __scatterload_copy                       0x0800bbb5   Thumb Code    14  handlers.o(i.__scatterload_copy)
    __scatterload_null                       0x0800bbc3   Thumb Code     2  handlers.o(i.__scatterload_null)
    __scatterload_zeroinit                   0x0800bbc5   Thumb Code    14  handlers.o(i.__scatterload_zeroinit)
    __set_errno                              0x0800bbd5   Thumb Code     6  errno.o(i.__set_errno)
    _is_digit                                0x0800bd65   Thumb Code    14  scanf_fp.o(i._is_digit)
    fabs                                     0x0800c4ad   Thumb Code    24  fabs.o(i.fabs)
    LED_table                                0x0800c4c4   Data          18  led8.o(.constdata)
    OSUnMapTbl                               0x0800c4d6   Data         256  os_core.o(.constdata)
    __ctype_categories                       0x0800c6f8   Data          64  ctype_c.o(.constdata)
    Region$$Table$$Base                      0x0800c738   Number         0  anon$$obj.o(Region$$Table)
    Region$$Table$$Limit                     0x0800c758   Number         0  anon$$obj.o(Region$$Table)
    motor                                    0x20000018   Data           8  param.o(.data)
    Err_MotorDetect                          0x20000020   Data           4  param.o(.data)
    Motor_Detect                             0x20000024   Data           4  param.o(.data)
    Det_Pointer                              0x20000028   Data           4  param.o(.data)
    Det_Para_Pointer                         0x2000002c   Data           4  param.o(.data)
    beep                                     0x20000030   Data           4  param.o(.data)
    Func                                     0x20000034   Data          12  param.o(.data)
    USART1_RX_STA                            0x20000040   Data           1  usart1.o(.data)
    USART4_RX_STA                            0x20000044   Data           1  usart4.o(.data)
    Count_times                              0x20000048   Data           4  usart4.o(.data)
    temp                                     0x2000004c   Data           1  usart4.o(.data)
    USART5_RX_STA                            0x2000004e   Data           1  usart5.o(.data)
    TR_Data_Updata_Time                      0x20000050   Data           2  usart5.o(.data)
    EkAngle                                  0x20000060   Data           8  pid.o(.data)
    pid_para_run_point                       0x20000068   Data          12  pid.o(.data)
    pid_para_run_bezier                      0x20000074   Data          12  pid.o(.data)
    pid_para_angle                           0x20000080   Data          12  pid.o(.data)
    pid_para_lock_point_x                    0x2000008c   Data          12  pid.o(.data)
    pid_para_lock_point_x1                   0x20000098   Data          12  pid.o(.data)
    pid_para_lock_point_x2                   0x200000a4   Data          12  pid.o(.data)
    pid_para_lock_point_y                    0x200000b0   Data          12  pid.o(.data)
    pid_para_lock_point_y1                   0x200000bc   Data          12  pid.o(.data)
    pid_para_lock_point_y2                   0x200000c8   Data          12  pid.o(.data)
    bezier_group                             0x200000d4   Data           1  pid.o(.data)
    vec_line                                 0x200000d8   Data           8  pid.o(.data)
    vec_actual                               0x200000e0   Data           8  pid.o(.data)
    vec_error                                0x200000e8   Data           8  pid.o(.data)
    SystemCoreClock                          0x20000110   Data           4  system_stm32f4xx.o(.data)
    AHBPrescTable                            0x20000114   Data          16  system_stm32f4xx.o(.data)
    OSCtxSwCtr                               0x20000124   Data           4  os_core.o(.data)
    OSEventFreeList                          0x20000128   Data           4  os_core.o(.data)
    OSFlagFreeList                           0x2000012c   Data           4  os_core.o(.data)
    OSCPUUsage                               0x20000130   Data           1  os_core.o(.data)
    OSIdleCtrMax                             0x20000134   Data           4  os_core.o(.data)
    OSIdleCtrRun                             0x20000138   Data           4  os_core.o(.data)
    OSStatRdy                                0x2000013c   Data           1  os_core.o(.data)
    OSIntNesting                             0x2000013d   Data           1  os_core.o(.data)
    OSLockNesting                            0x2000013e   Data           1  os_core.o(.data)
    OSPrioCur                                0x2000013f   Data           1  os_core.o(.data)
    OSPrioHighRdy                            0x20000140   Data           1  os_core.o(.data)
    OSRdyGrp                                 0x20000141   Data           1  os_core.o(.data)
    OSRdyTbl                                 0x20000142   Data           8  os_core.o(.data)
    OSRunning                                0x2000014a   Data           1  os_core.o(.data)
    OSTaskCtr                                0x2000014b   Data           1  os_core.o(.data)
    OSIdleCtr                                0x2000014c   Data           4  os_core.o(.data)
    OSTCBCur                                 0x20000150   Data           4  os_core.o(.data)
    OSTCBFreeList                            0x20000154   Data           4  os_core.o(.data)
    OSTCBHighRdy                             0x20000158   Data           4  os_core.o(.data)
    OSTCBList                                0x2000015c   Data           4  os_core.o(.data)
    OSTickStepState                          0x20000160   Data           1  os_core.o(.data)
    OSMemFreeList                            0x20000164   Data           4  os_core.o(.data)
    OSQFreeList                              0x20000168   Data           4  os_core.o(.data)
    OSTime                                   0x2000016c   Data           4  os_core.o(.data)
    tick_ms                                  0x20000170   Data           4  os_cpu_c.o(.data)
    start_task_stk                           0x20000178   Data        4096  main.o(.bss)
    task_run_stk                             0x20001178   Data        4096  main.o(.bss)
    task_status_stk                          0x20002178   Data        4096  main.o(.bss)
    task_beep_stk                            0x20003178   Data        4096  main.o(.bss)
    task_Scope_stk                           0x20004178   Data        4096  main.o(.bss)
    task_led_stk                             0x20005178   Data        4096  main.o(.bss)
    spe                                      0x20006178   Data          16  main.o(.bss)
    run                                      0x20006188   Data          96  param.o(.bss)
    run_time                                 0x200061e8   Data          44  param.o(.bss)
    gyroscope                                0x20006214   Data          16  param.o(.bss)
    chassis                                  0x20006224   Data          32  param.o(.bss)
    Motor_Para                               0x20006244   Data          48  param.o(.bss)
    Detect_Flag                              0x20006274   Data          12  param.o(.bss)
    Detect_Para                              0x20006280   Data          48  param.o(.bss)
    FlagPara                                 0x200062b0   Data          52  param.o(.bss)
    MovePara                                 0x200062e4   Data          32  param.o(.bss)
    can1_sendqueue                           0x20006304   Data         808  param.o(.bss)
    can2_sendqueue                           0x2000662c   Data         808  param.o(.bss)
    CAN1_MesgSentList                        0x20006954   Data          80  param.o(.bss)
    CAN2_MesgSentList                        0x200069a4   Data         160  param.o(.bss)
    USART                                    0x20006a44   Data         779  param.o(.bss)
    USART1_RX_BUF                            0x20006d82   Data          32  usart1.o(.bss)
    USART4_RX_BUF                            0x20006e4f   Data          32  usart4.o(.bss)
    Camera_Dispose                           0x20006e70   Data          80  usart4.o(.bss)
    aTxBuffer_UART5                          0x20006ec0   Data          51  usart5.o(.bss)
    USART5_RX_BUF                            0x20006ef3   Data          32  usart5.o(.bss)
    Ek                                       0x20006f34   Data          12  pid.o(.bss)
    EkX                                      0x20006f40   Data          12  pid.o(.bss)
    EkY                                      0x20006f4c   Data          12  pid.o(.bss)
    run_pid                                  0x20006f58   Data          32  pid.o(.bss)
    lock_point_pid_x                         0x20006f78   Data          32  pid.o(.bss)
    lock_point_pid_y                         0x20006f98   Data          32  pid.o(.bss)
    angle_pid                                0x20006fb8   Data          32  pid.o(.bss)
    position_now                             0x20006fd8   Data          12  run.o(.bss)
    position_start                           0x20006fe4   Data          12  run.o(.bss)
    position_goal                            0x20006ff0   Data          12  run.o(.bss)
    position_want                            0x20006ffc   Data          12  run.o(.bss)
    lock_point                               0x20007008   Data          12  run.o(.bss)
    start_turn_point                         0x20007014   Data          12  run.o(.bss)
    velocity_now                             0x20007020   Data          16  run.o(.bss)
    velocity_start                           0x20007030   Data          16  run.o(.bss)
    velocity_goal                            0x20007040   Data          16  run.o(.bss)
    velocity_set                             0x20007050   Data          16  run.o(.bss)
    velocity_abs                             0x20007060   Data          16  run.o(.bss)
    Wheel                                    0x20007070   Data          80  run.o(.bss)
    wheel_angle_set                          0x200070c0   Data          16  run.o(.bss)
    OSEventTbl                               0x200070d0   Data         300  os_core.o(.bss)
    OSFlagTbl                                0x200071fc   Data          80  os_core.o(.bss)
    OSTaskStatStk                            0x2000724c   Data         512  os_core.o(.bss)
    OSTaskIdleStk                            0x2000744c   Data         512  os_core.o(.bss)
    OSTCBPrioTbl                             0x2000764c   Data         256  os_core.o(.bss)
    OSTCBTbl                                 0x2000774c   Data        5208  os_core.o(.bss)
    OSMemTbl                                 0x20008ba4   Data         120  os_core.o(.bss)
    OSQTbl                                   0x20008c1c   Data          96  os_core.o(.bss)
    __initial_sp                             0x20009080   Data           0  startup_stm32f4xx.o(STACK)



==============================================================================

Memory Map of the image

  Image Entry point : 0x08000189

  Load Region LR_IROM1 (Base: 0x08000000, Size: 0x0000c8d0, Max: 0x00100000, ABSOLUTE, COMPRESSED[0x0000c7dc])

    Execution Region ER_IROM1 (Exec base: 0x08000000, Load base: 0x08000000, Size: 0x0000c758, Max: 0x00100000, ABSOLUTE)

    Exec Addr    Load Addr    Size         Type   Attr      Idx    E Section Name        Object

    0x08000000   0x08000000   0x00000188   Data   RO         1111    RESET               startup_stm32f4xx.o
    0x08000188   0x08000188   0x00000000   Code   RO         1330  * .ARM.Collect$$$$00000000  mc_w.l(entry.o)
    0x08000188   0x08000188   0x00000004   Code   RO         1650    .ARM.Collect$$$$00000001  mc_w.l(entry2.o)
    0x0800018c   0x0800018c   0x00000004   Code   RO         1653    .ARM.Collect$$$$00000004  mc_w.l(entry5.o)
    0x08000190   0x08000190   0x00000000   Code   RO         1655    .ARM.Collect$$$$00000008  mc_w.l(entry7b.o)
    0x08000190   0x08000190   0x00000000   Code   RO         1657    .ARM.Collect$$$$0000000A  mc_w.l(entry8b.o)
    0x08000190   0x08000190   0x00000008   Code   RO         1658    .ARM.Collect$$$$0000000B  mc_w.l(entry9a.o)
    0x08000198   0x08000198   0x00000000   Code   RO         1660    .ARM.Collect$$$$0000000D  mc_w.l(entry10a.o)
    0x08000198   0x08000198   0x00000000   Code   RO         1662    .ARM.Collect$$$$0000000F  mc_w.l(entry11a.o)
    0x08000198   0x08000198   0x00000004   Code   RO         1651    .ARM.Collect$$$$00002712  mc_w.l(entry2.o)
    0x0800019c   0x0800019c   0x00000564   Code   RO            4    .text               can1.o
    0x08000700   0x08000700   0x00000528   Code   RO          138    .text               can2.o
    0x08000c28   0x08000c28   0x000004c0   Code   RO          171    .text               main.o
    0x080010e8   0x080010e8   0x000000fc   Code   RO          253    .text               param.o
    0x080011e4   0x080011e4   0x000000d0   Code   RO          284    .text               tim3.o
    0x080012b4   0x080012b4   0x00000220   Code   RO          311    .text               usart1.o
    0x080014d4   0x080014d4   0x000003cc   Code   RO          339    .text               usart2.o
    0x080018a0   0x080018a0   0x00000288   Code   RO          376    .text               usart3.o
    0x08001b28   0x08001b28   0x00000270   Code   RO          407    .text               usart4.o
    0x08001d98   0x08001d98   0x000002a0   Code   RO          435    .text               usart5.o
    0x08002038   0x08002038   0x00000cec   Code   RO          463    .text               lcd.o
    0x08002d24   0x08002d24   0x0000019c   Code   RO          490    .text               cancontrolist.o
    0x08002ec0   0x08002ec0   0x00000af4   Code   RO          521    .text               pid.o
    0x080039b4   0x080039b4   0x00001110   Code   RO          552    .text               run.o
    0x08004ac4   0x08004ac4   0x00000274   Code   RO          584    .text               queue.o
    0x08004d38   0x08004d38   0x000003dc   Code   RO          610    .text               motor.o
    0x08005114   0x08005114   0x00000044   Code   RO          634    .text               delay.o
    0x08005158   0x08005158   0x00000048   Code   RO          658    .text               led.o
    0x080051a0   0x080051a0   0x00000098   Code   RO          682    .text               led8.o
    0x08005238   0x08005238   0x00000024   Code   RO          709    .text               stm32f4xx_it.o
    0x0800525c   0x0800525c   0x00000038   Code   RO          736    .text               beep.o
    0x08005294   0x08005294   0x00000344   Code   RO          760    .text               key.o
    0x080055d8   0x080055d8   0x000000e0   Code   RO          875    .text               misc.o
    0x080056b8   0x080056b8   0x000009f0   Code   RO          899    .text               stm32f4xx_can.o
    0x080060a8   0x080060a8   0x000003a8   Code   RO          923    .text               stm32f4xx_dma.o
    0x08006450   0x08006450   0x0000025c   Code   RO          974    .text               stm32f4xx_gpio.o
    0x080066ac   0x080066ac   0x00000588   Code   RO          998    .text               stm32f4xx_rcc.o
    0x08006c34   0x08006c34   0x00000ca2   Code   RO         1024    .text               stm32f4xx_tim.o
    0x080078d6   0x080078d6   0x00000002   PAD
    0x080078d8   0x080078d8   0x0000041a   Code   RO         1048    .text               stm32f4xx_usart.o
    0x08007cf2   0x08007cf2   0x00000002   PAD
    0x08007cf4   0x08007cf4   0x00000210   Code   RO         1072    .text               system_stm32f4xx.o
    0x08007f04   0x08007f04   0x00000024   Code   RO         1112    .text               startup_stm32f4xx.o
    0x08007f28   0x08007f28   0x000008c0   Code   RO         1116    .text               os_core.o
    0x080087e8   0x080087e8   0x0000080c   Code   RO         1136    .text               os_flag.o
    0x08008ff4   0x08008ff4   0x000001e4   Code   RO         1160    .text               os_mem.o
    0x080091d8   0x080091d8   0x000005e8   Code   RO         1184    .text               os_q.o
    0x080097c0   0x080097c0   0x000007c0   Code   RO         1208    .text               os_task.o
    0x08009f80   0x08009f80   0x000001ac   Code   RO         1220    .text               os_time.o
    0x0800a12c   0x0800a12c   0x000000b0   Code   RO         1238    .text               os_cpu_a.o
    0x0800a1dc   0x0800a1dc   0x00000288   Code   RO         1244    .text               os_cpu_c.o
    0x0800a464   0x0800a464   0x00000008   Code   RO         1333    .text               mc_w.l(siabs.o)
    0x0800a46c   0x0800a46c   0x00000024   Code   RO         1337    .text               mc_w.l(memcpya.o)
    0x0800a490   0x0800a490   0x00000024   Code   RO         1339    .text               mc_w.l(memseta.o)
    0x0800a4b4   0x0800a4b4   0x0000000e   Code   RO         1341    .text               mc_w.l(strlen.o)
    0x0800a4c2   0x0800a4c2   0x00000012   Code   RO         1343    .text               mc_w.l(strcpy.o)
    0x0800a4d4   0x0800a4d4   0x0000014e   Code   RO         1608    .text               mf_w.l(dadd.o)
    0x0800a622   0x0800a622   0x000000e4   Code   RO         1610    .text               mf_w.l(dmul.o)
    0x0800a706   0x0800a706   0x000000de   Code   RO         1612    .text               mf_w.l(ddiv.o)
    0x0800a7e4   0x0800a7e4   0x00000022   Code   RO         1614    .text               mf_w.l(dflti.o)
    0x0800a806   0x0800a806   0x0000003e   Code   RO         1616    .text               mf_w.l(dfixi.o)
    0x0800a844   0x0800a844   0x00000026   Code   RO         1618    .text               mf_w.l(f2d.o)
    0x0800a86a   0x0800a86a   0x00000038   Code   RO         1620    .text               mf_w.l(d2f.o)
    0x0800a8a2   0x0800a8a2   0x0000002c   Code   RO         1667    .text               mc_w.l(uidiv.o)
    0x0800a8ce   0x0800a8ce   0x00000062   Code   RO         1669    .text               mc_w.l(uldiv.o)
    0x0800a930   0x0800a930   0x0000001e   Code   RO         1671    .text               mc_w.l(llshl.o)
    0x0800a94e   0x0800a94e   0x00000020   Code   RO         1673    .text               mc_w.l(llushr.o)
    0x0800a96e   0x0800a96e   0x00000024   Code   RO         1675    .text               mc_w.l(llsshr.o)
    0x0800a992   0x0800a992   0x00000002   PAD
    0x0800a994   0x0800a994   0x0000009c   Code   RO         1684    .text               mc_w.l(strtod.o)
    0x0800aa30   0x0800aa30   0x00000000   Code   RO         1686    .text               mc_w.l(iusefp.o)
    0x0800aa30   0x0800aa30   0x0000006e   Code   RO         1687    .text               mf_w.l(fepilogue.o)
    0x0800aa9e   0x0800aa9e   0x000000ba   Code   RO         1689    .text               mf_w.l(depilogue.o)
    0x0800ab58   0x0800ab58   0x000000a2   Code   RO         1693    .text               mf_w.l(dsqrt.o)
    0x0800abfa   0x0800abfa   0x00000030   Code   RO         1695    .text               mf_w.l(dfixul.o)
    0x0800ac2a   0x0800ac2a   0x00000002   PAD
    0x0800ac2c   0x0800ac2c   0x00000030   Code   RO         1699    .text               mf_w.l(cdrcmple.o)
    0x0800ac5c   0x0800ac5c   0x00000024   Code   RO         1711    .text               mc_w.l(init.o)
    0x0800ac80   0x0800ac80   0x0000000a   Code   RO         1714    .text               mc_w.l(isspace_c.o)
    0x0800ac8a   0x0800ac8a   0x00000002   PAD
    0x0800ac8c   0x0800ac8c   0x00000360   Code   RO         1716    .text               mc_w.l(scanf_fp.o)
    0x0800afec   0x0800afec   0x00000040   Code   RO         1720    .text               mc_w.l(_sgetc.o)
    0x0800b02c   0x0800b02c   0x0000001a   Code   RO         1723    .text               mf_w.l(dfltui.o)
    0x0800b046   0x0800b046   0x00000002   PAD
    0x0800b048   0x0800b048   0x00000028   Code   RO         1725    .text               mc_w.l(ctype_c.o)
    0x0800b070   0x0800b070   0x00000018   Code   RO         1728    .text               mf_w.l(dfltul.o)
    0x0800b088   0x0800b088   0x00000056   Code   RO         1738    .text               mc_w.l(__dczerorl2.o)
    0x0800b0de   0x0800b0de   0x00000002   PAD
    0x0800b0e0   0x0800b0e0   0x00000028   Code   RO         1582    i.__0sprintf        mc_w.l(printfa.o)
    0x0800b108   0x0800b108   0x00000030   Code   RO         1707    i.__ARM_fpclassify  m_wm.l(fpclassify.o)
    0x0800b138   0x0800b138   0x00000038   Code   RO         1288    i.__hardfp_atof     m_wm.l(atof.o)
    0x0800b170   0x0800b170   0x000000c8   Code   RO         1294    i.__hardfp_cos      m_wm.l(cos.o)
    0x0800b238   0x0800b238   0x000000c8   Code   RO         1306    i.__hardfp_sin      m_wm.l(sin.o)
    0x0800b300   0x0800b300   0x0000007a   Code   RO         1318    i.__hardfp_sqrt     m_wm.l(sqrt.o)
    0x0800b37a   0x0800b37a   0x00000006   PAD
    0x0800b380   0x0800b380   0x00000438   Code   RO         1639    i.__ieee754_rem_pio2  m_wm.l(rred.o)
    0x0800b7b8   0x0800b7b8   0x00000170   Code   RO         1622    i.__kernel_cos      m_wm.l(cos_i.o)
    0x0800b928   0x0800b928   0x000000f8   Code   RO         1709    i.__kernel_poly     m_wm.l(poly.o)
    0x0800ba20   0x0800ba20   0x00000130   Code   RO         1644    i.__kernel_sin      m_wm.l(sin_i.o)
    0x0800bb50   0x0800bb50   0x00000014   Code   RO         1626    i.__mathlib_dbl_infnan  m_wm.l(dunder.o)
    0x0800bb64   0x0800bb64   0x00000004   PAD
    0x0800bb68   0x0800bb68   0x00000020   Code   RO         1628    i.__mathlib_dbl_invalid  m_wm.l(dunder.o)
    0x0800bb88   0x0800bb88   0x00000020   Code   RO         1631    i.__mathlib_dbl_underflow  m_wm.l(dunder.o)
    0x0800bba8   0x0800bba8   0x0000000c   Code   RO         1678    i.__read_errno      mc_w.l(errno.o)
    0x0800bbb4   0x0800bbb4   0x0000000e   Code   RO         1732    i.__scatterload_copy  mc_w.l(handlers.o)
    0x0800bbc2   0x0800bbc2   0x00000002   Code   RO         1733    i.__scatterload_null  mc_w.l(handlers.o)
    0x0800bbc4   0x0800bbc4   0x0000000e   Code   RO         1734    i.__scatterload_zeroinit  mc_w.l(handlers.o)
    0x0800bbd2   0x0800bbd2   0x00000002   PAD
    0x0800bbd4   0x0800bbd4   0x0000000c   Code   RO         1679    i.__set_errno       mc_w.l(errno.o)
    0x0800bbe0   0x0800bbe0   0x00000184   Code   RO         1587    i._fp_digits        mc_w.l(printfa.o)
    0x0800bd64   0x0800bd64   0x0000000e   Code   RO         1718    i._is_digit         mc_w.l(scanf_fp.o)
    0x0800bd72   0x0800bd72   0x00000002   PAD
    0x0800bd74   0x0800bd74   0x000006dc   Code   RO         1588    i._printf_core      mc_w.l(printfa.o)
    0x0800c450   0x0800c450   0x00000024   Code   RO         1589    i._printf_post_padding  mc_w.l(printfa.o)
    0x0800c474   0x0800c474   0x0000002e   Code   RO         1590    i._printf_pre_padding  mc_w.l(printfa.o)
    0x0800c4a2   0x0800c4a2   0x0000000a   Code   RO         1592    i._sputc            mc_w.l(printfa.o)
    0x0800c4ac   0x0800c4ac   0x00000018   Code   RO         1703    i.fabs              m_wm.l(fabs.o)
    0x0800c4c4   0x0800c4c4   0x00000012   Data   RO          683    .constdata          led8.o
    0x0800c4d6   0x0800c4d6   0x00000100   Data   RO         1118    .constdata          os_core.o
    0x0800c5d6   0x0800c5d6   0x00000002   PAD
    0x0800c5d8   0x0800c5d8   0x00000030   Data   RO         1623    .constdata          m_wm.l(cos_i.o)
    0x0800c608   0x0800c608   0x000000c8   Data   RO         1641    .constdata          m_wm.l(rred.o)
    0x0800c6d0   0x0800c6d0   0x00000028   Data   RO         1645    .constdata          m_wm.l(sin_i.o)
    0x0800c6f8   0x0800c6f8   0x00000040   Data   RO         1726    .constdata          mc_w.l(ctype_c.o)
    0x0800c738   0x0800c738   0x00000020   Data   RO         1730    Region$$Table       anon$$obj.o


    Execution Region RW_IRAM1 (Exec base: 0x20000000, Load base: 0x0800c758, Size: 0x00009080, Max: 0x00020000, ABSOLUTE, COMPRESSED[0x00000084])

    Exec Addr    Load Addr    Size         Type   Attr      Idx    E Section Name        Object

    0x20000000   COMPRESSED   0x00000014   Data   RW          139    .data               can2.o
    0x20000014   COMPRESSED   0x00000004   Data   RW          173    .data               main.o
    0x20000018   COMPRESSED   0x00000028   Data   RW          255    .data               param.o
    0x20000040   COMPRESSED   0x00000001   Data   RW          313    .data               usart1.o
    0x20000041   COMPRESSED   0x00000001   Data   RW          341    .data               usart2.o
    0x20000042   COMPRESSED   0x00000001   Data   RW          378    .data               usart3.o
    0x20000043   COMPRESSED   0x00000001   PAD
    0x20000044   COMPRESSED   0x00000009   Data   RW          409    .data               usart4.o
    0x2000004d   COMPRESSED   0x00000001   PAD
    0x2000004e   COMPRESSED   0x00000004   Data   RW          437    .data               usart5.o
    0x20000052   COMPRESSED   0x0000000e   Data   RW          465    .data               lcd.o
    0x20000060   COMPRESSED   0x00000090   Data   RW          523    .data               pid.o
    0x200000f0   COMPRESSED   0x00000001   Data   RW          554    .data               run.o
    0x200000f1   COMPRESSED   0x00000003   PAD
    0x200000f4   COMPRESSED   0x00000009   Data   RW          585    .data               queue.o
    0x200000fd   COMPRESSED   0x00000010   Data   RW          999    .data               stm32f4xx_rcc.o
    0x2000010d   COMPRESSED   0x00000003   PAD
    0x20000110   COMPRESSED   0x00000014   Data   RW         1073    .data               system_stm32f4xx.o
    0x20000124   COMPRESSED   0x0000004c   Data   RW         1119    .data               os_core.o
    0x20000170   COMPRESSED   0x00000004   Data   RW         1245    .data               os_cpu_c.o
    0x20000174   COMPRESSED   0x00000004   Data   RW         1680    .data               mc_w.l(errno.o)
    0x20000178        -       0x00006010   Zero   RW          172    .bss                main.o
    0x20006188        -       0x00000bc7   Zero   RW          254    .bss                param.o
    0x20006d4f        -       0x00000053   Zero   RW          312    .bss                usart1.o
    0x20006da2        -       0x0000003c   Zero   RW          340    .bss                usart2.o
    0x20006dde        -       0x0000003c   Zero   RW          377    .bss                usart3.o
    0x20006e1a   COMPRESSED   0x00000002   PAD
    0x20006e1c        -       0x000000a4   Zero   RW          408    .bss                usart4.o
    0x20006ec0        -       0x00000053   Zero   RW          436    .bss                usart5.o
    0x20006f13        -       0x0000001e   Zero   RW          464    .bss                lcd.o
    0x20006f31   COMPRESSED   0x00000003   PAD
    0x20006f34        -       0x000000a4   Zero   RW          522    .bss                pid.o
    0x20006fd8        -       0x000000f8   Zero   RW          553    .bss                run.o
    0x200070d0        -       0x00001bac   Zero   RW         1117    .bss                os_core.o
    0x20008c7c   COMPRESSED   0x00000004   PAD
    0x20008c80        -       0x00000400   Zero   RW         1109    STACK               startup_stm32f4xx.o


==============================================================================

Image component sizes


      Code (inc. data)   RO Data    RW Data    ZI Data      Debug   Object Name

        56          4          0          0          0        521   beep.o
      1380         64          0          0          0     254843   can1.o
      1320         52          0         20          0       2159   can2.o
       412         12          0          0          0       1452   cancontrolist.o
        68          0          0          0          0       1010   delay.o
       836         22          0          0          0       1334   key.o
      3308        324          0         14         30       2267   lcd.o
        72          6          0          0          0        532   led.o
       152         10         18          0          0       1261   led8.o
      1216        136          0          4      24592      71956   main.o
       224         20          0          0          0       1949   misc.o
       988         14          0          0          0       4057   motor.o
      2240        216        256         76       7084      15618   os_core.o
       176         32          0          0          0        304   os_cpu_a.o
       648         16          0          4          0      41957   os_cpu_c.o
      2060         42          0          0          0       7192   os_flag.o
       484         16          0          0          0       3272   os_mem.o
      1512         30          0          0          0       5757   os_q.o
      1984         70          0          0          0       7873   os_task.o
       428         28          0          0          0       1866   os_time.o
       252         44          0         40       3015       3479   param.o
      2804        126          0        144        164       3654   pid.o
       628         46          0          9          0       1735   queue.o
      4368        232          0          1        248       5445   run.o
        36          8        392          0       1024        836   startup_stm32f4xx.o
      2544         38          0          0          0       8276   stm32f4xx_can.o
       936         32          0          0          0       6525   stm32f4xx_dma.o
       604         36          0          0          0       4253   stm32f4xx_gpio.o
        36          0          0          0          0       1163   stm32f4xx_it.o
      1416         48          0         16          0      11195   stm32f4xx_rcc.o
      3234         60          0          0          0      23148   stm32f4xx_tim.o
      1050         26          0          0          0       7992   stm32f4xx_usart.o
       528         46          0         20          0       1847   system_stm32f4xx.o
       208         22          0          0          0        745   tim3.o
       544         32          0          1         83       1983   usart1.o
       972         72          0          1         60       1901   usart2.o
       648         40          0          1         60       1733   usart3.o
       624         36          0          9        164       2138   usart4.o
       672         42          0          4         83       2356   usart5.o

    ----------------------------------------------------------------------
     41672       2100        700        372      36616     517584   Object Totals
         0          0         32          0          0          0   (incl. Generated)
         4          0          2          8          9          0   (incl. Padding)

    ----------------------------------------------------------------------

      Code (inc. data)   RO Data    RW Data    ZI Data      Debug   Library Member Name

        56         12          0          0          0        132   atof.o
       200         20          0          0          0        164   cos.o
       368         46         48          0          0        200   cos_i.o
        84         16          0          0          0        372   dunder.o
        24          0          0          0          0        124   fabs.o
        48          0          0          0          0        124   fpclassify.o
       248          0          0          0          0        152   poly.o
      1080        142        200          0          0        188   rred.o
       200         20          0          0          0        164   sin.o
       304         24         40          0          0        208   sin_i.o
       122          0          0          0          0        148   sqrt.o
        86          0          0          0          0          0   __dczerorl2.o
        64          0          0          0          0         84   _sgetc.o
        40          6         64          0          0         68   ctype_c.o
         0          0          0          0          0          0   entry.o
         0          0          0          0          0          0   entry10a.o
         0          0          0          0          0          0   entry11a.o
         8          4          0          0          0          0   entry2.o
         4          0          0          0          0          0   entry5.o
         0          0          0          0          0          0   entry7b.o
         0          0          0          0          0          0   entry8b.o
         8          4          0          0          0          0   entry9a.o
        24         12          0          4          0        136   errno.o
        30          0          0          0          0          0   handlers.o
        36          8          0          0          0         68   init.o
        10          0          0          0          0         68   isspace_c.o
         0          0          0          0          0          0   iusefp.o
        30          0          0          0          0         68   llshl.o
        36          0          0          0          0         68   llsshr.o
        32          0          0          0          0         68   llushr.o
        36          0          0          0          0         68   memcpya.o
        36          0          0          0          0        108   memseta.o
      2276         86          0          0          0        520   printfa.o
       878         12          0          0          0        216   scanf_fp.o
         8          0          0          0          0         68   siabs.o
        18          0          0          0          0         68   strcpy.o
        14          0          0          0          0         68   strlen.o
       156         12          0          0          0        120   strtod.o
        44          0          0          0          0         80   uidiv.o
        98          0          0          0          0         92   uldiv.o
        48          0          0          0          0         68   cdrcmple.o
        56          0          0          0          0         88   d2f.o
       334          0          0          0          0        148   dadd.o
       222          0          0          0          0        100   ddiv.o
       186          0          0          0          0        176   depilogue.o
        62          0          0          0          0         80   dfixi.o
        48          0          0          0          0         68   dfixul.o
        34          0          0          0          0         76   dflti.o
        26          0          0          0          0         76   dfltui.o
        24          0          0          0          0         76   dfltul.o
       228          0          0          0          0         96   dmul.o
       162          0          0          0          0        100   dsqrt.o
        38          0          0          0          0         68   f2d.o
       110          0          0          0          0        168   fepilogue.o

    ----------------------------------------------------------------------
      8308        424        352          4          0       5400   Library Totals
        24          0          0          0          0          0   (incl. Padding)

    ----------------------------------------------------------------------

      Code (inc. data)   RO Data    RW Data    ZI Data      Debug   Library Name

      2734        280        288          0          0       1976   m_wm.l
      3972        144         64          4          0       2036   mc_w.l
      1578          0          0          0          0       1388   mf_w.l

    ----------------------------------------------------------------------
      8308        424        352          4          0       5400   Library Totals

    ----------------------------------------------------------------------

==============================================================================


      Code (inc. data)   RO Data    RW Data    ZI Data      Debug   

     49980       2524       1052        376      36616     513548   Grand Totals
     49980       2524       1052        132      36616     513548   ELF Image Totals (compressed)
     49980       2524       1052        132          0          0   ROM Totals

==============================================================================

    Total RO  Size (Code + RO Data)                51032 (  49.84kB)
    Total RW  Size (RW Data + ZI Data)             36992 (  36.13kB)
    Total ROM Size (Code + RO Data + RW Data)      51164 (  49.96kB)

==============================================================================

