Component: ARM Compiler 5.06 update 6 (build 750) Tool: armlink [4d35ed]

==============================================================================

Section Cross References

    main.o(.text) refers to beep.o(.text) for Beep_Show
    main.o(.text) refers to printf6.o(i.__0sprintf$6) for __2sprintf
    main.o(.text) refers to os_time.o(.text) for OSTimeDly
    main.o(.text) refers to motor.o(.text) for Elmo_StopMotor
    main.o(.text) refers to os_sem.o(.text) for OSSemPend
    main.o(.text) refers to can1.o(.text) for ResetPosition_EN
    main.o(.text) refers to run.o(.text) for RunPoint
    main.o(.text) refers to param.o(.bss) for gyroscope
    main.o(.text) refers to main.o(.data) for gyroscope_cnt
    main.o(.text) refers to run.o(.bss) for position_now
    main.o(.text) refers to pid.o(.bss) for angle_pid
    main.o(.text) refers to beep.o(.data) for beep_on_num
    main.o(.text) refers to param.o(.data) for RUN
    main.o(.text) refers to led8.o(.text) for Led8DisData
    main.o(.text) refers to os_cpu_c.o(.text) for OS_CPU_SysTickInit
    main.o(.text) refers to os_cpu_a.o(.text) for OS_CPU_SR_Save
    main.o(.text) refers to os_flag.o(.text) for OSFlagCreate
    main.o(.text) refers to can2.o(.text) for Can2selfcheck
    main.o(.text) refers to os_task.o(.text) for OSTaskCreate
    main.o(.text) refers to main.o(.bss) for points_zero
    main.o(.text) refers to tim3.o(.text) for TIM3_Configuration
    main.o(.text) refers to pid.o(.text) for pid_act
    main.o(.text) refers to system_stm32f4xx.o(.text) for SystemInit
    main.o(.text) refers to param.o(.text) for para_init
    main.o(.text) refers to led.o(.text) for LED_Configuration
    main.o(.text) refers to key.o(.text) for KEY_Configuration
    main.o(.text) refers to queue.o(.text) for Can_SendqueueInit
    main.o(.text) refers to usart1.o(.text) for USART1_Configuration
    main.o(.text) refers to usart2.o(.text) for USART2_Configuration
    main.o(.text) refers to usart3.o(.text) for USART3_Configuration
    main.o(.text) refers to usart4.o(.text) for USART4_Configuration
    main.o(.text) refers to usart5.o(.text) for USART5_Configuration
    main.o(.text) refers to cancontrolist.o(.text) for InitCANControlList
    main.o(.text) refers to os_core.o(.text) for OSInit
    main.o(.text) refers to can1.o(.bss) for CAN1_MesgSentList
    main.o(.text) refers to can2.o(.bss) for CAN2_MesgSentList
    param.o(.text) refers to strcpy.o(.text) for strcpy
    param.o(.text) refers to param.o(.constdata) for .constdata
    param.o(.text) refers to param.o(.bss) for motor
    param.o(.text) refers to param.o(.data) for lcd
    can1.o(.text) refers to stm32f4xx_rcc.o(.text) for RCC_APB1PeriphClockCmd
    can1.o(.text) refers to stm32f4xx_gpio.o(.text) for GPIO_PinAFConfig
    can1.o(.text) refers to misc.o(.text) for NVIC_Init
    can1.o(.text) refers to stm32f4xx_can.o(.text) for CAN_DeInit
    can1.o(.text) refers to dflti.o(.text) for __aeabi_i2d
    can1.o(.text) refers to dmul.o(.text) for __aeabi_dmul
    can1.o(.text) refers to d2f.o(.text) for __aeabi_d2f
    can1.o(.text) refers to f2d.o(.text) for __aeabi_f2d
    can1.o(.text) refers to sin.o(i.__hardfp_sin) for __hardfp_sin
    can1.o(.text) refers to cos.o(i.__hardfp_cos) for __hardfp_cos
    can1.o(.text) refers to dadd.o(.text) for __aeabi_dadd
    can1.o(.text) refers to param.o(.bss) for gyroscope
    can1.o(.text) refers to run.o(.bss) for position_now
    can1.o(.text) refers to sqrt.o(i.__hardfp_sqrt) for __hardfp_sqrt
    can1.o(.text) refers to os_flag.o(.text) for OSFlagPost
    can1.o(.text) refers to os_cpu_a.o(.text) for OS_CPU_SR_Save
    can1.o(.text) refers to can1.o(.bss) for CAN1_MesgSentList
    can1.o(.text) refers to param.o(.data) for ErrorCan1
    can1.o(.text) refers to can1.o(.data) for Registration2
    can1.o(.text) refers to queue.o(.bss) for can1_sendqueue
    can2.o(.text) refers to stm32f4xx_rcc.o(.text) for RCC_APB1PeriphClockCmd
    can2.o(.text) refers to stm32f4xx_gpio.o(.text) for GPIO_PinAFConfig
    can2.o(.text) refers to misc.o(.text) for NVIC_Init
    can2.o(.text) refers to stm32f4xx_can.o(.text) for CAN_DeInit
    can2.o(.text) refers to memcpya.o(.text) for __aeabi_memcpy4
    can2.o(.text) refers to os_flag.o(.text) for OSFlagPost
    can2.o(.text) refers to printf6.o(i.__0sprintf$6) for __2sprintf
    can2.o(.text) refers to strcat.o(.text) for strcat
    can2.o(.text) refers to can2.o(.constdata) for .constdata
    can2.o(.text) refers to can2.o(.bss) for rx_mes
    can2.o(.text) refers to param.o(.data) for ErrorCan2
    can2.o(.text) refers to param.o(.bss) for motor
    can2.o(.text) refers to can2.o(.data) for MOFlag
    can2.o(.text) refers to queue.o(.bss) for can2_sendqueue
    tim3.o(.text) refers to stm32f4xx_rcc.o(.text) for RCC_APB1PeriphClockCmd
    tim3.o(.text) refers to misc.o(.text) for NVIC_Init
    tim3.o(.text) refers to stm32f4xx_tim.o(.text) for TIM_TimeBaseInit
[...]
    USART2_Configuration                     0x08003cb9   Thumb Code   310  usart2.o(.text)
    DMA1_Stream6_IRQHandler                  0x08003def   Thumb Code    38  usart2.o(.text)
    USART2_IRQHandler                        0x08003e15   Thumb Code   232  usart2.o(.text)
    USART3_Configuration                     0x08003f1d   Thumb Code   316  usart3.o(.text)
    DMA1_Stream3_IRQHandler                  0x08004059   Thumb Code    32  usart3.o(.text)
    USART3_IRQHandler                        0x08004079   Thumb Code   272  usart3.o(.text)
    USART4_Configuration                     0x080041a5   Thumb Code   312  usart4.o(.text)
    USART4_sendData                          0x080042dd   Thumb Code    46  usart4.o(.text)
    UART4_IRQHandler                         0x0800430b   Thumb Code   192  usart4.o(.text)
    DMA1_Stream4_IRQHandler                  0x080043cb   Thumb Code    38  usart4.o(.text)
    USART5_Configuration                     0x08004419   Thumb Code   342  usart5.o(.text)
    UART5_IRQHandler                         0x0800456f   Thumb Code   202  usart5.o(.text)
    DMA1_Stream7_IRQHandler                  0x08004639   Thumb Code    38  usart5.o(.text)
    USART5_sendData                          0x0800465f   Thumb Code    46  usart5.o(.text)
    Communication_With_TR                    0x0800468d   Thumb Code     2  usart5.o(.text)
    InitCANControlList                       0x080046bd   Thumb Code   174  cancontrolist.o(.text)
    TraversalControlList                     0x0800476b   Thumb Code   414  cancontrolist.o(.text)
    CANMesgControlList                       0x08004909   Thumb Code   520  cancontrolist.o(.text)
    PidInit                                  0x08004b15   Thumb Code    66  pid.o(.text)
    PidLockAngle                             0x08004b57   Thumb Code   390  pid.o(.text)
    PidRunPoint                              0x08004cdd   Thumb Code   766  pid.o(.text)
    PidRunBezier                             0x08004fdb   Thumb Code  1542  pid.o(.text)
    PidLockPoint                             0x080055e1   Thumb Code  1792  pid.o(.text)
    pid_act                                  0x08005ce1   Thumb Code    98  pid.o(.text)
    RunPoint                                 0x08005d5d   Thumb Code  1328  run.o(.text)
    QuadrantIs                               0x08006399   Thumb Code   214  run.o(.text)
    calculate_wheel_speed                    0x0800646f   Thumb Code  1358  run.o(.text)
    SetChassisVelocity                       0x080069bd   Thumb Code   274  run.o(.text)
    Rotate                                   0x08006acf   Thumb Code   376  run.o(.text)
    CountBezierCoefficient                   0x08006c47   Thumb Code   186  run.o(.text)
    CountBezierXYbyT                         0x08006d01   Thumb Code    98  run.o(.text)
    CountBezierCurvaturebyT                  0x08006d63   Thumb Code   394  run.o(.text)
    RunBezier                                0x08006eed   Thumb Code  1016  run.o(.text)
    RunPointSpeedUp                          0x080072e5   Thumb Code   534  run.o(.text)
    RunPointSpeedDown                        0x080074fb   Thumb Code   986  run.o(.text)
    RunPointRotate                           0x080078d5   Thumb Code   416  run.o(.text)
    SetPointSpeedBase                        0x08007a75   Thumb Code   202  run.o(.text)
    RunBezierSpeedUp                         0x08007b3f   Thumb Code   338  run.o(.text)
    RunBezierSpeedDown                       0x08007c91   Thumb Code   784  run.o(.text)
    RunBezierRotate                          0x08007fa1   Thumb Code   212  run.o(.text)
    RunBezierFollowAngle                     0x08008075   Thumb Code   342  run.o(.text)
    Can_SendqueueInit                        0x080081fd   Thumb Code    24  queue.o(.text)
    Can_EnQueue                              0x08008215   Thumb Code    60  queue.o(.text)
    Can_DeQueue                              0x08008251   Thumb Code   356  queue.o(.text)
    usart_queue_init                         0x080083b5   Thumb Code    72  queue.o(.text)
    Usart_EnQueue                            0x080083fd   Thumb Code    90  queue.o(.text)
    Usart_GetQueueLength                     0x08008457   Thumb Code    46  queue.o(.text)
    Usart_DeQueue                            0x08008485   Thumb Code    74  queue.o(.text)
    EncodeFloatData                          0x08008519   Thumb Code    40  motor.o(.text)
    Elmo_Ele                                 0x08008541   Thumb Code   204  motor.o(.text)
    Elmo_SetParameter                        0x0800860d   Thumb Code   232  motor.o(.text)
    Elmo_GetVX                               0x080086f5   Thumb Code   160  motor.o(.text)
    turn_motor_4PAx30                        0x08008795   Thumb Code   204  motor.o(.text)
    turn_motor_singlePAx30                   0x08008861   Thumb Code   200  motor.o(.text)
    C3508_PidHard                            0x08008929   Thumb Code   164  motor.o(.text)
    turn_motor_ST                            0x080089cd   Thumb Code   136  motor.o(.text)
    turn_motor_SZ                            0x08008a55   Thumb Code   150  motor.o(.text)
    turn_motor_sp                            0x08008aeb   Thumb Code   162  motor.o(.text)
    turn_motor_mo                            0x08008b8d   Thumb Code   148  motor.o(.text)
    C3508_Check                              0x08008c21   Thumb Code   164  motor.o(.text)
    turn_motor_ask                           0x08008cc5   Thumb Code   162  motor.o(.text)
    arm_motor_init                           0x08008d67   Thumb Code    68  motor.o(.text)
    Elmo_Setspeed                            0x08008dab   Thumb Code   226  motor.o(.text)
    Elmo_SetAC                               0x08008e8d   Thumb Code   164  motor.o(.text)
    AskElmo_MasterPosition                   0x08008f31   Thumb Code   148  motor.o(.text)
    Elmo_MasterPosition                      0x08008fc5   Thumb Code   164  motor.o(.text)
    Elmo_AbsolutePosition                    0x08009069   Thumb Code   192  motor.o(.text)
    Elmo_StartMotor                          0x08009129   Thumb Code   178  motor.o(.text)
    Elmo_SelectMode                          0x080091db   Thumb Code   164  motor.o(.text)
    Elmo_PTP_Speed                           0x0800927f   Thumb Code   174  motor.o(.text)
    Elmo_RelieveMotor                        0x0800932d   Thumb Code   168  motor.o(.text)
    Elmo_StopMotor                           0x080093d5   Thumb Code   162  motor.o(.text)
    Elmo_Begin                               0x08009477   Thumb Code   170  motor.o(.text)
    Elmo_GetError                            0x08009521   Thumb Code   200  motor.o(.text)
    Elmo_GetIQA                              0x080095e9   Thumb Code   148  motor.o(.text)
    Elmo_GetIDA                              0x0800967d   Thumb Code   148  motor.o(.text)
    Elmo_SetTC                               0x08009711   Thumb Code   178  motor.o(.text)
    __ELMOSETPX                              0x080097c3   Thumb Code   206  motor.o(.text)
    turn_motor_init                          0x08009891   Thumb Code    52  motor.o(.text)
    Delay_ms                                 0x080098d1   Thumb Code    28  delay.o(.text)
    Delay_us                                 0x080098ed   Thumb Code    26  delay.o(.text)
    Delay                                    0x08009907   Thumb Code    14  delay.o(.text)
    LED_Configuration                        0x08009915   Thumb Code    66  led.o(.text)
    Led8_Configuration                       0x0800995d   Thumb Code    64  led8.o(.text)
    Led8DisData                              0x0800999d   Thumb Code    78  led8.o(.text)
    NMI_Handler                              0x080099f5   Thumb Code     2  stm32f4xx_it.o(.text)
    HardFault_Handler                        0x080099f7   Thumb Code    24  stm32f4xx_it.o(.text)
    MemManage_Handler                        0x08009a0f   Thumb Code     4  stm32f4xx_it.o(.text)
    BusFault_Handler                         0x08009a13   Thumb Code     4  stm32f4xx_it.o(.text)
    UsageFault_Handler                       0x08009a17   Thumb Code     4  stm32f4xx_it.o(.text)
    SVC_Handler                              0x08009a1b   Thumb Code     2  stm32f4xx_it.o(.text)
    DebugMon_Handler                         0x08009a1d   Thumb Code     2  stm32f4xx_it.o(.text)
    Beep_Configuration                       0x08009a25   Thumb Code    52  beep.o(.text)
    Beep_Show                                0x08009a59   Thumb Code    48  beep.o(.text)
    Beep_Start                               0x08009a89   Thumb Code   144  beep.o(.text)
    KEY_Configuration                        0x08009b1d   Thumb Code   352  key.o(.text)
    Check_Matrixkey                          0x08009c7d   Thumb Code   422  key.o(.text)
    Check_Dialkey                            0x08009e23   Thumb Code    40  key.o(.text)
    NVIC_PriorityGroupConfig                 0x08009e61   Thumb Code    10  misc.o(.text)
    NVIC_Init                                0x08009e6b   Thumb Code   106  misc.o(.text)
    NVIC_SetVectorTable                      0x08009ed5   Thumb Code    14  misc.o(.text)
    NVIC_SystemLPConfig                      0x08009ee3   Thumb Code    34  misc.o(.text)
    SysTick_CLKSourceConfig                  0x08009f05   Thumb Code    40  misc.o(.text)
    CAN_DeInit                               0x08009f41   Thumb Code    50  stm32f4xx_can.o(.text)
    CAN_Init                                 0x08009f73   Thumb Code   276  stm32f4xx_can.o(.text)
    CAN_FilterInit                           0x0800a087   Thumb Code   258  stm32f4xx_can.o(.text)
    CAN_StructInit                           0x0800a189   Thumb Code    32  stm32f4xx_can.o(.text)
    CAN_SlaveStartBank                       0x0800a1a9   Thumb Code    48  stm32f4xx_can.o(.text)
    CAN_DBGFreeze                            0x0800a1d9   Thumb Code    22  stm32f4xx_can.o(.text)
    CAN_TTComModeCmd                         0x0800a1ef   Thumb Code   118  stm32f4xx_can.o(.text)
    CAN_Transmit                             0x0800a265   Thumb Code   304  stm32f4xx_can.o(.text)
    CAN_TransmitStatus                       0x0800a395   Thumb Code   138  stm32f4xx_can.o(.text)
    CAN_CancelTransmit                       0x0800a41f   Thumb Code    48  stm32f4xx_can.o(.text)
    CAN_Receive                              0x0800a44f   Thumb Code   240  stm32f4xx_can.o(.text)
    CAN_FIFORelease                          0x0800a53f   Thumb Code    22  stm32f4xx_can.o(.text)
    CAN_MessagePending                       0x0800a555   Thumb Code    30  stm32f4xx_can.o(.text)
    CAN_OperatingModeRequest                 0x0800a573   Thumb Code   162  stm32f4xx_can.o(.text)
    CAN_Sleep                                0x0800a615   Thumb Code    30  stm32f4xx_can.o(.text)
    CAN_WakeUp                               0x0800a633   Thumb Code    48  stm32f4xx_can.o(.text)
    CAN_GetLastErrorCode                     0x0800a663   Thumb Code    12  stm32f4xx_can.o(.text)
    CAN_GetReceiveErrorCounter               0x0800a66f   Thumb Code    10  stm32f4xx_can.o(.text)
    CAN_GetLSBTransmitErrorCounter           0x0800a679   Thumb Code    12  stm32f4xx_can.o(.text)
    CAN_ITConfig                             0x0800a685   Thumb Code    18  stm32f4xx_can.o(.text)
    CAN_GetFlagStatus                        0x0800a697   Thumb Code   120  stm32f4xx_can.o(.text)
    CAN_ClearFlag                            0x0800a70f   Thumb Code    52  stm32f4xx_can.o(.text)
    CAN_GetITStatus                          0x0800a755   Thumb Code   310  stm32f4xx_can.o(.text)
    CAN_ClearITPendingBit                    0x0800a88b   Thumb Code   162  stm32f4xx_can.o(.text)
    DMA_DeInit                               0x0800a931   Thumb Code   324  stm32f4xx_dma.o(.text)
    DMA_Init                                 0x0800aa75   Thumb Code    82  stm32f4xx_dma.o(.text)
    DMA_StructInit                           0x0800aac7   Thumb Code    34  stm32f4xx_dma.o(.text)
    DMA_Cmd                                  0x0800aae9   Thumb Code    22  stm32f4xx_dma.o(.text)
    DMA_PeriphIncOffsetSizeConfig            0x0800aaff   Thumb Code    22  stm32f4xx_dma.o(.text)
    DMA_FlowControllerConfig                 0x0800ab15   Thumb Code    22  stm32f4xx_dma.o(.text)
    DMA_SetCurrDataCounter                   0x0800ab2b   Thumb Code     4  stm32f4xx_dma.o(.text)
    DMA_GetCurrDataCounter                   0x0800ab2f   Thumb Code     8  stm32f4xx_dma.o(.text)
    DMA_DoubleBufferModeConfig               0x0800ab37   Thumb Code    24  stm32f4xx_dma.o(.text)
    DMA_DoubleBufferModeCmd                  0x0800ab4f   Thumb Code    22  stm32f4xx_dma.o(.text)
    DMA_MemoryTargetConfig                   0x0800ab65   Thumb Code    10  stm32f4xx_dma.o(.text)
    DMA_GetCurrentMemoryTarget               0x0800ab6f   Thumb Code    20  stm32f4xx_dma.o(.text)
    DMA_GetCmdStatus                         0x0800ab83   Thumb Code    20  stm32f4xx_dma.o(.text)
    DMA_GetFIFOStatus                        0x0800ab97   Thumb Code    12  stm32f4xx_dma.o(.text)
    DMA_GetFlagStatus                        0x0800aba3   Thumb Code    56  stm32f4xx_dma.o(.text)
    DMA_ClearFlag                            0x0800abdb   Thumb Code    40  stm32f4xx_dma.o(.text)
    DMA_ITConfig                             0x0800ac03   Thumb Code    58  stm32f4xx_dma.o(.text)
    DMA_GetITStatus                          0x0800ac3d   Thumb Code    84  stm32f4xx_dma.o(.text)
    DMA_ClearITPendingBit                    0x0800ac91   Thumb Code    40  stm32f4xx_dma.o(.text)
    GPIO_DeInit                              0x0800acd9   Thumb Code   220  stm32f4xx_gpio.o(.text)
    GPIO_Init                                0x0800adb5   Thumb Code   144  stm32f4xx_gpio.o(.text)
    GPIO_StructInit                          0x0800ae45   Thumb Code    18  stm32f4xx_gpio.o(.text)
    GPIO_PinLockConfig                       0x0800ae57   Thumb Code    34  stm32f4xx_gpio.o(.text)
    GPIO_ReadInputDataBit                    0x0800ae79   Thumb Code    18  stm32f4xx_gpio.o(.text)
    GPIO_ReadInputData                       0x0800ae8b   Thumb Code     8  stm32f4xx_gpio.o(.text)
    GPIO_ReadOutputDataBit                   0x0800ae93   Thumb Code    18  stm32f4xx_gpio.o(.text)
    GPIO_ReadOutputData                      0x0800aea5   Thumb Code     8  stm32f4xx_gpio.o(.text)
    GPIO_SetBits                             0x0800aead   Thumb Code     4  stm32f4xx_gpio.o(.text)
    GPIO_ResetBits                           0x0800aeb1   Thumb Code     4  stm32f4xx_gpio.o(.text)
    GPIO_WriteBit                            0x0800aeb5   Thumb Code    10  stm32f4xx_gpio.o(.text)
    GPIO_Write                               0x0800aebf   Thumb Code     4  stm32f4xx_gpio.o(.text)
    GPIO_ToggleBits                          0x0800aec3   Thumb Code     8  stm32f4xx_gpio.o(.text)
    GPIO_PinAFConfig                         0x0800aecb   Thumb Code    70  stm32f4xx_gpio.o(.text)
    RCC_DeInit                               0x0800af35   Thumb Code    60  stm32f4xx_rcc.o(.text)
    RCC_HSEConfig                            0x0800af71   Thumb Code    14  stm32f4xx_rcc.o(.text)
    RCC_GetFlagStatus                        0x0800af7f   Thumb Code    60  stm32f4xx_rcc.o(.text)
    RCC_WaitForHSEStartUp                    0x0800afbb   Thumb Code    56  stm32f4xx_rcc.o(.text)
    RCC_AdjustHSICalibrationValue            0x0800aff3   Thumb Code    20  stm32f4xx_rcc.o(.text)
    RCC_HSICmd                               0x0800b007   Thumb Code     6  stm32f4xx_rcc.o(.text)
    RCC_LSEConfig                            0x0800b00d   Thumb Code    46  stm32f4xx_rcc.o(.text)
    RCC_LSICmd                               0x0800b03b   Thumb Code     6  stm32f4xx_rcc.o(.text)
    RCC_PLLConfig                            0x0800b041   Thumb Code    32  stm32f4xx_rcc.o(.text)
    RCC_PLLCmd                               0x0800b061   Thumb Code     6  stm32f4xx_rcc.o(.text)
    RCC_PLLI2SConfig                         0x0800b067   Thumb Code    14  stm32f4xx_rcc.o(.text)
    RCC_PLLI2SCmd                            0x0800b075   Thumb Code     6  stm32f4xx_rcc.o(.text)
    RCC_ClockSecuritySystemCmd               0x0800b07b   Thumb Code     6  stm32f4xx_rcc.o(.text)
    RCC_MCO1Config                           0x0800b081   Thumb Code    28  stm32f4xx_rcc.o(.text)
    RCC_MCO2Config                           0x0800b09d   Thumb Code    28  stm32f4xx_rcc.o(.text)
    RCC_SYSCLKConfig                         0x0800b0b9   Thumb Code    20  stm32f4xx_rcc.o(.text)
    RCC_GetSYSCLKSource                      0x0800b0cd   Thumb Code    12  stm32f4xx_rcc.o(.text)
    RCC_HCLKConfig                           0x0800b0d9   Thumb Code    20  stm32f4xx_rcc.o(.text)
    RCC_PCLK1Config                          0x0800b0ed   Thumb Code    20  stm32f4xx_rcc.o(.text)
    RCC_PCLK2Config                          0x0800b101   Thumb Code    22  stm32f4xx_rcc.o(.text)
    RCC_GetClocksFreq                        0x0800b117   Thumb Code   222  stm32f4xx_rcc.o(.text)
    RCC_RTCCLKConfig                         0x0800b1f5   Thumb Code    54  stm32f4xx_rcc.o(.text)
    RCC_RTCCLKCmd                            0x0800b22b   Thumb Code     8  stm32f4xx_rcc.o(.text)
    RCC_BackupResetCmd                       0x0800b233   Thumb Code     8  stm32f4xx_rcc.o(.text)
    RCC_I2SCLKConfig                         0x0800b23b   Thumb Code     6  stm32f4xx_rcc.o(.text)
    RCC_AHB1PeriphClockCmd                   0x0800b241   Thumb Code    34  stm32f4xx_rcc.o(.text)
    RCC_AHB2PeriphClockCmd                   0x0800b263   Thumb Code    34  stm32f4xx_rcc.o(.text)
    RCC_AHB3PeriphClockCmd                   0x0800b285   Thumb Code    34  stm32f4xx_rcc.o(.text)
    RCC_APB1PeriphClockCmd                   0x0800b2a7   Thumb Code    34  stm32f4xx_rcc.o(.text)
    RCC_APB2PeriphClockCmd                   0x0800b2c9   Thumb Code    34  stm32f4xx_rcc.o(.text)
    RCC_AHB1PeriphResetCmd                   0x0800b2eb   Thumb Code    34  stm32f4xx_rcc.o(.text)
    RCC_AHB2PeriphResetCmd                   0x0800b30d   Thumb Code    72  stm32f4xx_rcc.o(.text)
    RCC_AHB3PeriphResetCmd                   0x0800b355   Thumb Code    34  stm32f4xx_rcc.o(.text)
    RCC_APB1PeriphResetCmd                   0x0800b377   Thumb Code    34  stm32f4xx_rcc.o(.text)
    RCC_APB2PeriphResetCmd                   0x0800b399   Thumb Code    34  stm32f4xx_rcc.o(.text)
    RCC_AHB1PeriphClockLPModeCmd             0x0800b3bb   Thumb Code    34  stm32f4xx_rcc.o(.text)
    RCC_AHB2PeriphClockLPModeCmd             0x0800b3dd   Thumb Code    34  stm32f4xx_rcc.o(.text)
    RCC_AHB3PeriphClockLPModeCmd             0x0800b3ff   Thumb Code    34  stm32f4xx_rcc.o(.text)
    RCC_APB1PeriphClockLPModeCmd             0x0800b421   Thumb Code    34  stm32f4xx_rcc.o(.text)
    RCC_APB2PeriphClockLPModeCmd             0x0800b443   Thumb Code    34  stm32f4xx_rcc.o(.text)
    RCC_ITConfig                             0x0800b465   Thumb Code    34  stm32f4xx_rcc.o(.text)
    RCC_ClearFlag                            0x0800b487   Thumb Code    18  stm32f4xx_rcc.o(.text)
    RCC_GetITStatus                          0x0800b499   Thumb Code    22  stm32f4xx_rcc.o(.text)
    RCC_ClearITPendingBit                    0x0800b4af   Thumb Code     8  stm32f4xx_rcc.o(.text)
    TIM_DeInit                               0x0800b4bd   Thumb Code   346  stm32f4xx_tim.o(.text)
    TIM_TimeBaseInit                         0x0800b617   Thumb Code   104  stm32f4xx_tim.o(.text)
    TIM_TimeBaseStructInit                   0x0800b67f   Thumb Code    18  stm32f4xx_tim.o(.text)
    TIM_PrescalerConfig                      0x0800b691   Thumb Code     6  stm32f4xx_tim.o(.text)
    TIM_CounterModeConfig                    0x0800b697   Thumb Code    18  stm32f4xx_tim.o(.text)
    TIM_SetCounter                           0x0800b6a9   Thumb Code     4  stm32f4xx_tim.o(.text)
    TIM_SetAutoreload                        0x0800b6ad   Thumb Code     4  stm32f4xx_tim.o(.text)
    TIM_GetCounter                           0x0800b6b1   Thumb Code     6  stm32f4xx_tim.o(.text)
    TIM_GetPrescaler                         0x0800b6b7   Thumb Code     6  stm32f4xx_tim.o(.text)
    TIM_UpdateDisableConfig                  0x0800b6bd   Thumb Code    24  stm32f4xx_tim.o(.text)
    TIM_UpdateRequestConfig                  0x0800b6d5   Thumb Code    24  stm32f4xx_tim.o(.text)
    TIM_ARRPreloadConfig                     0x0800b6ed   Thumb Code    24  stm32f4xx_tim.o(.text)
    TIM_SelectOnePulseMode                   0x0800b705   Thumb Code    18  stm32f4xx_tim.o(.text)
    TIM_SetClockDivision                     0x0800b717   Thumb Code    18  stm32f4xx_tim.o(.text)
    TIM_Cmd                                  0x0800b729   Thumb Code    24  stm32f4xx_tim.o(.text)
    TIM_OC1Init                              0x0800b741   Thumb Code   114  stm32f4xx_tim.o(.text)
    TIM_OC2Init                              0x0800b7b3   Thumb Code   154  stm32f4xx_tim.o(.text)
    TIM_OC3Init                              0x0800b84d   Thumb Code   204  stm32f4xx_tim.o(.text)
    TIM_OC4Init                              0x0800b919   Thumb Code   112  stm32f4xx_tim.o(.text)
    TIM_OCStructInit                         0x0800b989   Thumb Code    20  stm32f4xx_tim.o(.text)
    TIM_SelectOCxM                           0x0800b99d   Thumb Code    86  stm32f4xx_tim.o(.text)
    TIM_SetCompare1                          0x0800b9f3   Thumb Code     4  stm32f4xx_tim.o(.text)
    TIM_SetCompare2                          0x0800b9f7   Thumb Code     4  stm32f4xx_tim.o(.text)
    TIM_SetCompare3                          0x0800b9fb   Thumb Code     4  stm32f4xx_tim.o(.text)
    TIM_SetCompare4                          0x0800b9ff   Thumb Code     4  stm32f4xx_tim.o(.text)
    TIM_ForcedOC1Config                      0x0800ba03   Thumb Code    18  stm32f4xx_tim.o(.text)
    TIM_ForcedOC2Config                      0x0800ba15   Thumb Code    26  stm32f4xx_tim.o(.text)
    TIM_ForcedOC3Config                      0x0800ba2f   Thumb Code    18  stm32f4xx_tim.o(.text)
    TIM_ForcedOC4Config                      0x0800ba41   Thumb Code    26  stm32f4xx_tim.o(.text)
    TIM_OC1PreloadConfig                     0x0800ba5b   Thumb Code    18  stm32f4xx_tim.o(.text)
    TIM_OC2PreloadConfig                     0x0800ba6d   Thumb Code    26  stm32f4xx_tim.o(.text)
    TIM_OC3PreloadConfig                     0x0800ba87   Thumb Code    18  stm32f4xx_tim.o(.text)
    TIM_OC4PreloadConfig                     0x0800ba99   Thumb Code    26  stm32f4xx_tim.o(.text)
    TIM_OC1FastConfig                        0x0800bab3   Thumb Code    18  stm32f4xx_tim.o(.text)
    TIM_OC2FastConfig                        0x0800bac5   Thumb Code    26  stm32f4xx_tim.o(.text)
    TIM_OC3FastConfig                        0x0800badf   Thumb Code    18  stm32f4xx_tim.o(.text)
    TIM_OC4FastConfig                        0x0800baf1   Thumb Code    26  stm32f4xx_tim.o(.text)
    TIM_ClearOC1Ref                          0x0800bb0b   Thumb Code    18  stm32f4xx_tim.o(.text)
    TIM_ClearOC2Ref                          0x0800bb1d   Thumb Code    24  stm32f4xx_tim.o(.text)
    TIM_ClearOC3Ref                          0x0800bb35   Thumb Code    18  stm32f4xx_tim.o(.text)
    TIM_ClearOC4Ref                          0x0800bb47   Thumb Code    24  stm32f4xx_tim.o(.text)
    TIM_OC1PolarityConfig                    0x0800bb5f   Thumb Code    18  stm32f4xx_tim.o(.text)
    TIM_OC1NPolarityConfig                   0x0800bb71   Thumb Code    18  stm32f4xx_tim.o(.text)
    TIM_OC2PolarityConfig                    0x0800bb83   Thumb Code    26  stm32f4xx_tim.o(.text)
    TIM_OC2NPolarityConfig                   0x0800bb9d   Thumb Code    26  stm32f4xx_tim.o(.text)
    TIM_OC3PolarityConfig                    0x0800bbb7   Thumb Code    26  stm32f4xx_tim.o(.text)
    TIM_OC3NPolarityConfig                   0x0800bbd1   Thumb Code    26  stm32f4xx_tim.o(.text)
    TIM_OC4PolarityConfig                    0x0800bbeb   Thumb Code    26  stm32f4xx_tim.o(.text)
    TIM_CCxCmd                               0x0800bc05   Thumb Code    30  stm32f4xx_tim.o(.text)
    TIM_CCxNCmd                              0x0800bc23   Thumb Code    30  stm32f4xx_tim.o(.text)
    TIM_SetIC4Prescaler                      0x0800bc41   Thumb Code    26  stm32f4xx_tim.o(.text)
    TIM_SetIC3Prescaler                      0x0800bcab   Thumb Code    18  stm32f4xx_tim.o(.text)
    TIM_SetIC2Prescaler                      0x0800bd05   Thumb Code    26  stm32f4xx_tim.o(.text)
    TIM_SetIC1Prescaler                      0x0800bd79   Thumb Code    18  stm32f4xx_tim.o(.text)
    TIM_ICInit                               0x0800bdc5   Thumb Code   110  stm32f4xx_tim.o(.text)
    TIM_ICStructInit                         0x0800be33   Thumb Code    18  stm32f4xx_tim.o(.text)
    TIM_PWMIConfig                           0x0800be45   Thumb Code   124  stm32f4xx_tim.o(.text)
    TIM_GetCapture1                          0x0800bec1   Thumb Code     6  stm32f4xx_tim.o(.text)
    TIM_GetCapture2                          0x0800bec7   Thumb Code     6  stm32f4xx_tim.o(.text)
    TIM_GetCapture3                          0x0800becd   Thumb Code     6  stm32f4xx_tim.o(.text)
    TIM_GetCapture4                          0x0800bed3   Thumb Code     6  stm32f4xx_tim.o(.text)
    TIM_BDTRConfig                           0x0800bed9   Thumb Code    32  stm32f4xx_tim.o(.text)
    TIM_BDTRStructInit                       0x0800bef9   Thumb Code    18  stm32f4xx_tim.o(.text)
    TIM_CtrlPWMOutputs                       0x0800bf0b   Thumb Code    30  stm32f4xx_tim.o(.text)
    TIM_SelectCOM                            0x0800bf29   Thumb Code    24  stm32f4xx_tim.o(.text)
    TIM_CCPreloadControl                     0x0800bf41   Thumb Code    24  stm32f4xx_tim.o(.text)
    TIM_ITConfig                             0x0800bf59   Thumb Code    18  stm32f4xx_tim.o(.text)
    TIM_GenerateEvent                        0x0800bf6b   Thumb Code     4  stm32f4xx_tim.o(.text)
    TIM_GetFlagStatus                        0x0800bf6f   Thumb Code    18  stm32f4xx_tim.o(.text)
    TIM_ClearFlag                            0x0800bf81   Thumb Code     6  stm32f4xx_tim.o(.text)
    TIM_GetITStatus                          0x0800bf87   Thumb Code    34  stm32f4xx_tim.o(.text)
    TIM_ClearITPendingBit                    0x0800bfa9   Thumb Code     6  stm32f4xx_tim.o(.text)
    TIM_DMAConfig                            0x0800bfaf   Thumb Code    10  stm32f4xx_tim.o(.text)
    TIM_DMACmd                               0x0800bfb9   Thumb Code    18  stm32f4xx_tim.o(.text)
    TIM_SelectCCDMA                          0x0800bfcb   Thumb Code    24  stm32f4xx_tim.o(.text)
    TIM_InternalClockConfig                  0x0800bfe3   Thumb Code    12  stm32f4xx_tim.o(.text)
    TIM_SelectInputTrigger                   0x0800bfef   Thumb Code    18  stm32f4xx_tim.o(.text)
    TIM_ITRxExternalClockConfig              0x0800c001   Thumb Code    24  stm32f4xx_tim.o(.text)
    TIM_TIxExternalClockConfig               0x0800c019   Thumb Code    62  stm32f4xx_tim.o(.text)
    TIM_ETRConfig                            0x0800c057   Thumb Code    28  stm32f4xx_tim.o(.text)
    TIM_ETRClockMode1Config                  0x0800c073   Thumb Code    54  stm32f4xx_tim.o(.text)
    TIM_ETRClockMode2Config                  0x0800c0a9   Thumb Code    32  stm32f4xx_tim.o(.text)
    TIM_SelectOutputTrigger                  0x0800c0c9   Thumb Code    18  stm32f4xx_tim.o(.text)
    TIM_SelectSlaveMode                      0x0800c0db   Thumb Code    18  stm32f4xx_tim.o(.text)
    TIM_SelectMasterSlaveMode                0x0800c0ed   Thumb Code    18  stm32f4xx_tim.o(.text)
    TIM_EncoderInterfaceConfig               0x0800c0ff   Thumb Code    66  stm32f4xx_tim.o(.text)
    TIM_SelectHallSensor                     0x0800c141   Thumb Code    24  stm32f4xx_tim.o(.text)
    TIM_RemapConfig                          0x0800c159   Thumb Code     6  stm32f4xx_tim.o(.text)
    USART_DeInit                             0x0800c161   Thumb Code   156  stm32f4xx_usart.o(.text)
    USART_Init                               0x0800c1fd   Thumb Code   204  stm32f4xx_usart.o(.text)
    USART_StructInit                         0x0800c2c9   Thumb Code    24  stm32f4xx_usart.o(.text)
    USART_ClockInit                          0x0800c2e1   Thumb Code    32  stm32f4xx_usart.o(.text)
    USART_ClockStructInit                    0x0800c301   Thumb Code    12  stm32f4xx_usart.o(.text)
    USART_Cmd                                0x0800c30d   Thumb Code    24  stm32f4xx_usart.o(.text)
    USART_SetPrescaler                       0x0800c325   Thumb Code    16  stm32f4xx_usart.o(.text)
    USART_OverSampling8Cmd                   0x0800c335   Thumb Code    22  stm32f4xx_usart.o(.text)
    USART_OneBitMethodCmd                    0x0800c34b   Thumb Code    24  stm32f4xx_usart.o(.text)
    USART_SendData                           0x0800c363   Thumb Code     8  stm32f4xx_usart.o(.text)
    USART_ReceiveData                        0x0800c36b   Thumb Code    10  stm32f4xx_usart.o(.text)
    USART_SetAddress                         0x0800c375   Thumb Code    18  stm32f4xx_usart.o(.text)
    USART_ReceiverWakeUpCmd                  0x0800c387   Thumb Code    24  stm32f4xx_usart.o(.text)
    USART_WakeUpConfig                       0x0800c39f   Thumb Code    18  stm32f4xx_usart.o(.text)
    USART_LINBreakDetectLengthConfig         0x0800c3b1   Thumb Code    18  stm32f4xx_usart.o(.text)
    USART_LINCmd                             0x0800c3c3   Thumb Code    24  stm32f4xx_usart.o(.text)
    USART_SendBreak                          0x0800c3db   Thumb Code    10  stm32f4xx_usart.o(.text)
    USART_HalfDuplexCmd                      0x0800c3e5   Thumb Code    24  stm32f4xx_usart.o(.text)
    USART_SetGuardTime                       0x0800c3fd   Thumb Code    16  stm32f4xx_usart.o(.text)
    USART_SmartCardCmd                       0x0800c40d   Thumb Code    24  stm32f4xx_usart.o(.text)
    USART_SmartCardNACKCmd                   0x0800c425   Thumb Code    24  stm32f4xx_usart.o(.text)
    USART_IrDAConfig                         0x0800c43d   Thumb Code    18  stm32f4xx_usart.o(.text)
    USART_IrDACmd                            0x0800c44f   Thumb Code    24  stm32f4xx_usart.o(.text)
    USART_DMACmd                             0x0800c467   Thumb Code    18  stm32f4xx_usart.o(.text)
    USART_ITConfig                           0x0800c479   Thumb Code    74  stm32f4xx_usart.o(.text)
    USART_GetFlagStatus                      0x0800c4c3   Thumb Code    26  stm32f4xx_usart.o(.text)
    USART_ClearFlag                          0x0800c4dd   Thumb Code    18  stm32f4xx_usart.o(.text)
    USART_GetITStatus                        0x0800c4ef   Thumb Code   110  stm32f4xx_usart.o(.text)
    USART_ClearITPendingBit                  0x0800c55d   Thumb Code    30  stm32f4xx_usart.o(.text)
    SystemInit                               0x0800c659   Thumb Code    88  system_stm32f4xx.o(.text)
    SystemCoreClockUpdate                    0x0800c6b1   Thumb Code   174  system_stm32f4xx.o(.text)
    Reset_Handler                            0x0800c78d   Thumb Code     8  startup_stm32f4xx.o(.text)
    ADC_IRQHandler                           0x0800c7a7   Thumb Code     0  startup_stm32f4xx.o(.text)
    CAN1_RX1_IRQHandler                      0x0800c7a7   Thumb Code     0  startup_stm32f4xx.o(.text)
    CAN1_SCE_IRQHandler                      0x0800c7a7   Thumb Code     0  startup_stm32f4xx.o(.text)
    CAN1_TX_IRQHandler                       0x0800c7a7   Thumb Code     0  startup_stm32f4xx.o(.text)
    CAN2_RX1_IRQHandler                      0x0800c7a7   Thumb Code     0  startup_stm32f4xx.o(.text)
    CAN2_SCE_IRQHandler                      0x0800c7a7   Thumb Code     0  startup_stm32f4xx.o(.text)
    CAN2_TX_IRQHandler                       0x0800c7a7   Thumb Code     0  startup_stm32f4xx.o(.text)
    CRYP_IRQHandler                          0x0800c7a7   Thumb Code     0  startup_stm32f4xx.o(.text)
    DCMI_IRQHandler                          0x0800c7a7   Thumb Code     0  startup_stm32f4xx.o(.text)
    DMA1_Stream0_IRQHandler                  0x0800c7a7   Thumb Code     0  startup_stm32f4xx.o(.text)
    DMA1_Stream1_IRQHandler                  0x0800c7a7   Thumb Code     0  startup_stm32f4xx.o(.text)
    DMA1_Stream2_IRQHandler                  0x0800c7a7   Thumb Code     0  startup_stm32f4xx.o(.text)
    DMA1_Stream5_IRQHandler                  0x0800c7a7   Thumb Code     0  startup_stm32f4xx.o(.text)
    DMA2_Stream0_IRQHandler                  0x0800c7a7   Thumb Code     0  startup_stm32f4xx.o(.text)
    DMA2_Stream1_IRQHandler                  0x0800c7a7   Thumb Code     0  startup_stm32f4xx.o(.text)
    DMA2_Stream2_IRQHandler                  0x0800c7a7   Thumb Code     0  startup_stm32f4xx.o(.text)
    DMA2_Stream3_IRQHandler                  0x0800c7a7   Thumb Code     0  startup_stm32f4xx.o(.text)
    DMA2_Stream4_IRQHandler                  0x0800c7a7   Thumb Code     0  startup_stm32f4xx.o(.text)
    DMA2_Stream5_IRQHandler                  0x0800c7a7   Thumb Code     0  startup_stm32f4xx.o(.text)
    DMA2_Stream6_IRQHandler                  0x0800c7a7   Thumb Code     0  startup_stm32f4xx.o(.text)
    ETH_IRQHandler                           0x0800c7a7   Thumb Code     0  startup_stm32f4xx.o(.text)
    ETH_WKUP_IRQHandler                      0x0800c7a7   Thumb Code     0  startup_stm32f4xx.o(.text)
    EXTI0_IRQHandler                         0x0800c7a7   Thumb Code     0  startup_stm32f4xx.o(.text)
    EXTI15_10_IRQHandler                     0x0800c7a7   Thumb Code     0  startup_stm32f4xx.o(.text)
    EXTI1_IRQHandler                         0x0800c7a7   Thumb Code     0  startup_stm32f4xx.o(.text)
    EXTI2_IRQHandler                         0x0800c7a7   Thumb Code     0  startup_stm32f4xx.o(.text)
    EXTI3_IRQHandler                         0x0800c7a7   Thumb Code     0  startup_stm32f4xx.o(.text)
    EXTI4_IRQHandler                         0x0800c7a7   Thumb Code     0  startup_stm32f4xx.o(.text)
    EXTI9_5_IRQHandler                       0x0800c7a7   Thumb Code     0  startup_stm32f4xx.o(.text)
    FLASH_IRQHandler                         0x0800c7a7   Thumb Code     0  startup_stm32f4xx.o(.text)
    FPU_IRQHandler                           0x0800c7a7   Thumb Code     0  startup_stm32f4xx.o(.text)
    FSMC_IRQHandler                          0x0800c7a7   Thumb Code     0  startup_stm32f4xx.o(.text)
    HASH_RNG_IRQHandler                      0x0800c7a7   Thumb Code     0  startup_stm32f4xx.o(.text)
    I2C1_ER_IRQHandler                       0x0800c7a7   Thumb Code     0  startup_stm32f4xx.o(.text)
    I2C1_EV_IRQHandler                       0x0800c7a7   Thumb Code     0  startup_stm32f4xx.o(.text)
    I2C2_ER_IRQHandler                       0x0800c7a7   Thumb Code     0  startup_stm32f4xx.o(.text)
    I2C2_EV_IRQHandler                       0x0800c7a7   Thumb Code     0  startup_stm32f4xx.o(.text)
    I2C3_ER_IRQHandler                       0x0800c7a7   Thumb Code     0  startup_stm32f4xx.o(.text)
    I2C3_EV_IRQHandler                       0x0800c7a7   Thumb Code     0  startup_stm32f4xx.o(.text)
    OTG_FS_IRQHandler                        0x0800c7a7   Thumb Code     0  startup_stm32f4xx.o(.text)
    OTG_FS_WKUP_IRQHandler                   0x0800c7a7   Thumb Code     0  startup_stm32f4xx.o(.text)
    OTG_HS_EP1_IN_IRQHandler                 0x0800c7a7   Thumb Code     0  startup_stm32f4xx.o(.text)
    OTG_HS_EP1_OUT_IRQHandler                0x0800c7a7   Thumb Code     0  startup_stm32f4xx.o(.text)
    OTG_HS_IRQHandler                        0x0800c7a7   Thumb Code     0  startup_stm32f4xx.o(.text)
    OTG_HS_WKUP_IRQHandler                   0x0800c7a7   Thumb Code     0  startup_stm32f4xx.o(.text)
    PVD_IRQHandler                           0x0800c7a7   Thumb Code     0  startup_stm32f4xx.o(.text)
    RCC_IRQHandler                           0x0800c7a7   Thumb Code     0  startup_stm32f4xx.o(.text)
    RTC_Alarm_IRQHandler                     0x0800c7a7   Thumb Code     0  startup_stm32f4xx.o(.text)
    RTC_WKUP_IRQHandler                      0x0800c7a7   Thumb Code     0  startup_stm32f4xx.o(.text)
    SDIO_IRQHandler                          0x0800c7a7   Thumb Code     0  startup_stm32f4xx.o(.text)
    SPI1_IRQHandler                          0x0800c7a7   Thumb Code     0  startup_stm32f4xx.o(.text)
    SPI2_IRQHandler                          0x0800c7a7   Thumb Code     0  startup_stm32f4xx.o(.text)
    SPI3_IRQHandler                          0x0800c7a7   Thumb Code     0  startup_stm32f4xx.o(.text)
    TAMP_STAMP_IRQHandler                    0x0800c7a7   Thumb Code     0  startup_stm32f4xx.o(.text)
    TIM1_BRK_TIM9_IRQHandler                 0x0800c7a7   Thumb Code     0  startup_stm32f4xx.o(.text)
    TIM1_CC_IRQHandler                       0x0800c7a7   Thumb Code     0  startup_stm32f4xx.o(.text)
    TIM1_TRG_COM_TIM11_IRQHandler            0x0800c7a7   Thumb Code     0  startup_stm32f4xx.o(.text)
    TIM1_UP_TIM10_IRQHandler                 0x0800c7a7   Thumb Code     0  startup_stm32f4xx.o(.text)
    TIM2_IRQHandler                          0x0800c7a7   Thumb Code     0  startup_stm32f4xx.o(.text)
    TIM4_IRQHandler                          0x0800c7a7   Thumb Code     0  startup_stm32f4xx.o(.text)
    TIM5_IRQHandler                          0x0800c7a7   Thumb Code     0  startup_stm32f4xx.o(.text)
    TIM6_DAC_IRQHandler                      0x0800c7a7   Thumb Code     0  startup_stm32f4xx.o(.text)
    TIM7_IRQHandler                          0x0800c7a7   Thumb Code     0  startup_stm32f4xx.o(.text)
    TIM8_BRK_TIM12_IRQHandler                0x0800c7a7   Thumb Code     0  startup_stm32f4xx.o(.text)
    TIM8_CC_IRQHandler                       0x0800c7a7   Thumb Code     0  startup_stm32f4xx.o(.text)
    TIM8_TRG_COM_TIM14_IRQHandler            0x0800c7a7   Thumb Code     0  startup_stm32f4xx.o(.text)
    TIM8_UP_TIM13_IRQHandler                 0x0800c7a7   Thumb Code     0  startup_stm32f4xx.o(.text)
    USART6_IRQHandler                        0x0800c7a7   Thumb Code     0  startup_stm32f4xx.o(.text)
    WWDG_IRQHandler                          0x0800c7a7   Thumb Code     0  startup_stm32f4xx.o(.text)
    OS_TaskStatStkChk                        0x0800c7b1   Thumb Code    54  os_core.o(.text)
    OS_TaskStat                              0x0800c7e7   Thumb Code   144  os_core.o(.text)
    OS_TaskIdle                              0x0800c8ab   Thumb Code    34  os_core.o(.text)
    OS_MemClr                                0x0800c901   Thumb Code    18  os_core.o(.text)
    OSInit                                   0x0800ca21   Thumb Code    48  os_core.o(.text)
    OSIntEnter                               0x0800ca51   Thumb Code    28  os_core.o(.text)
    OSIntExit                                0x0800ca87   Thumb Code   112  os_core.o(.text)
    OSSchedLock                              0x0800caf7   Thumb Code    50  os_core.o(.text)
    OS_Sched                                 0x0800cb29   Thumb Code    88  os_core.o(.text)
    OSSchedUnlock                            0x0800cb81   Thumb Code   238  os_core.o(.text)
    OSStart                                  0x0800cc6f   Thumb Code    48  os_core.o(.text)
    OSStatInit                               0x0800cc9f   Thumb Code    64  os_core.o(.text)
    OSTimeTick                               0x0800ccdf   Thumb Code   210  os_core.o(.text)
    OSVersion                                0x0800cdb1   Thumb Code     6  os_core.o(.text)
    OS_Dummy                                 0x0800cdb7   Thumb Code     2  os_core.o(.text)
    OS_EventTaskRemove                       0x0800cdb9   Thumb Code    42  os_core.o(.text)
    OS_EventTaskRdy                          0x0800cde3   Thumb Code   114  os_core.o(.text)
    OS_EventTaskWait                         0x0800ce55   Thumb Code   112  os_core.o(.text)
    OS_EventWaitListInit                     0x0800cec5   Thumb Code    28  os_core.o(.text)
    OS_MemCopy                               0x0800cee1   Thumb Code    20  os_core.o(.text)
    OS_StrLen                                0x0800cef5   Thumb Code    20  os_core.o(.text)
    OS_TCBInit                               0x0800cf09   Thumb Code   292  os_core.o(.text)
    OSFlagAccept                             0x0800d071   Thumb Code   252  os_flag.o(.text)
    OSFlagCreate                             0x0800d16d   Thumb Code    86  os_flag.o(.text)
    OS_FlagUnlink                            0x0800d1c3   Thumb Code    36  os_flag.o(.text)
    OSFlagDel                                0x0800d239   Thumb Code   214  os_flag.o(.text)
    OSFlagNameGet                            0x0800d30f   Thumb Code    80  os_flag.o(.text)
    OSFlagNameSet                            0x0800d35f   Thumb Code    66  os_flag.o(.text)
    OSFlagPend                               0x0800d439   Thumb Code   614  os_flag.o(.text)
    OSFlagPendGetFlagsRdy                    0x0800d69f   Thumb Code    26  os_flag.o(.text)
    OSFlagPost                               0x0800d6b9   Thumb Code   312  os_flag.o(.text)
    OSFlagQuery                              0x0800d7f1   Thumb Code    48  os_flag.o(.text)
    OS_FlagInit                              0x0800d821   Thumb Code    78  os_flag.o(.text)
    OSMemCreate                              0x0800d87d   Thumb Code   118  os_mem.o(.text)
    OSMemGet                                 0x0800d8f3   Thumb Code    62  os_mem.o(.text)
    OSMemNameGet                             0x0800d931   Thumb Code    60  os_mem.o(.text)
    OSMemNameSet                             0x0800d96d   Thumb Code    48  os_mem.o(.text)
    OSMemPut                                 0x0800d99d   Thumb Code    54  os_mem.o(.text)
    OSMemQuery                               0x0800d9d3   Thumb Code    52  os_mem.o(.text)
    OS_MemInit                               0x0800da07   Thumb Code    74  os_mem.o(.text)
    OSQAccept                                0x0800da61   Thumb Code    88  os_q.o(.text)
    OSQCreate                                0x0800dab9   Thumb Code   140  os_q.o(.text)
    OSQDel                                   0x0800db45   Thumb Code   236  os_q.o(.text)
    OSQFlush                                 0x0800dc31   Thumb Code    36  os_q.o(.text)
    OSQPend                                  0x0800dc55   Thumb Code   272  os_q.o(.text)
    OSQPendAbort                             0x0800dd65   Thumb Code   128  os_q.o(.text)
    OSQPost                                  0x0800dde5   Thumb Code   114  os_q.o(.text)
    OSQPostFront                             0x0800de57   Thumb Code   136  os_q.o(.text)
    OSQPostOpt                               0x0800dedf   Thumb Code   182  os_q.o(.text)
    OSQQuery                                 0x0800df95   Thumb Code    98  os_q.o(.text)
    OS_QInit                                 0x0800dff7   Thumb Code    72  os_q.o(.text)
    OSSemAccept                              0x0800e049   Thumb Code    42  os_sem.o(.text)
    OSSemCreate                              0x0800e073   Thumb Code    68  os_sem.o(.text)
    OSSemDel                                 0x0800e0b7   Thumb Code   200  os_sem.o(.text)
    OSSemPend                                0x0800e17f   Thumb Code   222  os_sem.o(.text)
    OSSemPendAbort                           0x0800e25d   Thumb Code   128  os_sem.o(.text)
    OSSemPost                                0x0800e2dd   Thumb Code    88  os_sem.o(.text)
    OSSemQuery                               0x0800e335   Thumb Code    76  os_sem.o(.text)
    OSSemSet                                 0x0800e381   Thumb Code    66  os_sem.o(.text)
    OSTaskChangePrio                         0x0800e3d5   Thumb Code   308  os_task.o(.text)
    OSTaskCreate                             0x0800e509   Thumb Code   148  os_task.o(.text)
    OS_TaskStkClr                            0x0800e59d   Thumb Code    26  os_task.o(.text)
    OSTaskCreateExt                          0x0800e5b7   Thumb Code   170  os_task.o(.text)
    OSTaskDel                                0x0800e661   Thumb Code   294  os_task.o(.text)
    OSTaskDelReq                             0x0800e787   Thumb Code   144  os_task.o(.text)
    OSTaskNameGet                            0x0800e817   Thumb Code   114  os_task.o(.text)
    OSTaskNameSet                            0x0800e889   Thumb Code    98  os_task.o(.text)
    OSTaskResume                             0x0800e8eb   Thumb Code   154  os_task.o(.text)
    OSTaskStkChk                             0x0800e985   Thumb Code   128  os_task.o(.text)
    OSTaskSuspend                            0x0800ea05   Thumb Code   152  os_task.o(.text)
    OSTaskQuery                              0x0800ea9d   Thumb Code    82  os_task.o(.text)
    OSTaskRegGet                             0x0800eaef   Thumb Code    60  os_task.o(.text)
    OSTaskRegSet                             0x0800eb2b   Thumb Code    62  os_task.o(.text)
    OS_TaskReturn                            0x0800eb69   Thumb Code    18  os_task.o(.text)
    OSTimeDly                                0x0800eb95   Thumb Code   100  os_time.o(.text)
    OSTimeDlyHMSM                            0x0800ebf9   Thumb Code    84  os_time.o(.text)
    OSTimeDlyResume                          0x0800ec4d   Thumb Code   168  os_time.o(.text)
    OSTimeGet                                0x0800ecf5   Thumb Code    24  os_time.o(.text)
    OSTimeSet                                0x0800ed0d   Thumb Code    24  os_time.o(.text)
    OS_CPU_SR_Save                           0x0800ed41   Thumb Code     0  os_cpu_a.o(.text)
    OS_CPU_SR_Restore                        0x0800ed49   Thumb Code     0  os_cpu_a.o(.text)
    OSStartHighRdy                           0x0800ed4f   Thumb Code     0  os_cpu_a.o(.text)
    OSCtxSw                                  0x0800ed6f   Thumb Code     0  os_cpu_a.o(.text)
    OSIntCtxSw                               0x0800ed79   Thumb Code     0  os_cpu_a.o(.text)
    PendSV_Handler                           0x0800ed83   Thumb Code     0  os_cpu_a.o(.text)
    OSInitHookBegin                          0x0800edf1   Thumb Code     2  os_cpu_c.o(.text)
    OSTaskReturnHook                         0x0800edf3   Thumb Code     2  os_cpu_c.o(.text)
    OSInitHookEnd                            0x0800edf5   Thumb Code     2  os_cpu_c.o(.text)
    OSTaskCreateHook                         0x0800edf7   Thumb Code     2  os_cpu_c.o(.text)
    OSTaskDelHook                            0x0800edf9   Thumb Code     2  os_cpu_c.o(.text)
    OSTaskIdleHook                           0x0800edfb   Thumb Code     2  os_cpu_c.o(.text)
    OSTaskStatHook                           0x0800edfd   Thumb Code     2  os_cpu_c.o(.text)
    OSTaskStkInit                            0x0800edff   Thumb Code   482  os_cpu_c.o(.text)
    OSTaskSwHook                             0x0800efe1   Thumb Code     2  os_cpu_c.o(.text)
    OSTCBInitHook                            0x0800efe3   Thumb Code     2  os_cpu_c.o(.text)
    OSTimeTickHook                           0x0800efe5   Thumb Code     2  os_cpu_c.o(.text)
    SysTick_Handler                          0x0800efe7   Thumb Code    44  os_cpu_c.o(.text)
    OS_CPU_SysTickInit                       0x0800f013   Thumb Code    86  os_cpu_c.o(.text)
    __aeabi_memcpy                           0x0800f079   Thumb Code    36  memcpya.o(.text)
    __aeabi_memcpy4                          0x0800f079   Thumb Code     0  memcpya.o(.text)
    __aeabi_memcpy8                          0x0800f079   Thumb Code     0  memcpya.o(.text)
    __aeabi_memset                           0x0800f09d   Thumb Code    14  memseta.o(.text)
    __aeabi_memset4                          0x0800f09d   Thumb Code     0  memseta.o(.text)
    __aeabi_memset8                          0x0800f09d   Thumb Code     0  memseta.o(.text)
    __aeabi_memclr                           0x0800f0ab   Thumb Code     4  memseta.o(.text)
    __aeabi_memclr4                          0x0800f0ab   Thumb Code     0  memseta.o(.text)
    __aeabi_memclr8                          0x0800f0ab   Thumb Code     0  memseta.o(.text)
    _memset$wrapper                          0x0800f0af   Thumb Code    18  memseta.o(.text)
    strcat                                   0x0800f0c1   Thumb Code    24  strcat.o(.text)
    strcpy                                   0x0800f0d9   Thumb Code    18  strcpy.o(.text)
    __0sscanf                                0x0800f0ed   Thumb Code    48  __0sscanf.o(.text)
    _scanf_int                               0x0800f125   Thumb Code   332  _scanf_int.o(.text)
    __aeabi_dadd                             0x0800f271   Thumb Code   322  dadd.o(.text)
    __aeabi_dsub                             0x0800f3b3   Thumb Code     6  dadd.o(.text)
    __aeabi_drsub                            0x0800f3b9   Thumb Code     6  dadd.o(.text)
    __aeabi_dmul                             0x0800f3bf   Thumb Code   228  dmul.o(.text)
    __aeabi_ddiv                             0x0800f4a3   Thumb Code   222  ddiv.o(.text)
    __aeabi_i2d                              0x0800f581   Thumb Code    34  dflti.o(.text)
    __aeabi_f2d                              0x0800f5a3   Thumb Code    38  f2d.o(.text)
    __aeabi_d2f                              0x0800f5c9   Thumb Code    56  d2f.o(.text)
    __aeabi_uidiv                            0x0800f601   Thumb Code     0  uidiv.o(.text)
    __aeabi_uidivmod                         0x0800f601   Thumb Code    44  uidiv.o(.text)
    __aeabi_llsl                             0x0800f62d   Thumb Code    30  llshl.o(.text)
    _ll_shift_l                              0x0800f62d   Thumb Code     0  llshl.o(.text)
    __aeabi_lasr                             0x0800f64b   Thumb Code    36  llsshr.o(.text)
    _ll_sshift_r                             0x0800f64b   Thumb Code     0  llsshr.o(.text)
    _chval                                   0x0800f66f   Thumb Code    28  _chval.o(.text)
    __vfscanf_char                           0x0800f699   Thumb Code    20  scanf_char.o(.text)
    _sgetc                                   0x0800f6b5   Thumb Code    30  _sgetc.o(.text)
    _sbackspace                              0x0800f6d3   Thumb Code    34  _sgetc.o(.text)
    __I$use$fp                               0x0800f6f5   Thumb Code     0  iusefp.o(.text)
    _float_round                             0x0800f6f5   Thumb Code    18  fepilogue.o(.text)
    _float_epilogue                          0x0800f707   Thumb Code    92  fepilogue.o(.text)
    _double_round                            0x0800f763   Thumb Code    30  depilogue.o(.text)
    _double_epilogue                         0x0800f781   Thumb Code   156  depilogue.o(.text)
    _dsqrt                                   0x0800f81d   Thumb Code   162  dsqrt.o(.text)
    __scatterload                            0x0800f8c1   Thumb Code    28  init.o(.text)
    __scatterload_rt2                        0x0800f8c1   Thumb Code     0  init.o(.text)
    __aeabi_llsr                             0x0800f8e5   Thumb Code    32  llushr.o(.text)
    _ll_ushift_r                             0x0800f8e5   Thumb Code     0  llushr.o(.text)
    isspace                                  0x0800f905   Thumb Code    10  isspace_c.o(.text)
    __vfscanf                                0x0800f911   Thumb Code   808  _scanf.o(.text)
    __aeabi_ui2d                             0x0800fc3d   Thumb Code    26  dfltui.o(.text)
    __aeabi_d2iz                             0x0800fc57   Thumb Code    62  dfixi.o(.text)
    __ctype_lookup                           0x0800fc95   Thumb Code    34  ctype_c.o(.text)
    __decompress                             0x0800fcbd   Thumb Code     0  __dczerorl2.o(.text)
    __decompress1                            0x0800fcbd   Thumb Code    86  __dczerorl2.o(.text)
    __0sprintf$6                             0x0800fd15   Thumb Code    34  printf6.o(i.__0sprintf$6)
    __1sprintf$6                             0x0800fd15   Thumb Code     0  printf6.o(i.__0sprintf$6)
    __2sprintf                               0x0800fd15   Thumb Code     0  printf6.o(i.__0sprintf$6)
    __ARM_fpclassify                         0x0800fd3d   Thumb Code    48  fpclassify.o(i.__ARM_fpclassify)
    __hardfp_acos                            0x0800fd71   Thumb Code   738  acos.o(i.__hardfp_acos)
    __hardfp_atan                            0x080100c9   Thumb Code   622  atan.o(i.__hardfp_atan)
    __hardfp_cos                             0x080103a1   Thumb Code   180  cos.o(i.__hardfp_cos)
    __hardfp_sin                             0x08010469   Thumb Code   180  sin.o(i.__hardfp_sin)
    __hardfp_sqrt                            0x08010531   Thumb Code   122  sqrt.o(i.__hardfp_sqrt)
    __ieee754_rem_pio2                       0x080105b1   Thumb Code   938  rred.o(i.__ieee754_rem_pio2)
    __kernel_cos                             0x080109e9   Thumb Code   322  cos_i.o(i.__kernel_cos)
    __kernel_poly                            0x08010b59   Thumb Code   248  poly.o(i.__kernel_poly)
    __kernel_sin                             0x08010c51   Thumb Code   280  sin_i.o(i.__kernel_sin)
    __mathlib_dbl_infnan                     0x08010d81   Thumb Code    20  dunder.o(i.__mathlib_dbl_infnan)
    __mathlib_dbl_invalid                    0x08010d99   Thumb Code    24  dunder.o(i.__mathlib_dbl_invalid)
    __mathlib_dbl_underflow                  0x08010db9   Thumb Code    24  dunder.o(i.__mathlib_dbl_underflow)
    __scatterload_copy                       0x08010dd9   Thumb Code    14  handlers.o(i.__scatterload_copy)
    __scatterload_null                       0x08010de7   Thumb Code     2  handlers.o(i.__scatterload_null)
    __scatterload_zeroinit                   0x08010de9   Thumb Code    14  handlers.o(i.__scatterload_zeroinit)
    __set_errno                              0x08010df9   Thumb Code     6  errno.o(i.__set_errno)
    fabs                                     0x08011151   Thumb Code    24  fabs.o(i.fabs)
    sqrt                                     0x08011169   Thumb Code   110  sqrt.o(i.sqrt)
    LED_table                                0x080111f7   Data          18  led8.o(.constdata)
    OSUnMapTbl                               0x08011209   Data         256  os_core.o(.constdata)
    __ctype_categories                       0x08011518   Data          64  ctype_c.o(.constdata)
    Region$$Table$$Base                      0x08011558   Number         0  anon$$obj.o(Region$$Table)
    Region$$Table$$Limit                     0x08011578   Number         0  anon$$obj.o(Region$$Table)
    points_run_start                         0x20000000   Data          12  main.o(.data)
    points_bezier_1                          0x2000000c   Data          32  main.o(.data)
    points_bezier_2                          0x2000002c   Data          32  main.o(.data)
    points_bezier_3                          0x2000004c   Data          32  main.o(.data)
    points_bezier_4                          0x2000006c   Data          32  main.o(.data)
    points_bezier_5                          0x2000008c   Data          32  main.o(.data)
    points_bezier_6                          0x200000ac   Data          32  main.o(.data)
    num_temp                                 0x200000cc   Data           1  main.o(.data)
    BEEP_OFF_flag                            0x200000cd   Data           1  main.o(.data)
    lcd                                      0x200000d4   Data           5  param.o(.data)
    camera                                   0x200000d9   Data           2  param.o(.data)
    usart_dma                                0x200000db   Data           5  param.o(.data)
    cpu_sr                                   0x200000e0   Data           4  param.o(.data)
    RUN                                      0x200000e4   Data           4  param.o(.data)
    RDY                                      0x200000e8   Data           4  param.o(.data)
    BALL                                     0x200000ec   Data           4  param.o(.data)
    SHUT                                     0x200000f0   Data           4  param.o(.data)
    FlagCan1Check                            0x200000f4   Data           4  param.o(.data)
    FlagCan2Check                            0x200000f8   Data           4  param.o(.data)
    ErrorRUN                                 0x200000fc   Data           4  param.o(.data)
    ErrorRDY                                 0x20000100   Data           4  param.o(.data)
    ErrorBALL                                0x20000104   Data           4  param.o(.data)
    ErrorSHUT                                0x20000108   Data           4  param.o(.data)
    ErrorCan1                                0x2000010c   Data           4  param.o(.data)
    ErrorCan2                                0x20000110   Data           4  param.o(.data)
    ElmoPulse                                0x20000134   Data           4  can2.o(.data)
    ElmoPulselast                            0x20000138   Data           4  can2.o(.data)
    wheel_angle_now                          0x2000013c   Data           8  can2.o(.data)
    MOFlag                                   0x20000144   Data           4  can2.o(.data)
    USART1_RX_STA                            0x20000148   Data           1  usart1.o(.data)
    USART4_RX_STA                            0x2000014c   Data           1  usart4.o(.data)
    Count_times                              0x20000150   Data           4  usart4.o(.data)
    temp                                     0x20000154   Data           1  usart4.o(.data)
    USART5_RX_STA                            0x20000156   Data           1  usart5.o(.data)
    TR_Data_Updata_Time                      0x20000158   Data           2  usart5.o(.data)
    EkAngle                                  0x2000015c   Data           8  pid.o(.data)
    pid_para_run_point                       0x20000164   Data          12  pid.o(.data)
    pid_para_run_bezier                      0x20000170   Data          12  pid.o(.data)
    pid_para_angle                           0x2000017c   Data          12  pid.o(.data)
    pid_para_lock_point_x                    0x20000188   Data          12  pid.o(.data)
    pid_para_lock_point_x1                   0x20000194   Data          12  pid.o(.data)
    pid_para_lock_point_x2                   0x200001a0   Data          12  pid.o(.data)
    pid_para_lock_point_y                    0x200001ac   Data          12  pid.o(.data)
    pid_para_lock_point_y1                   0x200001b8   Data          12  pid.o(.data)
    pid_para_lock_point_y2                   0x200001c4   Data          12  pid.o(.data)
    bezier_group                             0x200001d0   Data           1  pid.o(.data)
    vec_line                                 0x200001d4   Data           8  pid.o(.data)
    vec_actual                               0x200001dc   Data           8  pid.o(.data)
    vec_error                                0x200001e4   Data           8  pid.o(.data)
    relatspeedturn                           0x200001ec   Data           1  run.o(.data)
    anledd                                   0x200001ed   Data           1  run.o(.data)
    beep_on_num                              0x200001f5   Data           1  beep.o(.data)
    SystemCoreClock                          0x20000208   Data           4  system_stm32f4xx.o(.data)
    AHBPrescTable                            0x2000020c   Data          16  system_stm32f4xx.o(.data)
    OSCtxSwCtr                               0x2000021c   Data           4  os_core.o(.data)
    OSEventFreeList                          0x20000220   Data           4  os_core.o(.data)
    OSFlagFreeList                           0x20000224   Data           4  os_core.o(.data)
    OSCPUUsage                               0x20000228   Data           1  os_core.o(.data)
    OSIdleCtrMax                             0x2000022c   Data           4  os_core.o(.data)
    OSIdleCtrRun                             0x20000230   Data           4  os_core.o(.data)
    OSStatRdy                                0x20000234   Data           1  os_core.o(.data)
    OSIntNesting                             0x20000235   Data           1  os_core.o(.data)
    OSLockNesting                            0x20000236   Data           1  os_core.o(.data)
    OSPrioCur                                0x20000237   Data           1  os_core.o(.data)
    OSPrioHighRdy                            0x20000238   Data           1  os_core.o(.data)
    OSRdyGrp                                 0x20000239   Data           1  os_core.o(.data)
    OSRdyTbl                                 0x2000023a   Data           8  os_core.o(.data)
    OSRunning                                0x20000242   Data           1  os_core.o(.data)
    OSTaskCtr                                0x20000243   Data           1  os_core.o(.data)
    OSIdleCtr                                0x20000244   Data           4  os_core.o(.data)
    OSTCBCur                                 0x20000248   Data           4  os_core.o(.data)
    OSTCBFreeList                            0x2000024c   Data           4  os_core.o(.data)
    OSTCBHighRdy                             0x20000250   Data           4  os_core.o(.data)
    OSTCBList                                0x20000254   Data           4  os_core.o(.data)
    OSTickStepState                          0x20000258   Data           1  os_core.o(.data)
    OSMemFreeList                            0x2000025c   Data           4  os_core.o(.data)
    OSQFreeList                              0x20000260   Data           4  os_core.o(.data)
    OSTime                                   0x20000264   Data           4  os_core.o(.data)
    tick_ms                                  0x20000268   Data           4  os_cpu_c.o(.data)
    start_task_stk                           0x20000270   Data        4096  main.o(.bss)
    run_task_stk                             0x20001270   Data        4096  main.o(.bss)
    led_task_stk                             0x20002270   Data        4096  main.o(.bss)
    mechanism_task_stk                       0x20003270   Data        4096  main.o(.bss)
    dt50_task_stk                            0x20004270   Data        4096  main.o(.bss)
    lcd_task_stk                             0x20005270   Data        4096  main.o(.bss)
    beep_task_stk                            0x20006270   Data        4096  main.o(.bss)
    gyroscope_task_stk                       0x20007270   Data        4096  main.o(.bss)
    points_zero                              0x20008270   Data          12  main.o(.bss)
    user                                     0x2000827c   Data          28  param.o(.bss)
    USART1_DMA_SendBuf                       0x20008298   Data         500  param.o(.bss)
    USART2_DMA_SendBuf                       0x2000848c   Data         500  param.o(.bss)
    USART3_DMA_SendBuf                       0x20008680   Data         500  param.o(.bss)
    UART4_DMA_SendBuf                        0x20008874   Data         500  param.o(.bss)
    UART5_DMA_SendBuf                        0x20008a68   Data         500  param.o(.bss)
    run                                      0x20008c5c   Data          96  param.o(.bss)
    run_time                                 0x20008cbc   Data          44  param.o(.bss)
    debug_posi                               0x20008ce8   Data          60  param.o(.bss)
    gyroscope                                0x20008d24   Data          16  param.o(.bss)
    mechanism                                0x20008d34   Data          10  param.o(.bss)
    motor                                    0x20008d40   Data          12  param.o(.bss)
    chassis                                  0x20008d4c   Data          32  param.o(.bss)
    CAN1_MesgSentList                        0x20008d6c   Data         624  can1.o(.bss)
    WheelSpeedNow                            0x20008fdc   Data          16  can2.o(.bss)
    WheelIQElectricity                       0x20008fec   Data          32  can2.o(.bss)
    WheelIDElectricity                       0x2000900c   Data          32  can2.o(.bss)
    CAN2_MesgSentList                        0x2000902c   Data         832  can2.o(.bss)
    rx_mes                                   0x2000936c   Data          20  can2.o(.bss)
    USART1_RX_BUF                            0x200093b3   Data          32  usart1.o(.bss)
    USART4_RX_BUF                            0x2000947f   Data          32  usart4.o(.bss)
    Camera_Dispose                           0x200094a0   Data          80  usart4.o(.bss)
    aTxBuffer_UART5                          0x200094f0   Data          51  usart5.o(.bss)
    USART5_RX_BUF                            0x20009523   Data          32  usart5.o(.bss)
    Ek                                       0x20009544   Data          12  pid.o(.bss)
    EkX                                      0x20009550   Data          12  pid.o(.bss)
    EkY                                      0x2000955c   Data          12  pid.o(.bss)
    run_pid                                  0x20009568   Data          32  pid.o(.bss)
    lock_point_pid_x                         0x20009588   Data          32  pid.o(.bss)
    lock_point_pid_y                         0x200095a8   Data          32  pid.o(.bss)
    angle_pid                                0x200095c8   Data          32  pid.o(.bss)
    Run                                      0x200095e8   Data          96  run.o(.bss)
    position_now                             0x20009648   Data          12  run.o(.bss)
    position_start                           0x20009654   Data          12  run.o(.bss)
    position_goal                            0x20009660   Data          12  run.o(.bss)
    position_want                            0x2000966c   Data          12  run.o(.bss)
    lock_point                               0x20009678   Data          12  run.o(.bss)
    start_turn_point                         0x20009684   Data          12  run.o(.bss)
    velocity_now                             0x20009690   Data          16  run.o(.bss)
    velocity_start                           0x200096a0   Data          16  run.o(.bss)
    velocity_goal                            0x200096b0   Data          16  run.o(.bss)
    velocity_set                             0x200096c0   Data          16  run.o(.bss)
    velocity_abs                             0x200096d0   Data          16  run.o(.bss)
    Wheel                                    0x200096e0   Data          80  run.o(.bss)
    wheel_angle_set                          0x20009730   Data          16  run.o(.bss)
    BezierData                               0x20009740   Data          64  run.o(.bss)
    bezier_point1                            0x20009780   Data          16  run.o(.bss)
    bezier_point2                            0x20009790   Data          16  run.o(.bss)
    angleLast                                0x200097a0   Data          16  run.o(.bss)
    can1_sendqueue                           0x200097b0   Data         488  queue.o(.bss)
    can2_sendqueue                           0x20009998   Data         488  queue.o(.bss)
    usart1_sendqueue                         0x20009b80   Data         508  queue.o(.bss)
    usart2_sendqueue                         0x20009d7c   Data         508  queue.o(.bss)
    usart3_sendqueue                         0x20009f78   Data         508  queue.o(.bss)
    uart4_sendqueue                          0x2000a174   Data         508  queue.o(.bss)
    uart5_sendqueue                          0x2000a370   Data         508  queue.o(.bss)
    queue_flag                               0x2000a56c   Data          11  queue.o(.bss)
    tx_msg                                   0x2000a578   Data          20  queue.o(.bss)
    OSEventTbl                               0x2000a58c   Data         300  os_core.o(.bss)
    OSFlagTbl                                0x2000a6b8   Data          80  os_core.o(.bss)
    OSTaskStatStk                            0x2000a708   Data         512  os_core.o(.bss)
    OSTaskIdleStk                            0x2000a908   Data         512  os_core.o(.bss)
    OSTCBPrioTbl                             0x2000ab08   Data         256  os_core.o(.bss)
    OSTCBTbl                                 0x2000ac08   Data        5208  os_core.o(.bss)
    OSMemTbl                                 0x2000c060   Data         120  os_core.o(.bss)
    OSQTbl                                   0x2000c0d8   Data          96  os_core.o(.bss)
    __initial_sp                             0x2000c538   Data           0  startup_stm32f4xx.o(STACK)



==============================================================================

Memory Map of the image

  Image Entry point : 0x08000189

  Load Region LR_IROM1 (Base: 0x08000000, Size: 0x000117e8, Max: 0x00100000, ABSOLUTE, COMPRESSED[0x00011674])

    Execution Region ER_IROM1 (Exec base: 0x08000000, Load base: 0x08000000, Size: 0x00011578, Max: 0x00100000, ABSOLUTE)

    Exec Addr    Load Addr    Size         Type   Attr      Idx    E Section Name        Object

    0x08000000   0x08000000   0x00000188   Data   RO         1232    RESET               startup_stm32f4xx.o
    0x08000188   0x08000188   0x00000000   Code   RO         1473  * .ARM.Collect$$$$00000000  mc_w.l(entry.o)
    0x08000188   0x08000188   0x00000004   Code   RO         1801    .ARM.Collect$$$$00000001  mc_w.l(entry2.o)
    0x0800018c   0x0800018c   0x00000004   Code   RO         1804    .ARM.Collect$$$$00000004  mc_w.l(entry5.o)
    0x08000190   0x08000190   0x00000000   Code   RO         1806    .ARM.Collect$$$$00000008  mc_w.l(entry7b.o)
    0x08000190   0x08000190   0x00000000   Code   RO         1808    .ARM.Collect$$$$0000000A  mc_w.l(entry8b.o)
    0x08000190   0x08000190   0x00000008   Code   RO         1809    .ARM.Collect$$$$0000000B  mc_w.l(entry9a.o)
    0x08000198   0x08000198   0x00000000   Code   RO         1811    .ARM.Collect$$$$0000000D  mc_w.l(entry10a.o)
    0x08000198   0x08000198   0x00000000   Code   RO         1813    .ARM.Collect$$$$0000000F  mc_w.l(entry11a.o)
    0x08000198   0x08000198   0x00000004   Code   RO         1802    .ARM.Collect$$$$00002712  mc_w.l(entry2.o)
    0x0800019c   0x0800019c   0x000009f0   Code   RO            4    .text               main.o
    0x08000b8c   0x08000b8c   0x00000190   Code   RO          202    .text               param.o
    0x08000d1c   0x08000d1c   0x0000218c   Code   RO          270    .text               can1.o
    0x08002ea8   0x08002ea8   0x00000af0   Code   RO          343    .text               can2.o
    0x08003998   0x08003998   0x000000fc   Code   RO          380    .text               tim3.o
    0x08003a94   0x08003a94   0x00000224   Code   RO          404    .text               usart1.o
    0x08003cb8   0x08003cb8   0x00000264   Code   RO          432    .text               usart2.o
    0x08003f1c   0x08003f1c   0x00000288   Code   RO          469    .text               usart3.o
    0x080041a4   0x080041a4   0x00000274   Code   RO          496    .text               usart4.o
    0x08004418   0x08004418   0x000002a4   Code   RO          524    .text               usart5.o
    0x080046bc   0x080046bc   0x00000458   Code   RO          570    .text               cancontrolist.o
    0x08004b14   0x08004b14   0x00001248   Code   RO          601    .text               pid.o
    0x08005d5c   0x08005d5c   0x000024a0   Code   RO          632    .text               run.o
    0x080081fc   0x080081fc   0x0000031c   Code   RO          665    .text               queue.o
    0x08008518   0x08008518   0x000013b8   Code   RO          697    .text               motor.o
    0x080098d0   0x080098d0   0x00000044   Code   RO          749    .text               delay.o
    0x08009914   0x08009914   0x00000048   Code   RO          773    .text               led.o
    0x0800995c   0x0800995c   0x00000098   Code   RO          797    .text               led8.o
    0x080099f4   0x080099f4   0x00000030   Code   RO          824    .text               stm32f4xx_it.o
    0x08009a24   0x08009a24   0x000000f8   Code   RO          851    .text               beep.o
    0x08009b1c   0x08009b1c   0x00000344   Code   RO          881    .text               key.o
    0x08009e60   0x08009e60   0x000000e0   Code   RO          996    .text               misc.o
    0x08009f40   0x08009f40   0x000009f0   Code   RO         1020    .text               stm32f4xx_can.o
    0x0800a930   0x0800a930   0x000003a8   Code   RO         1044    .text               stm32f4xx_dma.o
    0x0800acd8   0x0800acd8   0x0000025c   Code   RO         1095    .text               stm32f4xx_gpio.o
    0x0800af34   0x0800af34   0x00000588   Code   RO         1119    .text               stm32f4xx_rcc.o
    0x0800b4bc   0x0800b4bc   0x00000ca2   Code   RO         1145    .text               stm32f4xx_tim.o
    0x0800c15e   0x0800c15e   0x00000002   PAD
    0x0800c160   0x0800c160   0x0000041a   Code   RO         1169    .text               stm32f4xx_usart.o
    0x0800c57a   0x0800c57a   0x00000002   PAD
    0x0800c57c   0x0800c57c   0x00000210   Code   RO         1193    .text               system_stm32f4xx.o
    0x0800c78c   0x0800c78c   0x00000024   Code   RO         1233    .text               startup_stm32f4xx.o
    0x0800c7b0   0x0800c7b0   0x000008c0   Code   RO         1237    .text               os_core.o
    0x0800d070   0x0800d070   0x0000080c   Code   RO         1257    .text               os_flag.o
    0x0800d87c   0x0800d87c   0x000001e4   Code   RO         1281    .text               os_mem.o
    0x0800da60   0x0800da60   0x000005e8   Code   RO         1305    .text               os_q.o
    0x0800e048   0x0800e048   0x0000038c   Code   RO         1317    .text               os_sem.o
    0x0800e3d4   0x0800e3d4   0x000007c0   Code   RO         1329    .text               os_task.o
    0x0800eb94   0x0800eb94   0x000001ac   Code   RO         1341    .text               os_time.o
    0x0800ed40   0x0800ed40   0x000000b0   Code   RO         1359    .text               os_cpu_a.o
    0x0800edf0   0x0800edf0   0x00000288   Code   RO         1365    .text               os_cpu_c.o
    0x0800f078   0x0800f078   0x00000024   Code   RO         1476    .text               mc_w.l(memcpya.o)
    0x0800f09c   0x0800f09c   0x00000024   Code   RO         1478    .text               mc_w.l(memseta.o)
    0x0800f0c0   0x0800f0c0   0x00000018   Code   RO         1480    .text               mc_w.l(strcat.o)
    0x0800f0d8   0x0800f0d8   0x00000012   Code   RO         1482    .text               mc_w.l(strcpy.o)
    0x0800f0ea   0x0800f0ea   0x00000002   PAD
    0x0800f0ec   0x0800f0ec   0x00000038   Code   RO         1747    .text               mc_w.l(__0sscanf.o)
    0x0800f124   0x0800f124   0x0000014c   Code   RO         1749    .text               mc_w.l(_scanf_int.o)
    0x0800f270   0x0800f270   0x0000014e   Code   RO         1751    .text               mf_w.l(dadd.o)
    0x0800f3be   0x0800f3be   0x000000e4   Code   RO         1753    .text               mf_w.l(dmul.o)
    0x0800f4a2   0x0800f4a2   0x000000de   Code   RO         1755    .text               mf_w.l(ddiv.o)
    0x0800f580   0x0800f580   0x00000022   Code   RO         1757    .text               mf_w.l(dflti.o)
    0x0800f5a2   0x0800f5a2   0x00000026   Code   RO         1759    .text               mf_w.l(f2d.o)
    0x0800f5c8   0x0800f5c8   0x00000038   Code   RO         1761    .text               mf_w.l(d2f.o)
    0x0800f600   0x0800f600   0x0000002c   Code   RO         1818    .text               mc_w.l(uidiv.o)
    0x0800f62c   0x0800f62c   0x0000001e   Code   RO         1822    .text               mc_w.l(llshl.o)
    0x0800f64a   0x0800f64a   0x00000024   Code   RO         1824    .text               mc_w.l(llsshr.o)
    0x0800f66e   0x0800f66e   0x0000001c   Code   RO         1833    .text               mc_w.l(_chval.o)
    0x0800f68a   0x0800f68a   0x00000002   PAD
    0x0800f68c   0x0800f68c   0x00000028   Code   RO         1835    .text               mc_w.l(scanf_char.o)
    0x0800f6b4   0x0800f6b4   0x00000040   Code   RO         1837    .text               mc_w.l(_sgetc.o)
    0x0800f6f4   0x0800f6f4   0x00000000   Code   RO         1839    .text               mc_w.l(iusefp.o)
    0x0800f6f4   0x0800f6f4   0x0000006e   Code   RO         1840    .text               mf_w.l(fepilogue.o)
    0x0800f762   0x0800f762   0x000000ba   Code   RO         1842    .text               mf_w.l(depilogue.o)
    0x0800f81c   0x0800f81c   0x000000a2   Code   RO         1846    .text               mf_w.l(dsqrt.o)
    0x0800f8be   0x0800f8be   0x00000002   PAD
    0x0800f8c0   0x0800f8c0   0x00000024   Code   RO         1854    .text               mc_w.l(init.o)
    0x0800f8e4   0x0800f8e4   0x00000020   Code   RO         1857    .text               mc_w.l(llushr.o)
    0x0800f904   0x0800f904   0x0000000a   Code   RO         1859    .text               mc_w.l(isspace_c.o)
    0x0800f90e   0x0800f90e   0x00000002   PAD
    0x0800f910   0x0800f910   0x0000032c   Code   RO         1861    .text               mc_w.l(_scanf.o)
    0x0800fc3c   0x0800fc3c   0x0000001a   Code   RO         1864    .text               mf_w.l(dfltui.o)
    0x0800fc56   0x0800fc56   0x0000003e   Code   RO         1866    .text               mf_w.l(dfixi.o)
    0x0800fc94   0x0800fc94   0x00000028   Code   RO         1868    .text               mc_w.l(ctype_c.o)
    0x0800fcbc   0x0800fcbc   0x00000056   Code   RO         1879    .text               mc_w.l(__dczerorl2.o)
    0x0800fd12   0x0800fd12   0x00000002   PAD
    0x0800fd14   0x0800fd14   0x00000028   Code   RO         1643    i.__0sprintf$6      mc_w.l(printf6.o)
    0x0800fd3c   0x0800fd3c   0x00000030   Code   RO         1786    i.__ARM_fpclassify  m_wm.l(fpclassify.o)
    0x0800fd6c   0x0800fd6c   0x00000004   PAD
    0x0800fd70   0x0800fd70   0x00000358   Code   RO         1409    i.__hardfp_acos     m_wm.l(acos.o)
    0x080100c8   0x080100c8   0x000002d8   Code   RO         1423    i.__hardfp_atan     m_wm.l(atan.o)
    0x080103a0   0x080103a0   0x000000c8   Code   RO         1437    i.__hardfp_cos      m_wm.l(cos.o)
    0x08010468   0x08010468   0x000000c8   Code   RO         1449    i.__hardfp_sin      m_wm.l(sin.o)
    0x08010530   0x08010530   0x0000007a   Code   RO         1461    i.__hardfp_sqrt     m_wm.l(sqrt.o)
    0x080105aa   0x080105aa   0x00000006   PAD
    0x080105b0   0x080105b0   0x00000438   Code   RO         1790    i.__ieee754_rem_pio2  m_wm.l(rred.o)
    0x080109e8   0x080109e8   0x00000170   Code   RO         1763    i.__kernel_cos      m_wm.l(cos_i.o)
    0x08010b58   0x08010b58   0x000000f8   Code   RO         1788    i.__kernel_poly     m_wm.l(poly.o)
    0x08010c50   0x08010c50   0x00000130   Code   RO         1795    i.__kernel_sin      m_wm.l(sin_i.o)
    0x08010d80   0x08010d80   0x00000014   Code   RO         1767    i.__mathlib_dbl_infnan  m_wm.l(dunder.o)
    0x08010d94   0x08010d94   0x00000004   PAD
    0x08010d98   0x08010d98   0x00000020   Code   RO         1769    i.__mathlib_dbl_invalid  m_wm.l(dunder.o)
    0x08010db8   0x08010db8   0x00000020   Code   RO         1772    i.__mathlib_dbl_underflow  m_wm.l(dunder.o)
    0x08010dd8   0x08010dd8   0x0000000e   Code   RO         1873    i.__scatterload_copy  mc_w.l(handlers.o)
    0x08010de6   0x08010de6   0x00000002   Code   RO         1874    i.__scatterload_null  mc_w.l(handlers.o)
    0x08010de8   0x08010de8   0x0000000e   Code   RO         1875    i.__scatterload_zeroinit  mc_w.l(handlers.o)
    0x08010df6   0x08010df6   0x00000002   PAD
    0x08010df8   0x08010df8   0x0000000c   Code   RO         1828    i.__set_errno       mc_w.l(errno.o)
    0x08010e04   0x08010e04   0x000002f0   Code   RO         1648    i._printf_core      mc_w.l(printf6.o)
    0x080110f4   0x080110f4   0x00000024   Code   RO         1649    i._printf_post_padding  mc_w.l(printf6.o)
    0x08011118   0x08011118   0x0000002e   Code   RO         1650    i._printf_pre_padding  mc_w.l(printf6.o)
    0x08011146   0x08011146   0x0000000a   Code   RO         1652    i._sputc            mc_w.l(printf6.o)
    0x08011150   0x08011150   0x00000018   Code   RO         1782    i.fabs              m_wm.l(fabs.o)
    0x08011168   0x08011168   0x0000006e   Code   RO         1463    i.sqrt              m_wm.l(sqrt.o)
    0x080111d6   0x080111d6   0x00000002   PAD
    0x080111d8   0x080111d8   0x0000000f   Data   RO          204    .constdata          param.o
    0x080111e7   0x080111e7   0x00000001   PAD
    0x080111e8   0x080111e8   0x0000000f   Data   RO          345    .constdata          can2.o
    0x080111f7   0x080111f7   0x00000012   Data   RO          798    .constdata          led8.o
    0x08011209   0x08011209   0x00000100   Data   RO         1239    .constdata          os_core.o
    0x08011309   0x08011309   0x00000007   PAD
    0x08011310   0x08011310   0x00000050   Data   RO         1412    .constdata          m_wm.l(acos.o)
    0x08011360   0x08011360   0x00000098   Data   RO         1426    .constdata          m_wm.l(atan.o)
    0x080113f8   0x080113f8   0x00000030   Data   RO         1764    .constdata          m_wm.l(cos_i.o)
    0x08011428   0x08011428   0x000000c8   Data   RO         1792    .constdata          m_wm.l(rred.o)
    0x080114f0   0x080114f0   0x00000028   Data   RO         1796    .constdata          m_wm.l(sin_i.o)
    0x08011518   0x08011518   0x00000040   Data   RO         1869    .constdata          mc_w.l(ctype_c.o)
    0x08011558   0x08011558   0x00000020   Data   RO         1871    Region$$Table       anon$$obj.o


    Execution Region RW_IRAM1 (Exec base: 0x20000000, Load base: 0x08011578, Size: 0x0000c538, Max: 0x00020000, ABSOLUTE, COMPRESSED[0x000000fc])

    Exec Addr    Load Addr    Size         Type   Attr      Idx    E Section Name        Object

    0x20000000   COMPRESSED   0x000000d4   Data   RW            6    .data               main.o
    0x200000d4   COMPRESSED   0x00000040   Data   RW          205    .data               param.o
    0x20000114   COMPRESSED   0x00000008   Data   RW          272    .data               can1.o
    0x2000011c   COMPRESSED   0x0000002c   Data   RW          346    .data               can2.o
    0x20000148   COMPRESSED   0x00000001   Data   RW          406    .data               usart1.o
    0x20000149   COMPRESSED   0x00000001   Data   RW          434    .data               usart2.o
    0x2000014a   COMPRESSED   0x00000001   Data   RW          471    .data               usart3.o
    0x2000014b   COMPRESSED   0x00000001   PAD
    0x2000014c   COMPRESSED   0x00000009   Data   RW          498    .data               usart4.o
    0x20000155   COMPRESSED   0x00000001   PAD
    0x20000156   COMPRESSED   0x00000004   Data   RW          526    .data               usart5.o
    0x2000015a   COMPRESSED   0x00000002   PAD
    0x2000015c   COMPRESSED   0x00000090   Data   RW          603    .data               pid.o
    0x200001ec   COMPRESSED   0x00000009   Data   RW          634    .data               run.o
    0x200001f5   COMPRESSED   0x00000001   Data   RW          852    .data               beep.o
    0x200001f6   COMPRESSED   0x00000010   Data   RW         1120    .data               stm32f4xx_rcc.o
    0x20000206   COMPRESSED   0x00000002   PAD
    0x20000208   COMPRESSED   0x00000014   Data   RW         1194    .data               system_stm32f4xx.o
    0x2000021c   COMPRESSED   0x0000004c   Data   RW         1240    .data               os_core.o
    0x20000268   COMPRESSED   0x00000004   Data   RW         1366    .data               os_cpu_c.o
    0x2000026c   COMPRESSED   0x00000004   Data   RW         1829    .data               mc_w.l(errno.o)
    0x20000270        -       0x0000800c   Zero   RW            5    .bss                main.o
    0x2000827c        -       0x00000af0   Zero   RW          203    .bss                param.o
    0x20008d6c        -       0x00000270   Zero   RW          271    .bss                can1.o
    0x20008fdc        -       0x000003a4   Zero   RW          344    .bss                can2.o
    0x20009380        -       0x00000053   Zero   RW          405    .bss                usart1.o
    0x200093d3        -       0x0000003c   Zero   RW          433    .bss                usart2.o
    0x2000940f        -       0x0000003c   Zero   RW          470    .bss                usart3.o
    0x2000944b   COMPRESSED   0x00000001   PAD
    0x2000944c        -       0x000000a4   Zero   RW          497    .bss                usart4.o
    0x200094f0        -       0x00000053   Zero   RW          525    .bss                usart5.o
    0x20009543   COMPRESSED   0x00000001   PAD
    0x20009544        -       0x000000a4   Zero   RW          602    .bss                pid.o
    0x200095e8        -       0x000001c8   Zero   RW          633    .bss                run.o
    0x200097b0        -       0x00000ddc   Zero   RW          666    .bss                queue.o
    0x2000a58c        -       0x00001bac   Zero   RW         1238    .bss                os_core.o
    0x2000c138        -       0x00000400   Zero   RW         1230    STACK               startup_stm32f4xx.o


==============================================================================

Image component sizes


      Code (inc. data)   RO Data    RW Data    ZI Data      Debug   Object Name

       248          4          0          1          0       1160   beep.o
      8588        150          0          8        624      25412   can1.o
      2800        158         15         44        932       3369   can2.o
      1112         72          0          0          0       2145   cancontrolist.o
        68          0          0          0          0       1014   delay.o
       836         22          0          0          0       1334   key.o
        72          6          0          0          0        532   led.o
       152         10         18          0          0       1261   led8.o
      2544        290          0        212      32780     328571   main.o
       224         20          0          0          0       1949   misc.o
      5048         64          0          0          0       9083   motor.o
      2240        216        256         76       7084      15618   os_core.o
       176         32          0          0          0        304   os_cpu_a.o
       648         16          0          4          0      41957   os_cpu_c.o
      2060         42          0          0          0       7192   os_flag.o
       484         16          0          0          0       3272   os_mem.o
      1512         30          0          0          0       5757   os_q.o
       908         18          0          0          0       4034   os_sem.o
      1984         70          0          0          0       7873   os_task.o
       428         28          0          0          0       1866   os_time.o
       400         76         15         64       2800     225581   param.o
      4680        222          0        144        164       4395   pid.o
       796         74          0          0       3548       3452   queue.o
      9376        550          0          9        456       9999   run.o
        36          8        392          0       1024        836   startup_stm32f4xx.o
      2544         38          0          0          0       8276   stm32f4xx_can.o
       936         32          0          0          0       6525   stm32f4xx_dma.o
       604         36          0          0          0       4253   stm32f4xx_gpio.o
        48          6          0          0          0       1163   stm32f4xx_it.o
      1416         48          0         16          0      11195   stm32f4xx_rcc.o
      3234         60          0          0          0      23148   stm32f4xx_tim.o
      1050         26          0          0          0       7992   stm32f4xx_usart.o
       528         46          0         20          0       1847   system_stm32f4xx.o
       252         34          0          0          0        765   tim3.o
       548         36          0          1         83       1979   usart1.o
       612         44          0          1         60       1713   usart2.o
       648         40          0          1         60       1733   usart3.o
       628         40          0          9        164       2130   usart4.o
       676         46          0          4         83       2348   usart5.o

    ----------------------------------------------------------------------
     61148       2726        736        620      49864     783033   Object Totals
         0          0         32          0          0          0   (incl. Generated)
         4          0          8          6          2          0   (incl. Padding)

    ----------------------------------------------------------------------

      Code (inc. data)   RO Data    RW Data    ZI Data      Debug   Library Member Name

       856        118         80          0          0        288   acos.o
       728        106        152          0          0        228   atan.o
       200         20          0          0          0        164   cos.o
       368         46         48          0          0        200   cos_i.o
        84         16          0          0          0        372   dunder.o
        24          0          0          0          0        124   fabs.o
        48          0          0          0          0        124   fpclassify.o
       248          0          0          0          0        152   poly.o
      1080        142        200          0          0        188   rred.o
       200         20          0          0          0        164   sin.o
       304         24         40          0          0        208   sin_i.o
       232          0          0          0          0        296   sqrt.o
        56          8          0          0          0         84   __0sscanf.o
        86          0          0          0          0          0   __dczerorl2.o
        28          0          0          0          0         68   _chval.o
       812          4          0          0          0        112   _scanf.o
       332          0          0          0          0         96   _scanf_int.o
        64          0          0          0          0         84   _sgetc.o
        40          6         64          0          0         68   ctype_c.o
         0          0          0          0          0          0   entry.o
         0          0          0          0          0          0   entry10a.o
         0          0          0          0          0          0   entry11a.o
         8          4          0          0          0          0   entry2.o
         4          0          0          0          0          0   entry5.o
         0          0          0          0          0          0   entry7b.o
         0          0          0          0          0          0   entry8b.o
         8          4          0          0          0          0   entry9a.o
        12          6          0          4          0         68   errno.o
        30          0          0          0          0          0   handlers.o
        36          8          0          0          0         68   init.o
        10          0          0          0          0         68   isspace_c.o
         0          0          0          0          0          0   iusefp.o
        30          0          0          0          0         68   llshl.o
        36          0          0          0          0         68   llsshr.o
        32          0          0          0          0         68   llushr.o
        36          0          0          0          0         68   memcpya.o
        36          0          0          0          0        108   memseta.o
       884         10          0          0          0        420   printf6.o
        40          8          0          0          0         84   scanf_char.o
        24          0          0          0          0         68   strcat.o
        18          0          0          0          0         68   strcpy.o
        44          0          0          0          0         80   uidiv.o
        56          0          0          0          0         88   d2f.o
       334          0          0          0          0        148   dadd.o
       222          0          0          0          0        100   ddiv.o
       186          0          0          0          0        176   depilogue.o
        62          0          0          0          0         80   dfixi.o
        34          0          0          0          0         76   dflti.o
        26          0          0          0          0         76   dfltui.o
       228          0          0          0          0         96   dmul.o
       162          0          0          0          0        100   dsqrt.o
        38          0          0          0          0         68   f2d.o
       110          0          0          0          0        168   fepilogue.o

    ----------------------------------------------------------------------
      8564        550        584          4          0       5500   Library Totals
        28          0          0          0          0          0   (incl. Padding)

    ----------------------------------------------------------------------

      Code (inc. data)   RO Data    RW Data    ZI Data      Debug   Library Name

      4372        492        520          0          0       2508   m_wm.l
      2706         58         64          4          0       1816   mc_w.l
      1458          0          0          0          0       1176   mf_w.l

    ----------------------------------------------------------------------
      8564        550        584          4          0       5500   Library Totals

    ----------------------------------------------------------------------

==============================================================================


      Code (inc. data)   RO Data    RW Data    ZI Data      Debug   

     69712       3276       1320        624      49864     778205   Grand Totals
     69712       3276       1320        252      49864     778205   ELF Image Totals (compressed)
     69712       3276       1320        252          0          0   ROM Totals

==============================================================================

    Total RO  Size (Code + RO Data)                71032 (  69.37kB)
    Total RW  Size (RW Data + ZI Data)             50488 (  49.30kB)
    Total ROM Size (Code + RO Data + RW Data)      71284 (  69.61kB)

==============================================================================

